
Optional file libmchp_peripheral.a not found

Optional file libmchp_peripheral_32MX795F512L.a not found
Archive member included because of file (symbol)

c:/program files (x86)/microchip/xc32/v1.42/bin/bin/../../lib/gcc/pic32mx/4.8.3/../../../../pic32mx/lib\libpic32.a(memcpy.o)
                              build/default/production/_ext/357001740/queue.o (memcpy)
c:/program files (x86)/microchip/xc32/v1.42/bin/bin/../../lib/gcc/pic32mx/4.8.3/../../../../pic32mx/lib\libpic32.a(memset.o)
                              build/default/production/_ext/357001740/tasks.o (memset)
c:/program files (x86)/microchip/xc32/v1.42/bin/bin/../../lib/gcc/pic32mx/4.8.3/../../../../pic32mx/lib\libpic32.a(default-bootstrap-exception-handler.o)
                              c:/program files (x86)/microchip/xc32/v1.42/bin/bin/../../lib/gcc/pic32mx/4.8.3/../../../../pic32mx/lib/./proc/32MX795F512L/crt0_mips32r2.o (_bootstrap_exception_handler)
c:/program files (x86)/microchip/xc32/v1.42/bin/bin/../../lib/gcc/pic32mx/4.8.3/../../../../pic32mx/lib\libpic32.a(default-on-reset.o)
                              c:/program files (x86)/microchip/xc32/v1.42/bin/bin/../../lib/gcc/pic32mx/4.8.3/../../../../pic32mx/lib/./proc/32MX795F512L/crt0_mips32r2.o (_on_reset)
c:/program files (x86)/microchip/xc32/v1.42/bin/bin/../../lib/gcc/pic32mx/4.8.3/../../../../pic32mx/lib\libpic32.a(default-on-bootstrap.o)
                              c:/program files (x86)/microchip/xc32/v1.42/bin/bin/../../lib/gcc/pic32mx/4.8.3/../../../../pic32mx/lib/./proc/32MX795F512L/crt0_mips32r2.o (_on_bootstrap)
c:/program files (x86)/microchip/xc32/v1.42/bin/bin/../../lib/gcc/pic32mx/4.8.3/../../../../pic32mx/lib\libpic32.a(default-nmi-handler.o)
                              c:/program files (x86)/microchip/xc32/v1.42/bin/bin/../../lib/gcc/pic32mx/4.8.3/../../../../pic32mx/lib/./proc/32MX795F512L/crt0_mips32r2.o (_nmi_handler)
c:/program files (x86)/microchip/xc32/v1.42/bin/bin/../../lib/gcc/pic32mx/4.8.3/../../../../pic32mx/lib\libpic32.a(general-exception.o)
                              c:/program files (x86)/microchip/xc32/v1.42/bin/bin/../../lib/gcc/pic32mx/4.8.3/../../../../pic32mx/lib/./proc/32MX795F512L/crt0_mips32r2.o (_general_exception_context)
c:/program files (x86)/microchip/xc32/v1.42/bin/bin/../../lib/gcc/pic32mx/4.8.3/../../../../pic32mx/lib\libpic32.a(vector0.o)
                              c:/program files (x86)/microchip/xc32/v1.42/bin/bin/../../lib/gcc/pic32mx/4.8.3/../../../../pic32mx/lib/./proc/32MX795F512L\default_isr_vectors.o (__vector_dispatch_0)
c:/program files (x86)/microchip/xc32/v1.42/bin/bin/../../lib/gcc/pic32mx/4.8.3/../../../../pic32mx/lib\libpic32.a(vector2.o)
                              c:/program files (x86)/microchip/xc32/v1.42/bin/bin/../../lib/gcc/pic32mx/4.8.3/../../../../pic32mx/lib/./proc/32MX795F512L\default_isr_vectors.o (__vector_dispatch_2)
c:/program files (x86)/microchip/xc32/v1.42/bin/bin/../../lib/gcc/pic32mx/4.8.3/../../../../pic32mx/lib\libpic32.a(vector3.o)
                              c:/program files (x86)/microchip/xc32/v1.42/bin/bin/../../lib/gcc/pic32mx/4.8.3/../../../../pic32mx/lib/./proc/32MX795F512L\default_isr_vectors.o (__vector_dispatch_3)
c:/program files (x86)/microchip/xc32/v1.42/bin/bin/../../lib/gcc/pic32mx/4.8.3/../../../../pic32mx/lib\libpic32.a(vector5.o)
                              c:/program files (x86)/microchip/xc32/v1.42/bin/bin/../../lib/gcc/pic32mx/4.8.3/../../../../pic32mx/lib/./proc/32MX795F512L\default_isr_vectors.o (__vector_dispatch_5)
c:/program files (x86)/microchip/xc32/v1.42/bin/bin/../../lib/gcc/pic32mx/4.8.3/../../../../pic32mx/lib\libpic32.a(vector6.o)
                              c:/program files (x86)/microchip/xc32/v1.42/bin/bin/../../lib/gcc/pic32mx/4.8.3/../../../../pic32mx/lib/./proc/32MX795F512L\default_isr_vectors.o (__vector_dispatch_6)
c:/program files (x86)/microchip/xc32/v1.42/bin/bin/../../lib/gcc/pic32mx/4.8.3/../../../../pic32mx/lib\libpic32.a(vector7.o)
                              c:/program files (x86)/microchip/xc32/v1.42/bin/bin/../../lib/gcc/pic32mx/4.8.3/../../../../pic32mx/lib/./proc/32MX795F512L\default_isr_vectors.o (__vector_dispatch_7)
c:/program files (x86)/microchip/xc32/v1.42/bin/bin/../../lib/gcc/pic32mx/4.8.3/../../../../pic32mx/lib\libpic32.a(vector8.o)
                              c:/program files (x86)/microchip/xc32/v1.42/bin/bin/../../lib/gcc/pic32mx/4.8.3/../../../../pic32mx/lib/./proc/32MX795F512L\default_isr_vectors.o (__vector_dispatch_8)
c:/program files (x86)/microchip/xc32/v1.42/bin/bin/../../lib/gcc/pic32mx/4.8.3/../../../../pic32mx/lib\libpic32.a(vector9.o)
                              c:/program files (x86)/microchip/xc32/v1.42/bin/bin/../../lib/gcc/pic32mx/4.8.3/../../../../pic32mx/lib/./proc/32MX795F512L\default_isr_vectors.o (__vector_dispatch_9)
c:/program files (x86)/microchip/xc32/v1.42/bin/bin/../../lib/gcc/pic32mx/4.8.3/../../../../pic32mx/lib\libpic32.a(vector10.o)
[...]
Memory Configuration

Name             Origin             Length             Attributes
kseg0_program_mem 0x9d000000         0x00080000         xr
kseg0_boot_mem   0x9fc00490         0x00000970
exception_mem    0x9fc01000         0x00001000
kseg1_boot_mem   0xbfc00000         0x00000490
debug_exec_mem   0xbfc02000         0x00000ff0
config3          0xbfc02ff0         0x00000004
config2          0xbfc02ff4         0x00000004
config1          0xbfc02ff8         0x00000004
config0          0xbfc02ffc         0x00000004
kseg1_data_mem   0xa0000000         0x00020000         w !x
sfrs             0xbf800000         0x00100000
configsfrs       0xbfc02ff0         0x00000010
*default*        0x00000000         0xffffffff

Linker script and memory map

LOAD c:/program files (x86)/microchip/xc32/v1.42/bin/bin/../../lib/gcc/pic32mx/4.8.3/../../../../pic32mx/lib/./proc/32MX795F512L/crt0_mips32r2.o
LOAD c:/program files (x86)/microchip/xc32/v1.42/bin/bin/../../lib/gcc/pic32mx/4.8.3/../../../../pic32mx/lib\debug-exception-return.o
LOAD build/default/production/_ext/341040409/osal_freertos.o
LOAD build/default/production/_ext/23466643/sys_devcon.o
LOAD build/default/production/_ext/23466643/sys_devcon_pic32mx.o
LOAD build/default/production/_ext/1667967065/sys_int_pic32.o
LOAD build/default/production/_ext/357001740/croutine.o
LOAD build/default/production/_ext/357001740/list.o
LOAD build/default/production/_ext/357001740/queue.o
LOAD build/default/production/_ext/357001740/tasks.o
LOAD build/default/production/_ext/357001740/timers.o
LOAD build/default/production/_ext/357001740/event_groups.o
LOAD build/default/production/_ext/1663225769/heap_1.o
LOAD build/default/production/_ext/201381206/port.o
LOAD build/default/production/_ext/201381206/port_asm.o
LOAD build/default/production/_ext/1360937237/mainapp.o
LOAD build/default/production/_ext/1360937237/motor_control.o
LOAD build/default/production/_ext/1360937237/uart_tx.o
LOAD build/default/production/_ext/1360937237/uart_rx.o
LOAD build/default/production/_ext/1361460060/drv_adc_static.o
LOAD build/default/production/_ext/327000265/drv_usart_mapping.o
LOAD build/default/production/_ext/327000265/drv_usart_static.o
LOAD build/default/production/_ext/327000265/drv_usart_static_byte_model.o
LOAD build/default/production/_ext/639803181/sys_clk_static.o
LOAD build/default/production/_ext/822048611/sys_ports_static.o
LOAD build/default/production/_ext/1688732426/system_init.o
LOAD build/default/production/_ext/1688732426/system_interrupt.o
LOAD build/default/production/_ext/1688732426/system_exceptions.o
LOAD build/default/production/_ext/1360937237/main.o
LOAD build/default/production/_ext/1688732426/system_tasks.o
LOAD build/default/production/_ext/1688732426/system_interrupt_a.o
LOAD build/default/production/_ext/1688732426/rtos_hooks.o
LOAD ..\..\..\..\..\microchip\harmony\v1_08_01\bin\framework\peripheral\PIC32MX795F512L_peripherals.a
LOAD ..\..\..\..\..\microchip\harmony\v1_08_01\framework\tcpip\src\crypto\aes_pic32mx.a
                0x00000001                __MPLAB_BUILD = 0x1
                0x00000000                _min_heap_size = 0x0
LOAD c:/program files (x86)/microchip/xc32/v1.42/bin/bin/../../lib/gcc/pic32mx/4.8.3/../../../../pic32mx/lib/./proc/32MX795F512L\default_isr_vectors.o
LOAD c:/program files (x86)/microchip/xc32/v1.42/bin/bin/../../lib/gcc/pic32mx/4.8.3/../../../../pic32mx/lib\pic32_software_reset.o
                0x00000400                PROVIDE (_min_stack_size, 0x400)
LOAD c:/program files (x86)/microchip/xc32/v1.42/bin/bin/../../lib/gcc/pic32mx/4.8.3/../../../../pic32mx/lib/./proc/32MX795F512L\processor.o
START GROUP
LOAD libmchp_peripheral.a
END GROUP
START GROUP
LOAD libmchp_peripheral_32MX795F512L.a
END GROUP
                0x00000001                PROVIDE (_vector_spacing, 0x1)
                0x9fc01000                PROVIDE (_ebase_address, 0x9fc01000)
                0xbfc00000                _RESET_ADDR = 0xbfc00000
                0xbfc00380                _BEV_EXCPT_ADDR = 0xbfc00380
                0xbfc00480                _DBG_EXCPT_ADDR = 0xbfc00480
                0xbfc02000                _DBG_CODE_ADDR = 0xbfc02000
                0x00000ff0                _DBG_CODE_SIZE = 0xff0
                0x9fc01180                _GEN_EXCPT_ADDR = (_ebase_address + 0x180)

.config_BFC02FF0
                0xbfc02ff0        0x4
 *(.config_BFC02FF0)
 .config_BFC02FF0
                0xbfc02ff0        0x4 build/default/production/_ext/1688732426/system_init.o

.config_BFC02FF4
                0xbfc02ff4        0x4
 *(.config_BFC02FF4)
 .config_BFC02FF4
                0xbfc02ff4        0x4 build/default/production/_ext/1688732426/system_init.o

.config_BFC02FF8
                0xbfc02ff8        0x4
 *(.config_BFC02FF8)
 .config_BFC02FF8
                0xbfc02ff8        0x4 build/default/production/_ext/1688732426/system_init.o

.config_BFC02FFC
                0xbfc02ffc        0x4
 *(.config_BFC02FFC)
 .config_BFC02FFC
                0xbfc02ffc        0x4 build/default/production/_ext/1688732426/system_init.o
                0xbfc02000                PROVIDE (_DBG_CODE_ADDR, 0xbfc02000)
                0x00000ff0                PROVIDE (_DBG_CODE_SIZE, 0xff0)

.reset          0xbfc00000      0x208
 *(.reset)
 .reset         0xbfc00000        0x8 c:/program files (x86)/microchip/xc32/v1.42/bin/bin/../../lib/gcc/pic32mx/4.8.3/../../../../pic32mx/lib/./proc/32MX795F512L/crt0_mips32r2.o
                0xbfc00000                _reset
 *(.reset.startup)
 .reset.startup
                0xbfc00008      0x200 c:/program files (x86)/microchip/xc32/v1.42/bin/bin/../../lib/gcc/pic32mx/4.8.3/../../../../pic32mx/lib/./proc/32MX795F512L/crt0_mips32r2.o

.bev_excpt      0xbfc00380       0x10
 *(.bev_handler)
 .bev_handler   0xbfc00380       0x10 c:/program files (x86)/microchip/xc32/v1.42/bin/bin/../../lib/gcc/pic32mx/4.8.3/../../../../pic32mx/lib/./proc/32MX795F512L/crt0_mips32r2.o

.dbg_excpt      0xbfc00480        0x0
                0xbfc00480                . = (. + DEFINED (_DEBUGGER)?0x8:0x0)

.dbg_code       0xbfc02000        0x0
                0xbfc02000                . = (. + DEFINED (_DEBUGGER)?_DBG_CODE_SIZE:0x0)

.app_excpt      0x9fc01180       0x10
 *(.gen_handler)
 .gen_handler   0x9fc01180       0x10 c:/program files (x86)/microchip/xc32/v1.42/bin/bin/../../lib/gcc/pic32mx/4.8.3/../../../../pic32mx/lib/./proc/32MX795F512L/crt0_mips32r2.o

.vector_0       0x9fc01200        0x8
 *(.vector_0)
 .vector_0      0x9fc01200        0x8 c:/program files (x86)/microchip/xc32/v1.42/bin/bin/../../lib/gcc/pic32mx/4.8.3/../../../../pic32mx/lib\libpic32.a(vector0.o)
                0x9fc01200                __vector_dispatch_0
                0x00000001                ASSERT (((_vector_spacing == 0x0) || (SIZEOF (.vector_0) <= (_vector_spacing << 0x5))), function at exception vector 0 too large)

.vector_1       0x9fc01220        0x8
 *(.vector_1)
 .vector_1      0x9fc01220        0x8 build/default/production/_ext/201381206/port.o
                0x9fc01220                __vector_dispatch_1
                0x00000001                ASSERT (((_vector_spacing == 0x0) || (SIZEOF (.vector_1) <= (_vector_spacing << 0x5))), function at exception vector 1 too large)

.vector_2       0x9fc01240        0x8
 *(.vector_2)
 .vector_2      0x9fc01240        0x8 c:/program files (x86)/microchip/xc32/v1.42/bin/bin/../../lib/gcc/pic32mx/4.8.3/../../../../pic32mx/lib\libpic32.a(vector2.o)
                0x9fc01240                __vector_dispatch_2
                0x00000001                ASSERT (((_vector_spacing == 0x0) || (SIZEOF (.vector_2) <= (_vector_spacing << 0x5))), function at exception vector 2 too large)

.vector_3       0x9fc01260        0x8
 *(.vector_3)
 .vector_3      0x9fc01260        0x8 c:/program files (x86)/microchip/xc32/v1.42/bin/bin/../../lib/gcc/pic32mx/4.8.3/../../../../pic32mx/lib\libpic32.a(vector3.o)
                0x9fc01260                __vector_dispatch_3
                0x00000001                ASSERT (((_vector_spacing == 0x0) || (SIZEOF (.vector_3) <= (_vector_spacing << 0x5))), function at exception vector 3 too large)

.vector_4       0x9fc01280        0x8
 *(.vector_4)
 .vector_4      0x9fc01280        0x8 build/default/production/_ext/201381206/port.o
                0x9fc01280                __vector_dispatch_4
                0x00000001                ASSERT (((_vector_spacing == 0x0) || (SIZEOF (.vector_4) <= (_vector_spacing << 0x5))), function at exception vector 4 too large)

.vector_5       0x9fc012a0        0x8
 *(.vector_5)
 .vector_5      0x9fc012a0        0x8 c:/program files (x86)/microchip/xc32/v1.42/bin/bin/../../lib/gcc/pic32mx/4.8.3/../../../../pic32mx/lib\libpic32.a(vector5.o)
                0x9fc012a0                __vector_dispatch_5
                0x00000001                ASSERT (((_vector_spacing == 0x0) || (SIZEOF (.vector_5) <= (_vector_spacing << 0x5))), function at exception vector 5 too large)

.vector_6       0x9fc012c0        0x8
 *(.vector_6)
 .vector_6      0x9fc012c0        0x8 c:/program files (x86)/microchip/xc32/v1.42/bin/bin/../../lib/gcc/pic32mx/4.8.3/../../../../pic32mx/lib\libpic32.a(vector6.o)
                0x9fc012c0                __vector_dispatch_6
                0x00000001                ASSERT (((_vector_spacing == 0x0) || (SIZEOF (.vector_6) <= (_vector_spacing << 0x5))), function at exception vector 6 too large)

.vector_7       0x9fc012e0        0x8
 *(.vector_7)
 .vector_7      0x9fc012e0        0x8 c:/program files (x86)/microchip/xc32/v1.42/bin/bin/../../lib/gcc/pic32mx/4.8.3/../../../../pic32mx/lib\libpic32.a(vector7.o)
                0x9fc012e0                __vector_dispatch_7
                0x00000001                ASSERT (((_vector_spacing == 0x0) || (SIZEOF (.vector_7) <= (_vector_spacing << 0x5))), function at exception vector 7 too large)

.vector_8       0x9fc01300        0x8
 *(.vector_8)
 .vector_8      0x9fc01300        0x8 c:/program files (x86)/microchip/xc32/v1.42/bin/bin/../../lib/gcc/pic32mx/4.8.3/../../../../pic32mx/lib\libpic32.a(vector8.o)
                0x9fc01300                __vector_dispatch_8
                0x00000001                ASSERT (((_vector_spacing == 0x0) || (SIZEOF (.vector_8) <= (_vector_spacing << 0x5))), function at exception vector 8 too large)

.vector_9       0x9fc01320        0x8
 *(.vector_9)
 .vector_9      0x9fc01320        0x8 c:/program files (x86)/microchip/xc32/v1.42/bin/bin/../../lib/gcc/pic32mx/4.8.3/../../../../pic32mx/lib\libpic32.a(vector9.o)
                0x9fc01320                __vector_dispatch_9
                0x00000001                ASSERT (((_vector_spacing == 0x0) || (SIZEOF (.vector_9) <= (_vector_spacing << 0x5))), function at exception vector 9 too large)

.vector_10      0x9fc01340        0x8
 *(.vector_10)
 .vector_10     0x9fc01340        0x8 c:/program files (x86)/microchip/xc32/v1.42/bin/bin/../../lib/gcc/pic32mx/4.8.3/../../../../pic32mx/lib\libpic32.a(vector10.o)
                0x9fc01340                __vector_dispatch_10
                0x00000001                ASSERT (((_vector_spacing == 0x0) || (SIZEOF (.vector_10) <= (_vector_spacing << 0x5))), function at exception vector 10 too large)

.vector_11      0x9fc01360        0x8
 *(.vector_11)
 .vector_11     0x9fc01360        0x8 c:/program files (x86)/microchip/xc32/v1.42/bin/bin/../../lib/gcc/pic32mx/4.8.3/../../../../pic32mx/lib\libpic32.a(vector11.o)
                0x9fc01360                __vector_dispatch_11
                0x00000001                ASSERT (((_vector_spacing == 0x0) || (SIZEOF (.vector_11) <= (_vector_spacing << 0x5))), function at exception vector 11 too large)

.vector_12      0x9fc01380        0x8
 *(.vector_12)
 .vector_12     0x9fc01380        0x8 c:/program files (x86)/microchip/xc32/v1.42/bin/bin/../../lib/gcc/pic32mx/4.8.3/../../../../pic32mx/lib\libpic32.a(vector12.o)
                0x9fc01380                __vector_dispatch_12
                0x00000001                ASSERT (((_vector_spacing == 0x0) || (SIZEOF (.vector_12) <= (_vector_spacing << 0x5))), function at exception vector 12 too large)

.vector_13      0x9fc013a0        0x8
 *(.vector_13)
 .vector_13     0x9fc013a0        0x8 c:/program files (x86)/microchip/xc32/v1.42/bin/bin/../../lib/gcc/pic32mx/4.8.3/../../../../pic32mx/lib\libpic32.a(vector13.o)
                0x9fc013a0                __vector_dispatch_13
                0x00000001                ASSERT (((_vector_spacing == 0x0) || (SIZEOF (.vector_13) <= (_vector_spacing << 0x5))), function at exception vector 13 too large)

.vector_14      0x9fc013c0        0x8
 *(.vector_14)
 .vector_14     0x9fc013c0        0x8 c:/program files (x86)/microchip/xc32/v1.42/bin/bin/../../lib/gcc/pic32mx/4.8.3/../../../../pic32mx/lib\libpic32.a(vector14.o)
                0x9fc013c0                __vector_dispatch_14
                0x00000001                ASSERT (((_vector_spacing == 0x0) || (SIZEOF (.vector_14) <= (_vector_spacing << 0x5))), function at exception vector 14 too large)

.vector_15      0x9fc013e0        0x8
 *(.vector_15)
 .vector_15     0x9fc013e0        0x8 c:/program files (x86)/microchip/xc32/v1.42/bin/bin/../../lib/gcc/pic32mx/4.8.3/../../../../pic32mx/lib\libpic32.a(vector15.o)
                0x9fc013e0                __vector_dispatch_15
                0x00000001                ASSERT (((_vector_spacing == 0x0) || (SIZEOF (.vector_15) <= (_vector_spacing << 0x5))), function at exception vector 15 too large)

.vector_16      0x9fc01400        0x8
 *(.vector_16)
 .vector_16     0x9fc01400        0x8 c:/program files (x86)/microchip/xc32/v1.42/bin/bin/../../lib/gcc/pic32mx/4.8.3/../../../../pic32mx/lib\libpic32.a(vector16.o)
                0x9fc01400                __vector_dispatch_16
                0x00000001                ASSERT (((_vector_spacing == 0x0) || (SIZEOF (.vector_16) <= (_vector_spacing << 0x5))), function at exception vector 16 too large)

.vector_17      0x9fc01420        0x8
 *(.vector_17)
 .vector_17     0x9fc01420        0x8 c:/program files (x86)/microchip/xc32/v1.42/bin/bin/../../lib/gcc/pic32mx/4.8.3/../../../../pic32mx/lib\libpic32.a(vector17.o)
                0x9fc01420                __vector_dispatch_17
                0x00000001                ASSERT (((_vector_spacing == 0x0) || (SIZEOF (.vector_17) <= (_vector_spacing << 0x5))), function at exception vector 17 too large)

.vector_18      0x9fc01440        0x8
 *(.vector_18)
 .vector_18     0x9fc01440        0x8 c:/program files (x86)/microchip/xc32/v1.42/bin/bin/../../lib/gcc/pic32mx/4.8.3/../../../../pic32mx/lib\libpic32.a(vector18.o)
                0x9fc01440                __vector_dispatch_18
                0x00000001                ASSERT (((_vector_spacing == 0x0) || (SIZEOF (.vector_18) <= (_vector_spacing << 0x5))), function at exception vector 18 too large)

.vector_19      0x9fc01460        0x8
 *(.vector_19)
 .vector_19     0x9fc01460        0x8 c:/program files (x86)/microchip/xc32/v1.42/bin/bin/../../lib/gcc/pic32mx/4.8.3/../../../../pic32mx/lib\libpic32.a(vector19.o)
                0x9fc01460                __vector_dispatch_19
                0x00000001                ASSERT (((_vector_spacing == 0x0) || (SIZEOF (.vector_19) <= (_vector_spacing << 0x5))), function at exception vector 19 too large)

.vector_20      0x9fc01480        0x8
 *(.vector_20)
 .vector_20     0x9fc01480        0x8 c:/program files (x86)/microchip/xc32/v1.42/bin/bin/../../lib/gcc/pic32mx/4.8.3/../../../../pic32mx/lib\libpic32.a(vector20.o)
                0x9fc01480                __vector_dispatch_20
                0x00000001                ASSERT (((_vector_spacing == 0x0) || (SIZEOF (.vector_20) <= (_vector_spacing << 0x5))), function at exception vector 20 too large)

.vector_21      0x9fc014a0        0x8
 *(.vector_21)
 .vector_21     0x9fc014a0        0x8 c:/program files (x86)/microchip/xc32/v1.42/bin/bin/../../lib/gcc/pic32mx/4.8.3/../../../../pic32mx/lib\libpic32.a(vector21.o)
                0x9fc014a0                __vector_dispatch_21
                0x00000001                ASSERT (((_vector_spacing == 0x0) || (SIZEOF (.vector_21) <= (_vector_spacing << 0x5))), function at exception vector 21 too large)

.vector_22      0x9fc014c0        0x8
 *(.vector_22)
 .vector_22     0x9fc014c0        0x8 c:/program files (x86)/microchip/xc32/v1.42/bin/bin/../../lib/gcc/pic32mx/4.8.3/../../../../pic32mx/lib\libpic32.a(vector22.o)
                0x9fc014c0                __vector_dispatch_22
                0x00000001                ASSERT (((_vector_spacing == 0x0) || (SIZEOF (.vector_22) <= (_vector_spacing << 0x5))), function at exception vector 22 too large)

.vector_23      0x9fc014e0        0x8
 *(.vector_23)
 .vector_23     0x9fc014e0        0x8 c:/program files (x86)/microchip/xc32/v1.42/bin/bin/../../lib/gcc/pic32mx/4.8.3/../../../../pic32mx/lib\libpic32.a(vector23.o)
                0x9fc014e0                __vector_dispatch_23
                0x00000001                ASSERT (((_vector_spacing == 0x0) || (SIZEOF (.vector_23) <= (_vector_spacing << 0x5))), function at exception vector 23 too large)

.vector_24      0x9fc01500       0x10
 *(.vector_24)
 .vector_24     0x9fc01500       0x10 build/default/production/_ext/1688732426/system_interrupt_a.o
                0x9fc01500                __vector_dispatch_24
                0x00000001                ASSERT (((_vector_spacing == 0x0) || (SIZEOF (.vector_24) <= (_vector_spacing << 0x5))), function at exception vector 24 too large)

.vector_25      0x9fc01520        0x8
 *(.vector_25)
 .vector_25     0x9fc01520        0x8 c:/program files (x86)/microchip/xc32/v1.42/bin/bin/../../lib/gcc/pic32mx/4.8.3/../../../../pic32mx/lib\libpic32.a(vector25.o)
                0x9fc01520                __vector_dispatch_25
                0x00000001                ASSERT (((_vector_spacing == 0x0) || (SIZEOF (.vector_25) <= (_vector_spacing << 0x5))), function at exception vector 25 too large)

.vector_26      0x9fc01540        0x8
 *(.vector_26)
 .vector_26     0x9fc01540        0x8 c:/program files (x86)/microchip/xc32/v1.42/bin/bin/../../lib/gcc/pic32mx/4.8.3/../../../../pic32mx/lib\libpic32.a(vector26.o)
                0x9fc01540                __vector_dispatch_26
                0x00000001                ASSERT (((_vector_spacing == 0x0) || (SIZEOF (.vector_26) <= (_vector_spacing << 0x5))), function at exception vector 26 too large)

.vector_27      0x9fc01560       0x10
 *(.vector_27)
 .vector_27     0x9fc01560       0x10 build/default/production/_ext/1688732426/system_interrupt_a.o
                0x9fc01560                __vector_dispatch_27
                0x00000001                ASSERT (((_vector_spacing == 0x0) || (SIZEOF (.vector_27) <= (_vector_spacing << 0x5))), function at exception vector 27 too large)

.vector_28      0x9fc01580        0x8
 *(.vector_28)
 .vector_28     0x9fc01580        0x8 c:/program files (x86)/microchip/xc32/v1.42/bin/bin/../../lib/gcc/pic32mx/4.8.3/../../../../pic32mx/lib\libpic32.a(vector28.o)
                0x9fc01580                __vector_dispatch_28
                0x00000001                ASSERT (((_vector_spacing == 0x0) || (SIZEOF (.vector_28) <= (_vector_spacing << 0x5))), function at exception vector 28 too large)

.vector_29      0x9fc015a0        0x8
 *(.vector_29)
 .vector_29     0x9fc015a0        0x8 c:/program files (x86)/microchip/xc32/v1.42/bin/bin/../../lib/gcc/pic32mx/4.8.3/../../../../pic32mx/lib\libpic32.a(vector29.o)
                0x9fc015a0                __vector_dispatch_29
                0x00000001                ASSERT (((_vector_spacing == 0x0) || (SIZEOF (.vector_29) <= (_vector_spacing << 0x5))), function at exception vector 29 too large)

.vector_30      0x9fc015c0        0x8
 *(.vector_30)
 .vector_30     0x9fc015c0        0x8 c:/program files (x86)/microchip/xc32/v1.42/bin/bin/../../lib/gcc/pic32mx/4.8.3/../../../../pic32mx/lib\libpic32.a(vector30.o)
                0x9fc015c0                __vector_dispatch_30
                0x00000001                ASSERT (((_vector_spacing == 0x0) || (SIZEOF (.vector_30) <= (_vector_spacing << 0x5))), function at exception vector 30 too large)

.vector_31      0x9fc015e0        0x8
 *(.vector_31)
 .vector_31     0x9fc015e0        0x8 c:/program files (x86)/microchip/xc32/v1.42/bin/bin/../../lib/gcc/pic32mx/4.8.3/../../../../pic32mx/lib\libpic32.a(vector31.o)
                0x9fc015e0                __vector_dispatch_31
                0x00000001                ASSERT (((_vector_spacing == 0x0) || (SIZEOF (.vector_31) <= (_vector_spacing << 0x5))), function at exception vector 31 too large)

.vector_32      0x9fc01600        0x8
 *(.vector_32)
 .vector_32     0x9fc01600        0x8 c:/program files (x86)/microchip/xc32/v1.42/bin/bin/../../lib/gcc/pic32mx/4.8.3/../../../../pic32mx/lib\libpic32.a(vector32.o)
                0x9fc01600                __vector_dispatch_32
                0x00000001                ASSERT (((_vector_spacing == 0x0) || (SIZEOF (.vector_32) <= (_vector_spacing << 0x5))), function at exception vector 32 too large)

.vector_33      0x9fc01620        0x8
 *(.vector_33)
 .vector_33     0x9fc01620        0x8 c:/program files (x86)/microchip/xc32/v1.42/bin/bin/../../lib/gcc/pic32mx/4.8.3/../../../../pic32mx/lib\libpic32.a(vector33.o)
                0x9fc01620                __vector_dispatch_33
                0x00000001                ASSERT (((_vector_spacing == 0x0) || (SIZEOF (.vector_33) <= (_vector_spacing << 0x5))), function at exception vector 33 too large)

.vector_34      0x9fc01640        0x8
 *(.vector_34)
 .vector_34     0x9fc01640        0x8 c:/program files (x86)/microchip/xc32/v1.42/bin/bin/../../lib/gcc/pic32mx/4.8.3/../../../../pic32mx/lib\libpic32.a(vector34.o)
                0x9fc01640                __vector_dispatch_34
                0x00000001                ASSERT (((_vector_spacing == 0x0) || (SIZEOF (.vector_34) <= (_vector_spacing << 0x5))), function at exception vector 34 too large)

.vector_35      0x9fc01660        0x8
 *(.vector_35)
 .vector_35     0x9fc01660        0x8 c:/program files (x86)/microchip/xc32/v1.42/bin/bin/../../lib/gcc/pic32mx/4.8.3/../../../../pic32mx/lib\libpic32.a(vector35.o)
                0x9fc01660                __vector_dispatch_35
                0x00000001                ASSERT (((_vector_spacing == 0x0) || (SIZEOF (.vector_35) <= (_vector_spacing << 0x5))), function at exception vector 35 too large)

.vector_36      0x9fc01680        0x8
 *(.vector_36)
 .vector_36     0x9fc01680        0x8 c:/program files (x86)/microchip/xc32/v1.42/bin/bin/../../lib/gcc/pic32mx/4.8.3/../../../../pic32mx/lib\libpic32.a(vector36.o)
                0x9fc01680                __vector_dispatch_36
                0x00000001                ASSERT (((_vector_spacing == 0x0) || (SIZEOF (.vector_36) <= (_vector_spacing << 0x5))), function at exception vector 36 too large)

.vector_37      0x9fc016a0        0x8
 *(.vector_37)
 .vector_37     0x9fc016a0        0x8 c:/program files (x86)/microchip/xc32/v1.42/bin/bin/../../lib/gcc/pic32mx/4.8.3/../../../../pic32mx/lib\libpic32.a(vector37.o)
                0x9fc016a0                __vector_dispatch_37
                0x00000001                ASSERT (((_vector_spacing == 0x0) || (SIZEOF (.vector_37) <= (_vector_spacing << 0x5))), function at exception vector 37 too large)

.vector_38      0x9fc016c0        0x8
 *(.vector_38)
 .vector_38     0x9fc016c0        0x8 c:/program files (x86)/microchip/xc32/v1.42/bin/bin/../../lib/gcc/pic32mx/4.8.3/../../../../pic32mx/lib\libpic32.a(vector38.o)
                0x9fc016c0                __vector_dispatch_38
                0x00000001                ASSERT (((_vector_spacing == 0x0) || (SIZEOF (.vector_38) <= (_vector_spacing << 0x5))), function at exception vector 38 too large)

.vector_39      0x9fc016e0        0x8
 *(.vector_39)
 .vector_39     0x9fc016e0        0x8 c:/program files (x86)/microchip/xc32/v1.42/bin/bin/../../lib/gcc/pic32mx/4.8.3/../../../../pic32mx/lib\libpic32.a(vector39.o)
                0x9fc016e0                __vector_dispatch_39
                0x00000001                ASSERT (((_vector_spacing == 0x0) || (SIZEOF (.vector_39) <= (_vector_spacing << 0x5))), function at exception vector 39 too large)

.vector_40      0x9fc01700        0x8
 *(.vector_40)
 .vector_40     0x9fc01700        0x8 c:/program files (x86)/microchip/xc32/v1.42/bin/bin/../../lib/gcc/pic32mx/4.8.3/../../../../pic32mx/lib\libpic32.a(vector40.o)
                0x9fc01700                __vector_dispatch_40
                0x00000001                ASSERT (((_vector_spacing == 0x0) || (SIZEOF (.vector_40) <= (_vector_spacing << 0x5))), function at exception vector 40 too large)

.vector_41      0x9fc01720        0x8
 *(.vector_41)
 .vector_41     0x9fc01720        0x8 c:/program files (x86)/microchip/xc32/v1.42/bin/bin/../../lib/gcc/pic32mx/4.8.3/../../../../pic32mx/lib\libpic32.a(vector41.o)
                0x9fc01720                __vector_dispatch_41
                0x00000001                ASSERT (((_vector_spacing == 0x0) || (SIZEOF (.vector_41) <= (_vector_spacing << 0x5))), function at exception vector 41 too large)

.vector_42      0x9fc01740        0x8
 *(.vector_42)
 .vector_42     0x9fc01740        0x8 c:/program files (x86)/microchip/xc32/v1.42/bin/bin/../../lib/gcc/pic32mx/4.8.3/../../../../pic32mx/lib\libpic32.a(vector42.o)
                0x9fc01740                __vector_dispatch_42
                0x00000001                ASSERT (((_vector_spacing == 0x0) || (SIZEOF (.vector_42) <= (_vector_spacing << 0x5))), function at exception vector 42 too large)

.vector_43      0x9fc01760        0x8
 *(.vector_43)
 .vector_43     0x9fc01760        0x8 c:/program files (x86)/microchip/xc32/v1.42/bin/bin/../../lib/gcc/pic32mx/4.8.3/../../../../pic32mx/lib\libpic32.a(vector43.o)
                0x9fc01760                __vector_dispatch_43
                0x00000001                ASSERT (((_vector_spacing == 0x0) || (SIZEOF (.vector_43) <= (_vector_spacing << 0x5))), function at exception vector 43 too large)

.vector_44      0x9fc01780        0x8
 *(.vector_44)
 .vector_44     0x9fc01780        0x8 c:/program files (x86)/microchip/xc32/v1.42/bin/bin/../../lib/gcc/pic32mx/4.8.3/../../../../pic32mx/lib\libpic32.a(vector44.o)
                0x9fc01780                __vector_dispatch_44
                0x00000001                ASSERT (((_vector_spacing == 0x0) || (SIZEOF (.vector_44) <= (_vector_spacing << 0x5))), function at exception vector 44 too large)

.vector_45      0x9fc017a0        0x8
 *(.vector_45)
 .vector_45     0x9fc017a0        0x8 c:/program files (x86)/microchip/xc32/v1.42/bin/bin/../../lib/gcc/pic32mx/4.8.3/../../../../pic32mx/lib\libpic32.a(vector45.o)
                0x9fc017a0                __vector_dispatch_45
                0x00000001                ASSERT (((_vector_spacing == 0x0) || (SIZEOF (.vector_45) <= (_vector_spacing << 0x5))), function at exception vector 45 too large)

.vector_46      0x9fc017c0        0x8
 *(.vector_46)
 .vector_46     0x9fc017c0        0x8 c:/program files (x86)/microchip/xc32/v1.42/bin/bin/../../lib/gcc/pic32mx/4.8.3/../../../../pic32mx/lib\libpic32.a(vector46.o)
                0x9fc017c0                __vector_dispatch_46
                0x00000001                ASSERT (((_vector_spacing == 0x0) || (SIZEOF (.vector_46) <= (_vector_spacing << 0x5))), function at exception vector 46 too large)

.vector_47      0x9fc017e0        0x8
 *(.vector_47)
 .vector_47     0x9fc017e0        0x8 c:/program files (x86)/microchip/xc32/v1.42/bin/bin/../../lib/gcc/pic32mx/4.8.3/../../../../pic32mx/lib\libpic32.a(vector47.o)
                0x9fc017e0                __vector_dispatch_47
                0x00000001                ASSERT (((_vector_spacing == 0x0) || (SIZEOF (.vector_47) <= (_vector_spacing << 0x5))), function at exception vector 47 too large)

.vector_48      0x9fc01800        0x8
 *(.vector_48)
 .vector_48     0x9fc01800        0x8 c:/program files (x86)/microchip/xc32/v1.42/bin/bin/../../lib/gcc/pic32mx/4.8.3/../../../../pic32mx/lib\libpic32.a(vector48.o)
                0x9fc01800                __vector_dispatch_48
                0x00000001                ASSERT (((_vector_spacing == 0x0) || (SIZEOF (.vector_48) <= (_vector_spacing << 0x5))), function at exception vector 48 too large)

.vector_49      0x9fc01820        0x8
 *(.vector_49)
 .vector_49     0x9fc01820        0x8 c:/program files (x86)/microchip/xc32/v1.42/bin/bin/../../lib/gcc/pic32mx/4.8.3/../../../../pic32mx/lib\libpic32.a(vector49.o)
                0x9fc01820                __vector_dispatch_49
                0x00000001                ASSERT (((_vector_spacing == 0x0) || (SIZEOF (.vector_49) <= (_vector_spacing << 0x5))), function at exception vector 49 too large)

.vector_50      0x9fc01840        0x8
 *(.vector_50)
 .vector_50     0x9fc01840        0x8 c:/program files (x86)/microchip/xc32/v1.42/bin/bin/../../lib/gcc/pic32mx/4.8.3/../../../../pic32mx/lib\libpic32.a(vector50.o)
                0x9fc01840                __vector_dispatch_50
                0x00000001                ASSERT (((_vector_spacing == 0x0) || (SIZEOF (.vector_50) <= (_vector_spacing << 0x5))), function at exception vector 50 too large)

.vector_51      0x9fc01860        0x8
 *(.vector_51)
 .vector_51     0x9fc01860        0x8 c:/program files (x86)/microchip/xc32/v1.42/bin/bin/../../lib/gcc/pic32mx/4.8.3/../../../../pic32mx/lib\libpic32.a(vector51.o)
                0x9fc01860                __vector_dispatch_51
                0x00000001                ASSERT (((_vector_spacing == 0x0) || (SIZEOF (.vector_51) <= (_vector_spacing << 0x5))), function at exception vector 51 too large)

.vector_52      0x9fc01880        0x0
 *(.vector_52)
                0x00000001                ASSERT (((_vector_spacing == 0x0) || (SIZEOF (.vector_52) <= (_vector_spacing << 0x5))), function at exception vector 52 too large)

.vector_53      0x9fc018a0        0x0
 *(.vector_53)
                0x00000001                ASSERT (((_vector_spacing == 0x0) || (SIZEOF (.vector_53) <= (_vector_spacing << 0x5))), function at exception vector 53 too large)

.vector_54      0x9fc018c0        0x0
 *(.vector_54)
                0x00000001                ASSERT (((_vector_spacing == 0x0) || (SIZEOF (.vector_54) <= (_vector_spacing << 0x5))), function at exception vector 54 too large)

.vector_55      0x9fc018e0        0x0
 *(.vector_55)
                0x00000001                ASSERT (((_vector_spacing == 0x0) || (SIZEOF (.vector_55) <= (_vector_spacing << 0x5))), function at exception vector 55 too large)

.vector_56      0x9fc01900        0x0
 *(.vector_56)
                0x00000001                ASSERT (((_vector_spacing == 0x0) || (SIZEOF (.vector_56) <= (_vector_spacing << 0x5))), function at exception vector 56 too large)

.vector_57      0x9fc01920        0x0
 *(.vector_57)
                0x00000001                ASSERT (((_vector_spacing == 0x0) || (SIZEOF (.vector_57) <= (_vector_spacing << 0x5))), function at exception vector 57 too large)

.vector_58      0x9fc01940        0x0
 *(.vector_58)
                0x00000001                ASSERT (((_vector_spacing == 0x0) || (SIZEOF (.vector_58) <= (_vector_spacing << 0x5))), function at exception vector 58 too large)

.vector_59      0x9fc01960        0x0
 *(.vector_59)
                0x00000001                ASSERT (((_vector_spacing == 0x0) || (SIZEOF (.vector_59) <= (_vector_spacing << 0x5))), function at exception vector 59 too large)

.vector_60      0x9fc01980        0x0
 *(.vector_60)
                0x00000001                ASSERT (((_vector_spacing == 0x0) || (SIZEOF (.vector_60) <= (_vector_spacing << 0x5))), function at exception vector 60 too large)

.vector_61      0x9fc019a0        0x0
 *(.vector_61)
                0x00000001                ASSERT (((_vector_spacing == 0x0) || (SIZEOF (.vector_61) <= (_vector_spacing << 0x5))), function at exception vector 61 too large)

.vector_62      0x9fc019c0        0x0
 *(.vector_62)
                0x00000001                ASSERT (((_vector_spacing == 0x0) || (SIZEOF (.vector_62) <= (_vector_spacing << 0x5))), function at exception vector 62 too large)

.vector_63      0x9fc019e0        0x0
 *(.vector_63)
                0x00000001                ASSERT (((_vector_spacing == 0x0) || (SIZEOF (.vector_63) <= (_vector_spacing << 0x5))), function at exception vector 63 too large)

.startup
 *(.startup)

.text           0x9d000000        0x0
 *(.stub .gnu.linkonce.t.*)
 *(.text.*personality*)
 *(.mips16.fn.*)
 *(.mips16.call.*)
 *(.gnu.warning)
                0x9d000000                . = ALIGN (0x4)

.init           0x9d000000        0x0
 *crti.o(.init)
 *crtbegin.o(.init)
 *(EXCLUDE_FILE(*crtn.o *crtend?.o *crtend.o) .init)
 *crtend.o(.init)
 *crtn.o(.init)
                0x9d000000                . = ALIGN (0x4)

.fini           0x9d000000        0x0
 *(.fini)
                0x9d000000                . = ALIGN (0x4)

.preinit_array  0x9d000000        0x0
                0x9d000000                PROVIDE (__preinit_array_start, .)
 *(.preinit_array)
                0x9d000000                PROVIDE (__preinit_array_end, .)
                0x9d000000                . = ALIGN (0x4)

.init_array     0x9d000000        0x0
                0x9d000000                PROVIDE (__init_array_start, .)
 *(SORT(.init_array.*))
 *(.init_array)
                0x9d000000                PROVIDE (__init_array_end, .)
                0x9d000000                . = ALIGN (0x4)

.fini_array     0x9d000000        0x0
                0x9d000000                PROVIDE (__fini_array_start, .)
 *(SORT(.fini_array.*))
 *(.fini_array)
                0x9d000000                PROVIDE (__fini_array_end, .)
                0x9d000000                . = ALIGN (0x4)

.ctors          0x9d000000        0x0
 *crtbegin.o(.ctors)
 *crtbegin?.o(.ctors)
 *(EXCLUDE_FILE(*crtend?.o *crtend.o) .ctors)
 *(SORT(.ctors.*))
 *(.ctors)
                0x9d000000                . = ALIGN (0x4)

.dtors          0x9d000000        0x0
 *crtbegin.o(.dtors)
 *crtbegin?.o(.dtors)
 *(EXCLUDE_FILE(*crtend?.o *crtend.o) .dtors)
 *(SORT(.dtors.*))
 *(.dtors)
                0x9d000000                . = ALIGN (0x4)

.rodata         0x9d000000        0x0
 *(.gnu.linkonce.r.*)
 *(.rodata1)
                0x9d000000                . = ALIGN (0x4)

.sdata2         0x9fc00490        0x0
 *(.sdata2 .sdata2.* .gnu.linkonce.s2.*)
                0x9fc00490                . = ALIGN (0x4)

.sbss2          0x9fc00490        0x0
 *(.sbss2 .sbss2.* .gnu.linkonce.sb2.*)
                0x9fc00490                . = ALIGN (0x4)

.eh_frame_hdr
 *(.eh_frame_hdr)
                0x9fc00490                . = ALIGN (0x4)

.eh_frame
 *(.eh_frame)
                0x9fc00490                . = ALIGN (0x4)

.gcc_except_table
 *(.gcc_except_table .gcc_except_table.*)
                0x9fc00490                . = ALIGN (0x4)

.dbg_data       0xa0000000        0x0
                0xa0000000                . = (. + DEFINED (_DEBUGGER)?0x200:0x0)

.jcr            0xa0000000        0x0
 *(.jcr)
                0xa0000000                . = ALIGN (0x4)

.eh_frame
 *(.eh_frame)
                0xa0000000                . = ALIGN (0x4)

.gcc_except_table
 *(.gcc_except_table .gcc_except_table.*)
                0xa0000000                . = ALIGN (0x4)

.persist        0xa0000000        0x0
                0xa0000000                _persist_begin = .
 *(.persist .persist.*)
 *(.pbss .pbss.*)
                0xa0000000                . = ALIGN (0x4)
                0xa0000000                _persist_end = .

.data           0xa0000000        0x0
 *(.gnu.linkonce.d.*)
 *(.data1)
                0xa0000000                . = ALIGN (0x4)
                0xa0000000                . = .
                0xa0007ff0                _gp = (ALIGN (0x10) + 0x7ff0)

.got            0xa0000000        0x0
 *(.got.plt)
 *(.got)
                0xa0000000                . = ALIGN (0x4)

.sdata          0xa0000000        0x4
                0xa0000000                _sdata_begin = .
 *(.sdata .sdata.* .gnu.linkonce.s.*)
 .sdata         0xa0000000        0x4 build/default/production/_ext/201381206/port.o
                0xa0000000                uxInterruptNesting
                0xa0000004                . = ALIGN (0x4)
                0xa0000004                _sdata_end = .

.lit8
 *(.lit8)

.lit4
 *(.lit4)
                0xa0000004                . = ALIGN (0x4)
                0xa0000004                _data_end = .
                0xa0000004                _bss_begin = .

.sbss           0xa0000004       0x80
                0xa0000004                _sbss_begin = .
 *(.dynsbss)
 *(.sbss .sbss.* .gnu.linkonce.sb.*)
 .sbss          0xa0000004       0x38 build/default/production/_ext/357001740/tasks.o
                0xa0000038                pxCurrentTCB
 .sbss          0xa000003c        0x8 build/default/production/_ext/1663225769/heap_1.o
 .sbss          0xa0000044        0x4 build/default/production/_ext/201381206/port.o
                0xa0000044                uxSavedTaskStackPointer
 .sbss          0xa0000048        0xc build/default/production/_ext/1688732426/system_exceptions.o
 *(.scommon)
 .scommon       0xa0000054        0x8 build/default/production/_ext/23466643/sys_devcon.o
                0xa0000054                sysDevconObj
 .scommon       0xa000005c        0x4 build/default/production/_ext/1360937237/mainapp.o
                0xa000005c                mainappData
 .scommon       0xa0000060        0x4 build/default/production/_ext/1360937237/motor_control.o
                0xa0000060                motor_controlData
 .scommon       0xa0000064        0x8 build/default/production/_ext/1360937237/uart_tx.o
                0xa0000064                uart_txData
 .scommon       0xa000006c        0x8 build/default/production/_ext/1360937237/uart_rx.o
                0xa000006c                uart_rxData
 .scommon       0xa0000074        0x4 build/default/production/_ext/327000265/drv_usart_static.o
                0xa0000074                gDrvUSART0Obj
 .scommon       0xa0000078        0x8 build/default/production/_ext/1688732426/system_init.o
                0xa0000078                sysObj
 .scommon       0xa0000080        0x4 build/default/production/_ext/1688732426/system_interrupt.o
                0xa0000080                bufferQueue
                0xa0000084                _sbss_end = .
                0xa0000084                . = ALIGN (0x4)

.bss            0xa0000084        0x0
 *(.dynbss)
 *(COMMON)
                0xa0000084                . = ALIGN ((. != 0x0)?0x4:0x1)
                0xa0000084                . = ALIGN (0x4)
                0xa0000084                _end = .
                0xa0000084                _bss_end = .
                0x00020000                _bmxdudba_address = 0x20000
                0x00020000                _bmxdupba_address = 0x20000

/DISCARD/
 *(.pdr)
 *(.rel.dyn)
 *(.note.GNU-stack)
 *(.note.GNU-stack)
 *(.gnu_debuglink)
 *(.gnu.lto_*)
 *(.discard)

.gptab.sdata
 *(.gptab.data)
 *(.gptab.sdata)

.gptab.sbss
 *(.gptab.bss)
 *(.gptab.sbss)

.mdebug.abi32   0xa0000084        0x0
 *(.mdebug.abi32)
 .mdebug.abi32  0xa0000084        0x0 build/default/production/_ext/341040409/osal_freertos.o
 .mdebug.abi32  0xa0000084        0x0 build/default/production/_ext/23466643/sys_devcon.o
 .mdebug.abi32  0xa0000084        0x0 build/default/production/_ext/23466643/sys_devcon_pic32mx.o
 .mdebug.abi32  0xa0000084        0x0 build/default/production/_ext/1667967065/sys_int_pic32.o
 .mdebug.abi32  0xa0000084        0x0 build/default/production/_ext/357001740/croutine.o
 .mdebug.abi32  0xa0000084        0x0 build/default/production/_ext/357001740/list.o
 .mdebug.abi32  0xa0000084        0x0 build/default/production/_ext/357001740/queue.o
 .mdebug.abi32  0xa0000084        0x0 build/default/production/_ext/357001740/tasks.o
 .mdebug.abi32  0xa0000084        0x0 build/default/production/_ext/357001740/timers.o
 .mdebug.abi32  0xa0000084        0x0 build/default/production/_ext/357001740/event_groups.o
 .mdebug.abi32  0xa0000084        0x0 build/default/production/_ext/1663225769/heap_1.o
 .mdebug.abi32  0xa0000084        0x0 build/default/production/_ext/201381206/port.o
 .mdebug.abi32  0xa0000084        0x0 build/default/production/_ext/1360937237/mainapp.o
 .mdebug.abi32  0xa0000084        0x0 build/default/production/_ext/1360937237/motor_control.o
 .mdebug.abi32  0xa0000084        0x0 build/default/production/_ext/1360937237/uart_tx.o
 .mdebug.abi32  0xa0000084        0x0 build/default/production/_ext/1360937237/uart_rx.o
 .mdebug.abi32  0xa0000084        0x0 build/default/production/_ext/1361460060/drv_adc_static.o
 .mdebug.abi32  0xa0000084        0x0 build/default/production/_ext/327000265/drv_usart_mapping.o
 .mdebug.abi32  0xa0000084        0x0 build/default/production/_ext/327000265/drv_usart_static.o
 .mdebug.abi32  0xa0000084        0x0 build/default/production/_ext/327000265/drv_usart_static_byte_model.o
 .mdebug.abi32  0xa0000084        0x0 build/default/production/_ext/639803181/sys_clk_static.o
 .mdebug.abi32  0xa0000084        0x0 build/default/production/_ext/822048611/sys_ports_static.o
 .mdebug.abi32  0xa0000084        0x0 build/default/production/_ext/1688732426/system_init.o
 .mdebug.abi32  0xa0000084        0x0 build/default/production/_ext/1688732426/system_interrupt.o
 .mdebug.abi32  0xa0000084        0x0 build/default/production/_ext/1688732426/system_exceptions.o
 .mdebug.abi32  0xa0000084        0x0 build/default/production/_ext/1360937237/main.o
 .mdebug.abi32  0xa0000084        0x0 build/default/production/_ext/1688732426/system_tasks.o
 .mdebug.abi32  0xa0000084        0x0 build/default/production/_ext/1688732426/rtos_hooks.o
 .mdebug.abi32  0xa0000084        0x0 c:/program files (x86)/microchip/xc32/v1.42/bin/bin/../../lib/gcc/pic32mx/4.8.3/../../../../pic32mx/lib\libpic32.a(default-bootstrap-exception-handler.o)
 .mdebug.abi32  0xa0000084        0x0 c:/program files (x86)/microchip/xc32/v1.42/bin/bin/../../lib/gcc/pic32mx/4.8.3/../../../../pic32mx/lib\libpic32.a(default-on-reset.o)
 .mdebug.abi32  0xa0000084        0x0 c:/program files (x86)/microchip/xc32/v1.42/bin/bin/../../lib/gcc/pic32mx/4.8.3/../../../../pic32mx/lib\libpic32.a(default-on-bootstrap.o)
 .mdebug.abi32  0xa0000084        0x0 c:/program files (x86)/microchip/xc32/v1.42/bin/bin/../../lib/gcc/pic32mx/4.8.3/../../../../pic32mx/lib\libpic32.a(defaultinterrupt.o)

.mdebug.abiN32
 *(.mdebug.abiN32)

.mdebug.abi64
 *(.mdebug.abi64)

.mdebug.abiO64
 *(.mdebug.abiO64)

.mdebug.eabi32
 *(.mdebug.eabi32)

.mdebug.eabi64
 *(.mdebug.eabi64)

.gcc_compiled_long32
 *(.gcc_compiled_long32)

.gcc_compiled_long64
 *(.gcc_compiled_long64)

.stab
 *(.stab)

.stabstr
 *(.stabstr)

.stab.excl
 *(.stab.excl)

.stab.exclstr
 *(.stab.exclstr)

.stab.index
 *(.stab.index)

.stab.indexstr
 *(.stab.indexstr)

.comment        0x00000000       0x54
 *(.comment)
 .comment       0x00000000       0x3c build/default/production/_ext/341040409/osal_freertos.o
                                 0x3d (size before relaxing)
 .comment       0x00000000       0x3d build/default/production/_ext/23466643/sys_devcon.o
 .comment       0x00000000       0x3d build/default/production/_ext/23466643/sys_devcon_pic32mx.o
 .comment       0x00000000       0x3d build/default/production/_ext/1667967065/sys_int_pic32.o
 .comment       0x00000000       0x3d build/default/production/_ext/357001740/croutine.o
 .comment       0x00000000       0x3d build/default/production/_ext/357001740/list.o
 .comment       0x00000000       0x3d build/default/production/_ext/357001740/queue.o
 .comment       0x00000000       0x3d build/default/production/_ext/357001740/tasks.o
 .comment       0x00000000       0x3d build/default/production/_ext/357001740/timers.o
 .comment       0x00000000       0x3d build/default/production/_ext/357001740/event_groups.o
 .comment       0x00000000       0x3d build/default/production/_ext/1663225769/heap_1.o
 .comment       0x00000000       0x3d build/default/production/_ext/201381206/port.o
 .comment       0x00000000       0x3d build/default/production/_ext/1360937237/mainapp.o
 .comment       0x00000000       0x3d build/default/production/_ext/1360937237/motor_control.o
 .comment       0x00000000       0x3d build/default/production/_ext/1360937237/uart_tx.o
 .comment       0x00000000       0x3d build/default/production/_ext/1360937237/uart_rx.o
 .comment       0x00000000       0x3d build/default/production/_ext/1361460060/drv_adc_static.o
 .comment       0x00000000       0x3d build/default/production/_ext/327000265/drv_usart_mapping.o
 .comment       0x00000000       0x3d build/default/production/_ext/327000265/drv_usart_static.o
 .comment       0x00000000       0x3d build/default/production/_ext/327000265/drv_usart_static_byte_model.o
 .comment       0x00000000       0x3d build/default/production/_ext/639803181/sys_clk_static.o
 .comment       0x00000000       0x3d build/default/production/_ext/822048611/sys_ports_static.o
 .comment       0x00000000       0x3d build/default/production/_ext/1688732426/system_init.o
 .comment       0x00000000       0x3d build/default/production/_ext/1688732426/system_interrupt.o
 .comment       0x00000000       0x3d build/default/production/_ext/1688732426/system_exceptions.o
 .comment       0x00000000       0x3d build/default/production/_ext/1360937237/main.o
 .comment       0x00000000       0x3d build/default/production/_ext/1688732426/system_tasks.o
 .comment       0x00000000       0x3d build/default/production/_ext/1688732426/rtos_hooks.o
 .comment       0x0000003c       0x18 c:/program files (x86)/microchip/xc32/v1.42/bin/bin/../../lib/gcc/pic32mx/4.8.3/../../../../pic32mx/lib\libpic32.a(memset.o)
                                 0x19 (size before relaxing)
 .comment       0x00000000       0x3d c:/program files (x86)/microchip/xc32/v1.42/bin/bin/../../lib/gcc/pic32mx/4.8.3/../../../../pic32mx/lib\libpic32.a(default-bootstrap-exception-handler.o)
 .comment       0x00000000       0x3d c:/program files (x86)/microchip/xc32/v1.42/bin/bin/../../lib/gcc/pic32mx/4.8.3/../../../../pic32mx/lib\libpic32.a(default-on-reset.o)
 .comment       0x00000000       0x3d c:/program files (x86)/microchip/xc32/v1.42/bin/bin/../../lib/gcc/pic32mx/4.8.3/../../../../pic32mx/lib\libpic32.a(default-on-bootstrap.o)
 .comment       0x00000000       0x3d c:/program files (x86)/microchip/xc32/v1.42/bin/bin/../../lib/gcc/pic32mx/4.8.3/../../../../pic32mx/lib\libpic32.a(defaultinterrupt.o)

.debug
 *(.debug)

.line
 *(.line)

.debug_srcinfo
 *(.debug_srcinfo)

.debug_sfnames
 *(.debug_sfnames)

.debug_aranges  0x00000000      0xb08
 *(.debug_aranges)
 .debug_aranges
                0x00000000       0x88 build/default/production/_ext/341040409/osal_freertos.o
 .debug_aranges
                0x00000088       0x78 build/default/production/_ext/23466643/sys_devcon.o
 .debug_aranges
                0x00000100       0x20 build/default/production/_ext/23466643/sys_devcon_pic32mx.o
 .debug_aranges
                0x00000120       0x48 build/default/production/_ext/1667967065/sys_int_pic32.o
 .debug_aranges
                0x00000168       0x18 build/default/production/_ext/357001740/croutine.o
 .debug_aranges
                0x00000180       0x40 build/default/production/_ext/357001740/list.o
 .debug_aranges
                0x000001c0       0xb0 build/default/production/_ext/357001740/queue.o
 .debug_aranges
                0x00000270      0x170 build/default/production/_ext/357001740/tasks.o
 .debug_aranges
                0x000003e0       0x18 build/default/production/_ext/357001740/timers.o
 .debug_aranges
                0x000003f8       0x60 build/default/production/_ext/357001740/event_groups.o
 .debug_aranges
                0x00000458       0x38 build/default/production/_ext/1663225769/heap_1.o
 .debug_aranges
                0x00000490       0x58 build/default/production/_ext/201381206/port.o
 .debug_aranges
                0x000004e8       0x20 build/default/production/_ext/201381206/port_asm.o
 .debug_aranges
                0x00000508       0x40 build/default/production/_ext/1360937237/mainapp.o
 .debug_aranges
                0x00000548       0x38 build/default/production/_ext/1360937237/motor_control.o
 .debug_aranges
                0x00000580       0x40 build/default/production/_ext/1360937237/uart_tx.o
 .debug_aranges
                0x000005c0       0x48 build/default/production/_ext/1360937237/uart_rx.o
 .debug_aranges
                0x00000608       0x78 build/default/production/_ext/1361460060/drv_adc_static.o
 .debug_aranges
                0x00000680       0xa8 build/default/production/_ext/327000265/drv_usart_mapping.o
 .debug_aranges
                0x00000728       0x78 build/default/production/_ext/327000265/drv_usart_static.o
 .debug_aranges
                0x000007a0       0x48 build/default/production/_ext/327000265/drv_usart_static_byte_model.o
 .debug_aranges
                0x000007e8       0x50 build/default/production/_ext/639803181/sys_clk_static.o
 .debug_aranges
                0x00000838      0x108 build/default/production/_ext/822048611/sys_ports_static.o
 .debug_aranges
                0x00000940       0x20 build/default/production/_ext/1688732426/system_init.o
 .debug_aranges
                0x00000960       0x40 build/default/production/_ext/1688732426/system_interrupt.o
 .debug_aranges
                0x000009a0       0x20 build/default/production/_ext/1688732426/system_exceptions.o
 .debug_aranges
                0x000009c0       0x20 build/default/production/_ext/1360937237/main.o
 .debug_aranges
                0x000009e0       0x48 build/default/production/_ext/1688732426/system_tasks.o
 .debug_aranges
                0x00000a28       0x38 build/default/production/_ext/1688732426/system_interrupt_a.o
 .debug_aranges
                0x00000a60       0x28 build/default/production/_ext/1688732426/rtos_hooks.o
 .debug_aranges
                0x00000a88       0x20 c:/program files (x86)/microchip/xc32/v1.42/bin/bin/../../lib/gcc/pic32mx/4.8.3/../../../../pic32mx/lib\libpic32.a(default-bootstrap-exception-handler.o)
 .debug_aranges
                0x00000aa8       0x20 c:/program files (x86)/microchip/xc32/v1.42/bin/bin/../../lib/gcc/pic32mx/4.8.3/../../../../pic32mx/lib\libpic32.a(default-on-reset.o)
 .debug_aranges
                0x00000ac8       0x20 c:/program files (x86)/microchip/xc32/v1.42/bin/bin/../../lib/gcc/pic32mx/4.8.3/../../../../pic32mx/lib\libpic32.a(default-on-bootstrap.o)
 .debug_aranges
                0x00000ae8       0x20 c:/program files (x86)/microchip/xc32/v1.42/bin/bin/../../lib/gcc/pic32mx/4.8.3/../../../../pic32mx/lib\libpic32.a(defaultinterrupt.o)

.debug_pubnames
 *(.debug_pubnames)

.debug_info     0x00000000    0x28339
 *(.debug_info .gnu.linkonce.wi.*)
 .debug_info    0x00000000      0xaa0 build/default/production/_ext/341040409/osal_freertos.o
 .debug_info    0x00000aa0     0x1160 build/default/production/_ext/23466643/sys_devcon.o
 .debug_info    0x00001c00      0xd51 build/default/production/_ext/23466643/sys_devcon_pic32mx.o
 .debug_info    0x00002951     0x15b8 build/default/production/_ext/1667967065/sys_int_pic32.o
 .debug_info    0x00003f09      0x181 build/default/production/_ext/357001740/croutine.o
 .debug_info    0x0000408a      0x471 build/default/production/_ext/357001740/list.o
 .debug_info    0x000044fb     0x1741 build/default/production/_ext/357001740/queue.o
 .debug_info    0x00005c3c     0x28dc build/default/production/_ext/357001740/tasks.o
 .debug_info    0x00008518      0x17f build/default/production/_ext/357001740/timers.o
 .debug_info    0x00008697      0xd53 build/default/production/_ext/357001740/event_groups.o
 .debug_info    0x000093ea      0x385 build/default/production/_ext/1663225769/heap_1.o
 .debug_info    0x0000976f     0x11b0 build/default/production/_ext/201381206/port.o
 .debug_info    0x0000a91f       0xcf build/default/production/_ext/201381206/port_asm.o
 .debug_info    0x0000a9ee     0x1829 build/default/production/_ext/1360937237/mainapp.o
 .debug_info    0x0000c217     0x15b6 build/default/production/_ext/1360937237/motor_control.o
 .debug_info    0x0000d7cd     0x16ee build/default/production/_ext/1360937237/uart_tx.o
 .debug_info    0x0000eebb     0x171d build/default/production/_ext/1360937237/uart_rx.o
 .debug_info    0x000105d8     0x3e4d build/default/production/_ext/1361460060/drv_adc_static.o
 .debug_info    0x00014425     0x1968 build/default/production/_ext/327000265/drv_usart_mapping.o
 .debug_info    0x00015d8d     0x4312 build/default/production/_ext/327000265/drv_usart_static.o
 .debug_info    0x0001a09f     0x1d3a build/default/production/_ext/327000265/drv_usart_static_byte_model.o
 .debug_info    0x0001bdd9     0x1642 build/default/production/_ext/639803181/sys_clk_static.o
 .debug_info    0x0001d41b     0x3ac9 build/default/production/_ext/822048611/sys_ports_static.o
 .debug_info    0x00020ee4     0x2127 build/default/production/_ext/1688732426/system_init.o
 .debug_info    0x0002300b     0x2a11 build/default/production/_ext/1688732426/system_interrupt.o
 .debug_info    0x00025a1c     0x1313 build/default/production/_ext/1688732426/system_exceptions.o
 .debug_info    0x00026d2f      0x19e build/default/production/_ext/1360937237/main.o
 .debug_info    0x00026ecd      0xe12 build/default/production/_ext/1688732426/system_tasks.o
 .debug_info    0x00027cdf       0x90 build/default/production/_ext/1688732426/system_interrupt_a.o
 .debug_info    0x00027d6f      0x246 build/default/production/_ext/1688732426/rtos_hooks.o
 .debug_info    0x00027fb5       0xf5 c:/program files (x86)/microchip/xc32/v1.42/bin/bin/../../lib/gcc/pic32mx/4.8.3/../../../../pic32mx/lib\libpic32.a(default-bootstrap-exception-handler.o)
 .debug_info    0x000280aa       0xcf c:/program files (x86)/microchip/xc32/v1.42/bin/bin/../../lib/gcc/pic32mx/4.8.3/../../../../pic32mx/lib\libpic32.a(default-on-reset.o)
 .debug_info    0x00028179       0xd7 c:/program files (x86)/microchip/xc32/v1.42/bin/bin/../../lib/gcc/pic32mx/4.8.3/../../../../pic32mx/lib\libpic32.a(default-on-bootstrap.o)
 .debug_info    0x00028250       0xe9 c:/program files (x86)/microchip/xc32/v1.42/bin/bin/../../lib/gcc/pic32mx/4.8.3/../../../../pic32mx/lib\libpic32.a(defaultinterrupt.o)

.debug_abbrev   0x00000000     0x32fb
 *(.debug_abbrev)
 .debug_abbrev  0x00000000      0x1fe build/default/production/_ext/341040409/osal_freertos.o
 .debug_abbrev  0x000001fe      0x26d build/default/production/_ext/23466643/sys_devcon.o
 .debug_abbrev  0x0000046b      0x16d build/default/production/_ext/23466643/sys_devcon_pic32mx.o
 .debug_abbrev  0x000005d8      0x1d0 build/default/production/_ext/1667967065/sys_int_pic32.o
 .debug_abbrev  0x000007a8       0x1b build/default/production/_ext/357001740/croutine.o
 .debug_abbrev  0x000007c3       0xf1 build/default/production/_ext/357001740/list.o
 .debug_abbrev  0x000008b4      0x2c4 build/default/production/_ext/357001740/queue.o
 .debug_abbrev  0x00000b78      0x35a build/default/production/_ext/357001740/tasks.o
 .debug_abbrev  0x00000ed2       0x1b build/default/production/_ext/357001740/timers.o
 .debug_abbrev  0x00000eed      0x29a build/default/production/_ext/357001740/event_groups.o
 .debug_abbrev  0x00001187      0x13f build/default/production/_ext/1663225769/heap_1.o
 .debug_abbrev  0x000012c6      0x2cf build/default/production/_ext/201381206/port.o
 .debug_abbrev  0x00001595       0x14 build/default/production/_ext/201381206/port_asm.o
 .debug_abbrev  0x000015a9      0x1ec build/default/production/_ext/1360937237/mainapp.o
 .debug_abbrev  0x00001795      0x147 build/default/production/_ext/1360937237/motor_control.o
 .debug_abbrev  0x000018dc      0x189 build/default/production/_ext/1360937237/uart_tx.o
 .debug_abbrev  0x00001a65      0x189 build/default/production/_ext/1360937237/uart_rx.o
 .debug_abbrev  0x00001bee      0x1ed build/default/production/_ext/1361460060/drv_adc_static.o
 .debug_abbrev  0x00001ddb      0x210 build/default/production/_ext/327000265/drv_usart_mapping.o
 .debug_abbrev  0x00001feb      0x382 build/default/production/_ext/327000265/drv_usart_static.o
 .debug_abbrev  0x0000236d      0x24f build/default/production/_ext/327000265/drv_usart_static_byte_model.o
 .debug_abbrev  0x000025bc      0x26a build/default/production/_ext/639803181/sys_clk_static.o
 .debug_abbrev  0x00002826      0x222 build/default/production/_ext/822048611/sys_ports_static.o
 .debug_abbrev  0x00002a48      0x2b0 build/default/production/_ext/1688732426/system_init.o
 .debug_abbrev  0x00002cf8      0x246 build/default/production/_ext/1688732426/system_interrupt.o
 .debug_abbrev  0x00002f3e       0x98 build/default/production/_ext/1688732426/system_exceptions.o
 .debug_abbrev  0x00002fd6       0x93 build/default/production/_ext/1360937237/main.o
 .debug_abbrev  0x00003069      0x149 build/default/production/_ext/1688732426/system_tasks.o
 .debug_abbrev  0x000031b2       0x12 build/default/production/_ext/1688732426/system_interrupt_a.o
 .debug_abbrev  0x000031c4       0x97 build/default/production/_ext/1688732426/rtos_hooks.o
 .debug_abbrev  0x0000325b       0x28 c:/program files (x86)/microchip/xc32/v1.42/bin/bin/../../lib/gcc/pic32mx/4.8.3/../../../../pic32mx/lib\libpic32.a(default-bootstrap-exception-handler.o)
 .debug_abbrev  0x00003283       0x28 c:/program files (x86)/microchip/xc32/v1.42/bin/bin/../../lib/gcc/pic32mx/4.8.3/../../../../pic32mx/lib\libpic32.a(default-on-reset.o)
 .debug_abbrev  0x000032ab       0x28 c:/program files (x86)/microchip/xc32/v1.42/bin/bin/../../lib/gcc/pic32mx/4.8.3/../../../../pic32mx/lib\libpic32.a(default-on-bootstrap.o)
 .debug_abbrev  0x000032d3       0x28 c:/program files (x86)/microchip/xc32/v1.42/bin/bin/../../lib/gcc/pic32mx/4.8.3/../../../../pic32mx/lib\libpic32.a(defaultinterrupt.o)

.debug_line     0x00000000     0x7083
 *(.debug_line)
 .debug_line    0x00000000      0x2c4 build/default/production/_ext/341040409/osal_freertos.o
 .debug_line    0x000002c4      0x5e7 build/default/production/_ext/23466643/sys_devcon.o
 .debug_line    0x000008ab      0x48f build/default/production/_ext/23466643/sys_devcon_pic32mx.o
 .debug_line    0x00000d3a      0x39e build/default/production/_ext/1667967065/sys_int_pic32.o
 .debug_line    0x000010d8       0x1d build/default/production/_ext/357001740/croutine.o
 .debug_line    0x000010f5      0x1e5 build/default/production/_ext/357001740/list.o
 .debug_line    0x000012da      0x48f build/default/production/_ext/357001740/queue.o
 .debug_line    0x00001769      0x7d8 build/default/production/_ext/357001740/tasks.o
 .debug_line    0x00001f41       0x1d build/default/production/_ext/357001740/timers.o
 .debug_line    0x00001f5e      0x32a build/default/production/_ext/357001740/event_groups.o
 .debug_line    0x00002288      0x21f build/default/production/_ext/1663225769/heap_1.o
 .debug_line    0x000024a7      0x240 build/default/production/_ext/201381206/port.o
 .debug_line    0x000026e7      0x120 build/default/production/_ext/201381206/port_asm.o
 .debug_line    0x00002807      0x3fb build/default/production/_ext/1360937237/mainapp.o
 .debug_line    0x00002c02      0x31d build/default/production/_ext/1360937237/motor_control.o
 .debug_line    0x00002f1f      0x34b build/default/production/_ext/1360937237/uart_tx.o
 .debug_line    0x0000326a      0x36c build/default/production/_ext/1360937237/uart_rx.o
 .debug_line    0x000035d6      0x749 build/default/production/_ext/1361460060/drv_adc_static.o
 .debug_line    0x00003d1f      0x42b build/default/production/_ext/327000265/drv_usart_mapping.o
 .debug_line    0x0000414a      0x8c3 build/default/production/_ext/327000265/drv_usart_static.o
 .debug_line    0x00004a0d      0x4d4 build/default/production/_ext/327000265/drv_usart_static_byte_model.o
 .debug_line    0x00004ee1      0x410 build/default/production/_ext/639803181/sys_clk_static.o
 .debug_line    0x000052f1      0x786 build/default/production/_ext/822048611/sys_ports_static.o
 .debug_line    0x00005a77      0x635 build/default/production/_ext/1688732426/system_init.o
 .debug_line    0x000060ac      0x592 build/default/production/_ext/1688732426/system_interrupt.o
 .debug_line    0x0000663e      0x1d6 build/default/production/_ext/1688732426/system_exceptions.o
 .debug_line    0x00006814       0xae build/default/production/_ext/1360937237/main.o
 .debug_line    0x000068c2      0x362 build/default/production/_ext/1688732426/system_tasks.o
 .debug_line    0x00006c24       0xa5 build/default/production/_ext/1688732426/system_interrupt_a.o
 .debug_line    0x00006cc9      0x139 build/default/production/_ext/1688732426/rtos_hooks.o
 .debug_line    0x00006e02       0xa9 c:/program files (x86)/microchip/xc32/v1.42/bin/bin/../../lib/gcc/pic32mx/4.8.3/../../../../pic32mx/lib\libpic32.a(default-bootstrap-exception-handler.o)
 .debug_line    0x00006eab       0x96 c:/program files (x86)/microchip/xc32/v1.42/bin/bin/../../lib/gcc/pic32mx/4.8.3/../../../../pic32mx/lib\libpic32.a(default-on-reset.o)
 .debug_line    0x00006f41       0x9a c:/program files (x86)/microchip/xc32/v1.42/bin/bin/../../lib/gcc/pic32mx/4.8.3/../../../../pic32mx/lib\libpic32.a(default-on-bootstrap.o)
 .debug_line    0x00006fdb       0xa8 c:/program files (x86)/microchip/xc32/v1.42/bin/bin/../../lib/gcc/pic32mx/4.8.3/../../../../pic32mx/lib\libpic32.a(defaultinterrupt.o)

.debug_frame    0x00000000     0x176c
 *(.debug_frame)
 .debug_frame   0x00000000      0x150 build/default/production/_ext/341040409/osal_freertos.o
 .debug_frame   0x00000150       0xe8 build/default/production/_ext/23466643/sys_devcon.o
 .debug_frame   0x00000238       0x28 build/default/production/_ext/23466643/sys_devcon_pic32mx.o
 .debug_frame   0x00000260       0x90 build/default/production/_ext/1667967065/sys_int_pic32.o
 .debug_frame   0x000002f0       0x60 build/default/production/_ext/357001740/list.o
 .debug_frame   0x00000350      0x214 build/default/production/_ext/357001740/queue.o
 .debug_frame   0x00000564      0x444 build/default/production/_ext/357001740/tasks.o
 .debug_frame   0x000009a8      0x108 build/default/production/_ext/357001740/event_groups.o
 .debug_frame   0x00000ab0       0x5c build/default/production/_ext/1663225769/heap_1.o
 .debug_frame   0x00000b0c       0xc0 build/default/production/_ext/201381206/port.o
 .debug_frame   0x00000bcc       0x8c build/default/production/_ext/1360937237/mainapp.o
 .debug_frame   0x00000c58       0x68 build/default/production/_ext/1360937237/motor_control.o
 .debug_frame   0x00000cc0       0x8c build/default/production/_ext/1360937237/uart_tx.o
 .debug_frame   0x00000d4c       0xa4 build/default/production/_ext/1360937237/uart_rx.o
 .debug_frame   0x00000df0       0xd0 build/default/production/_ext/1361460060/drv_adc_static.o
 .debug_frame   0x00000ec0      0x238 build/default/production/_ext/327000265/drv_usart_mapping.o
 .debug_frame   0x000010f8       0xfc build/default/production/_ext/327000265/drv_usart_static.o
 .debug_frame   0x000011f4       0x80 build/default/production/_ext/327000265/drv_usart_static_byte_model.o
 .debug_frame   0x00001274       0xa0 build/default/production/_ext/639803181/sys_clk_static.o
 .debug_frame   0x00001314      0x1f0 build/default/production/_ext/822048611/sys_ports_static.o
 .debug_frame   0x00001504       0x28 build/default/production/_ext/1688732426/system_init.o
 .debug_frame   0x0000152c       0x84 build/default/production/_ext/1688732426/system_interrupt.o
 .debug_frame   0x000015b0       0x28 build/default/production/_ext/1688732426/system_exceptions.o
 .debug_frame   0x000015d8       0x28 build/default/production/_ext/1360937237/main.o
 .debug_frame   0x00001600       0xa0 build/default/production/_ext/1688732426/system_tasks.o
 .debug_frame   0x000016a0       0x40 build/default/production/_ext/1688732426/rtos_hooks.o
 .debug_frame   0x000016e0       0x2c c:/program files (x86)/microchip/xc32/v1.42/bin/bin/../../lib/gcc/pic32mx/4.8.3/../../../../pic32mx/lib\libpic32.a(default-bootstrap-exception-handler.o)
 .debug_frame   0x0000170c       0x20 c:/program files (x86)/microchip/xc32/v1.42/bin/bin/../../lib/gcc/pic32mx/4.8.3/../../../../pic32mx/lib\libpic32.a(default-on-reset.o)
 .debug_frame   0x0000172c       0x20 c:/program files (x86)/microchip/xc32/v1.42/bin/bin/../../lib/gcc/pic32mx/4.8.3/../../../../pic32mx/lib\libpic32.a(default-on-bootstrap.o)
 .debug_frame   0x0000174c       0x20 c:/program files (x86)/microchip/xc32/v1.42/bin/bin/../../lib/gcc/pic32mx/4.8.3/../../../../pic32mx/lib\libpic32.a(defaultinterrupt.o)

.debug_str      0x00000000      0x712
 *(.debug_str)
 .debug_str     0x00000000       0x40 build/default/production/_ext/341040409/osal_freertos.o
 .debug_str     0x00000040       0x16 build/default/production/_ext/23466643/sys_devcon.o
 .debug_str     0x00000056        0x6 build/default/production/_ext/23466643/sys_devcon_pic32mx.o
 .debug_str     0x0000005c       0x2d build/default/production/_ext/1667967065/sys_int_pic32.o
 .debug_str     0x00000089        0x0 build/default/production/_ext/357001740/croutine.o
 .debug_str     0x00000089       0x2b build/default/production/_ext/357001740/list.o
 .debug_str     0x000000b4       0xf1 build/default/production/_ext/357001740/queue.o
 .debug_str     0x000001a5      0x191 build/default/production/_ext/357001740/tasks.o
 .debug_str     0x00000336        0x0 build/default/production/_ext/357001740/timers.o
 .debug_str     0x00000336       0xe6 build/default/production/_ext/357001740/event_groups.o
 .debug_str     0x0000041c       0x1d build/default/production/_ext/1663225769/heap_1.o
 .debug_str     0x00000439       0x37 build/default/production/_ext/201381206/port.o
 .debug_str     0x00000470        0xe build/default/production/_ext/1360937237/mainapp.o
 .debug_str     0x0000047e        0x0 build/default/production/_ext/1360937237/motor_control.o
 .debug_str     0x0000047e        0x0 build/default/production/_ext/1360937237/uart_tx.o
 .debug_str     0x0000047e        0x0 build/default/production/_ext/1360937237/uart_rx.o
 .debug_str     0x0000047e       0x8e build/default/production/_ext/1361460060/drv_adc_static.o
 .debug_str     0x0000050c       0x23 build/default/production/_ext/327000265/drv_usart_mapping.o
 .debug_str     0x0000052f       0xe2 build/default/production/_ext/327000265/drv_usart_static.o
 .debug_str     0x00000611       0x12 build/default/production/_ext/327000265/drv_usart_static_byte_model.o
 .debug_str     0x00000623       0x39 build/default/production/_ext/639803181/sys_clk_static.o
 .debug_str     0x0000065c       0x55 build/default/production/_ext/822048611/sys_ports_static.o
 .debug_str     0x000006b1       0x36 build/default/production/_ext/1688732426/system_init.o
 .debug_str     0x000006e7       0x22 build/default/production/_ext/1688732426/system_interrupt.o
 .debug_str     0x00000709        0x0 build/default/production/_ext/1688732426/system_exceptions.o
 .debug_str     0x00000709        0x0 build/default/production/_ext/1360937237/main.o
 .debug_str     0x00000709        0x0 build/default/production/_ext/1688732426/system_tasks.o
 .debug_str     0x00000709        0x9 build/default/production/_ext/1688732426/rtos_hooks.o
 .debug_str     0x00000712        0x0 c:/program files (x86)/microchip/xc32/v1.42/bin/bin/../../lib/gcc/pic32mx/4.8.3/../../../../pic32mx/lib\libpic32.a(default-bootstrap-exception-handler.o)
 .debug_str     0x00000712        0x0 c:/program files (x86)/microchip/xc32/v1.42/bin/bin/../../lib/gcc/pic32mx/4.8.3/../../../../pic32mx/lib\libpic32.a(default-on-reset.o)
 .debug_str     0x00000712        0x0 c:/program files (x86)/microchip/xc32/v1.42/bin/bin/../../lib/gcc/pic32mx/4.8.3/../../../../pic32mx/lib\libpic32.a(default-on-bootstrap.o)
 .debug_str     0x00000712        0x0 c:/program files (x86)/microchip/xc32/v1.42/bin/bin/../../lib/gcc/pic32mx/4.8.3/../../../../pic32mx/lib\libpic32.a(defaultinterrupt.o)

.debug_loc      0x00000000     0x519f
 *(.debug_loc)
 .debug_loc     0x00000000      0x40c build/default/production/_ext/341040409/osal_freertos.o
 .debug_loc     0x0000040c       0xf0 build/default/production/_ext/23466643/sys_devcon.o
 .debug_loc     0x000004fc       0xec build/default/production/_ext/23466643/sys_devcon_pic32mx.o
 .debug_loc     0x000005e8       0x8d build/default/production/_ext/1667967065/sys_int_pic32.o
 .debug_loc     0x00000675       0x31 build/default/production/_ext/357001740/list.o
 .debug_loc     0x000006a6      0xc93 build/default/production/_ext/357001740/queue.o
 .debug_loc     0x00001339     0x152a build/default/production/_ext/357001740/tasks.o
 .debug_loc     0x00002863      0x8ea build/default/production/_ext/357001740/event_groups.o
 .debug_loc     0x0000314d       0x49 build/default/production/_ext/1663225769/heap_1.o
 .debug_loc     0x00003196       0xea build/default/production/_ext/201381206/port.o
 .debug_loc     0x00003280       0x63 build/default/production/_ext/1360937237/uart_tx.o
 .debug_loc     0x000032e3       0xa4 build/default/production/_ext/1360937237/uart_rx.o
 .debug_loc     0x00003387      0x111 build/default/production/_ext/1361460060/drv_adc_static.o
 .debug_loc     0x00003498      0x69f build/default/production/_ext/327000265/drv_usart_mapping.o
 .debug_loc     0x00003b37      0x575 build/default/production/_ext/327000265/drv_usart_static.o
 .debug_loc     0x000040ac       0x74 build/default/production/_ext/327000265/drv_usart_static_byte_model.o
 .debug_loc     0x00004120       0x49 build/default/production/_ext/639803181/sys_clk_static.o
 .debug_loc     0x00004169      0xecf build/default/production/_ext/822048611/sys_ports_static.o
 .debug_loc     0x00005038       0x21 build/default/production/_ext/1688732426/system_init.o
 .debug_loc     0x00005059      0x112 build/default/production/_ext/1688732426/system_interrupt.o
 .debug_loc     0x0000516b       0x34 build/default/production/_ext/1688732426/rtos_hooks.o

.debug_macinfo
 *(.debug_macinfo)

.debug_weaknames
 *(.debug_weaknames)

.debug_funcnames
 *(.debug_funcnames)

.debug_typenames
 *(.debug_typenames)

.debug_varnames
 *(.debug_varnames)

.debug_pubtypes
 *(.debug_pubtypes)

.debug_ranges   0x00000000      0xa18
 *(.debug_ranges)
 .debug_ranges  0x00000000       0x78 build/default/production/_ext/341040409/osal_freertos.o
 .debug_ranges  0x00000078       0x68 build/default/production/_ext/23466643/sys_devcon.o
 .debug_ranges  0x000000e0       0x10 build/default/production/_ext/23466643/sys_devcon_pic32mx.o
 .debug_ranges  0x000000f0       0x50 build/default/production/_ext/1667967065/sys_int_pic32.o
 .debug_ranges  0x00000140       0x30 build/default/production/_ext/357001740/list.o
 .debug_ranges  0x00000170       0xa0 build/default/production/_ext/357001740/queue.o
 .debug_ranges  0x00000210      0x1a8 build/default/production/_ext/357001740/tasks.o
 .debug_ranges  0x000003b8       0x98 build/default/production/_ext/357001740/event_groups.o
 .debug_ranges  0x00000450       0x28 build/default/production/_ext/1663225769/heap_1.o
 .debug_ranges  0x00000478       0x48 build/default/production/_ext/201381206/port.o
 .debug_ranges  0x000004c0       0x30 build/default/production/_ext/1360937237/mainapp.o
 .debug_ranges  0x000004f0       0x28 build/default/production/_ext/1360937237/motor_control.o
 .debug_ranges  0x00000518       0x30 build/default/production/_ext/1360937237/uart_tx.o
 .debug_ranges  0x00000548       0x38 build/default/production/_ext/1360937237/uart_rx.o
 .debug_ranges  0x00000580       0x68 build/default/production/_ext/1361460060/drv_adc_static.o
 .debug_ranges  0x000005e8       0x98 build/default/production/_ext/327000265/drv_usart_mapping.o
 .debug_ranges  0x00000680       0x98 build/default/production/_ext/327000265/drv_usart_static.o
 .debug_ranges  0x00000718       0x38 build/default/production/_ext/327000265/drv_usart_static_byte_model.o
 .debug_ranges  0x00000750       0x40 build/default/production/_ext/639803181/sys_clk_static.o
 .debug_ranges  0x00000790       0xf8 build/default/production/_ext/822048611/sys_ports_static.o
 .debug_ranges  0x00000888       0x10 build/default/production/_ext/1688732426/system_init.o
 .debug_ranges  0x00000898       0xa0 build/default/production/_ext/1688732426/system_interrupt.o
 .debug_ranges  0x00000938       0x10 build/default/production/_ext/1688732426/system_exceptions.o
 .debug_ranges  0x00000948       0x10 build/default/production/_ext/1360937237/main.o
 .debug_ranges  0x00000958       0x38 build/default/production/_ext/1688732426/system_tasks.o
 .debug_ranges  0x00000990       0x30 build/default/production/_ext/1688732426/system_interrupt_a.o
 .debug_ranges  0x000009c0       0x18 build/default/production/_ext/1688732426/rtos_hooks.o
 .debug_ranges  0x000009d8       0x10 c:/program files (x86)/microchip/xc32/v1.42/bin/bin/../../lib/gcc/pic32mx/4.8.3/../../../../pic32mx/lib\libpic32.a(default-bootstrap-exception-handler.o)
 .debug_ranges  0x000009e8       0x10 c:/program files (x86)/microchip/xc32/v1.42/bin/bin/../../lib/gcc/pic32mx/4.8.3/../../../../pic32mx/lib\libpic32.a(default-on-reset.o)
 .debug_ranges  0x000009f8       0x10 c:/program files (x86)/microchip/xc32/v1.42/bin/bin/../../lib/gcc/pic32mx/4.8.3/../../../../pic32mx/lib\libpic32.a(default-on-bootstrap.o)
 .debug_ranges  0x00000a08       0x10 c:/program files (x86)/microchip/xc32/v1.42/bin/bin/../../lib/gcc/pic32mx/4.8.3/../../../../pic32mx/lib\libpic32.a(defaultinterrupt.o)

.gnu.attributes
                0x00000000       0x10
 *(.gnu.attributes)
 .gnu.attributes
                0x00000000       0x10 build/default/production/_ext/341040409/osal_freertos.o
 .gnu.attributes
                0x00000010       0x10 build/default/production/_ext/23466643/sys_devcon.o
 .gnu.attributes
                0x00000020       0x10 build/default/production/_ext/23466643/sys_devcon_pic32mx.o
 .gnu.attributes
                0x00000030       0x10 build/default/production/_ext/1667967065/sys_int_pic32.o
 .gnu.attributes
                0x00000040       0x10 build/default/production/_ext/357001740/croutine.o
 .gnu.attributes
                0x00000050       0x10 build/default/production/_ext/357001740/list.o
 .gnu.attributes
                0x00000060       0x10 build/default/production/_ext/357001740/queue.o
 .gnu.attributes
                0x00000070       0x10 build/default/production/_ext/357001740/tasks.o
 .gnu.attributes
                0x00000080       0x10 build/default/production/_ext/357001740/timers.o
 .gnu.attributes
                0x00000090       0x10 build/default/production/_ext/357001740/event_groups.o
 .gnu.attributes
                0x000000a0       0x10 build/default/production/_ext/1663225769/heap_1.o
 .gnu.attributes
                0x000000b0       0x10 build/default/production/_ext/201381206/port.o
 .gnu.attributes
                0x000000c0       0x10 build/default/production/_ext/1360937237/mainapp.o
 .gnu.attributes
                0x000000d0       0x10 build/default/production/_ext/1360937237/motor_control.o
 .gnu.attributes
                0x000000e0       0x10 build/default/production/_ext/1360937237/uart_tx.o
 .gnu.attributes
                0x000000f0       0x10 build/default/production/_ext/1360937237/uart_rx.o
 .gnu.attributes
                0x00000100       0x10 build/default/production/_ext/1361460060/drv_adc_static.o
 .gnu.attributes
                0x00000110       0x10 build/default/production/_ext/327000265/drv_usart_mapping.o
 .gnu.attributes
                0x00000120       0x10 build/default/production/_ext/327000265/drv_usart_static.o
 .gnu.attributes
                0x00000130       0x10 build/default/production/_ext/327000265/drv_usart_static_byte_model.o
 .gnu.attributes
                0x00000140       0x10 build/default/production/_ext/639803181/sys_clk_static.o
 .gnu.attributes
                0x00000150       0x10 build/default/production/_ext/822048611/sys_ports_static.o
 .gnu.attributes
                0x00000160       0x10 build/default/production/_ext/1688732426/system_init.o
 .gnu.attributes
                0x00000170       0x10 build/default/production/_ext/1688732426/system_interrupt.o
 .gnu.attributes
                0x00000180       0x10 build/default/production/_ext/1688732426/system_exceptions.o
 .gnu.attributes
                0x00000190       0x10 build/default/production/_ext/1360937237/main.o
 .gnu.attributes
                0x000001a0       0x10 build/default/production/_ext/1688732426/system_tasks.o
 .gnu.attributes
                0x000001b0       0x10 build/default/production/_ext/1688732426/rtos_hooks.o
 .gnu.attributes
                0x000001c0       0x10 c:/program files (x86)/microchip/xc32/v1.42/bin/bin/../../lib/gcc/pic32mx/4.8.3/../../../../pic32mx/lib\libpic32.a(default-bootstrap-exception-handler.o)
 .gnu.attributes
                0x000001d0       0x10 c:/program files (x86)/microchip/xc32/v1.42/bin/bin/../../lib/gcc/pic32mx/4.8.3/../../../../pic32mx/lib\libpic32.a(default-on-reset.o)
 .gnu.attributes
                0x000001e0       0x10 c:/program files (x86)/microchip/xc32/v1.42/bin/bin/../../lib/gcc/pic32mx/4.8.3/../../../../pic32mx/lib\libpic32.a(default-on-bootstrap.o)
 .gnu.attributes
                0x000001f0       0x10 c:/program files (x86)/microchip/xc32/v1.42/bin/bin/../../lib/gcc/pic32mx/4.8.3/../../../../pic32mx/lib\libpic32.a(defaultinterrupt.o)
LOAD c:/program files (x86)/microchip/xc32/v1.42/bin/bin/../../lib/gcc/pic32mx/4.8.3\libgcc.a
START GROUP
LOAD c:/program files (x86)/microchip/xc32/v1.42/bin/bin/../../lib/gcc/pic32mx/4.8.3/../../../../pic32mx/lib\libpic32.a
LOAD c:/program files (x86)/microchip/xc32/v1.42/bin/bin/../../lib/gcc/pic32mx/4.8.3/../../../../pic32mx/lib\libdebug.a
LOAD c:/program files (x86)/microchip/xc32/v1.42/bin/bin/../../lib/gcc/pic32mx/4.8.3/../../../../pic32mx/lib\libpic32.a
LOAD c:/program files (x86)/microchip/xc32/v1.42/bin/bin/../../lib/gcc/pic32mx/4.8.3/../../../../pic32mx/lib\libm.a
LOAD c:/program files (x86)/microchip/xc32/v1.42/bin/bin/../../lib/gcc/pic32mx/4.8.3/../../../../pic32mx/lib\libe.a
LOAD c:/program files (x86)/microchip/xc32/v1.42/bin/bin/../../lib/gcc/pic32mx/4.8.3/../../../../pic32mx/lib\libdsp.a
LOAD c:/program files (x86)/microchip/xc32/v1.42/bin/bin/../../lib/gcc/pic32mx/4.8.3\libgcc.a
LOAD c:/program files (x86)/microchip/xc32/v1.42/bin/bin/../../lib/gcc/pic32mx/4.8.3/../../../../pic32mx/lib\libc.a
LOAD c:/program files (x86)/microchip/xc32/v1.42/bin/bin/../../lib/gcc/pic32mx/4.8.3/../../../../pic32mx/lib\libc.a
LOAD c:/program files (x86)/microchip/xc32/v1.42/bin/bin/../../lib/gcc/pic32mx/4.8.3/../../../../pic32mx/lib\libpic32.a
END GROUP
LOAD c:/program files (x86)/microchip/xc32/v1.42/bin/bin/../../lib/gcc/pic32mx/4.8.3\libgcc.a
OUTPUT(dist/default/production/PacManRover.X.production.elf elf32-tradlittlemips)
LOAD stack
LOAD data_init

.reginfo        0x00000000       0x18
 .reginfo       0x00000000       0x18 c:/program files (x86)/microchip/xc32/v1.42/bin/bin/../../lib/gcc/pic32mx/4.8.3/../../../../pic32mx/lib/./proc/32MX795F512L/crt0_mips32r2.o

.stack          0xa000f7a8      0x400
 .stack         0xa000f7a8      0x400 stack

.bss            0xa0000084     0xf708
 .bss           0xa0000084     0xf000 build/default/production/_ext/1663225769/heap_1.o
 .bss           0xa000f084      0x640 build/default/production/_ext/201381206/port.o
                0xa000f084                xISRStack
 .bss           0xa000f6c4       0xc8 build/default/production/_ext/357001740/tasks.o

._debug_exception
                0xbfc00480       0x2c
 ._debug_exception
                0xbfc00480       0x2c c:/program files (x86)/microchip/xc32/v1.42/bin/bin/../../lib/gcc/pic32mx/4.8.3/../../../../pic32mx/lib\debug-exception-return.o
                0xbfc00480                __DbgExecReturn

.text           0x9d000000      0x454
 .text          0x9d000000      0x454 build/default/production/_ext/201381206/port_asm.o
                0x9d000000                vPortTickInterruptHandler
                0x9d0001ac                vPortStartFirstTask
                0x9d000274                vPortYieldISR

.text.xTaskGenericCreate
                0x9d000454      0x2e0
 .text.xTaskGenericCreate
                0x9d000454      0x2e0 build/default/production/_ext/357001740/tasks.o
                0x9d000454                xTaskGenericCreate

.text.xQueueGenericReceive
                0x9d000734      0x24c
 .text.xQueueGenericReceive
                0x9d000734      0x24c build/default/production/_ext/357001740/queue.o
                0x9d000734                xQueueGenericReceive

.text.xQueueGenericSend
                0x9d000980      0x208
 .text.xQueueGenericSend
                0x9d000980      0x208 build/default/production/_ext/357001740/queue.o
                0x9d000980                xQueueGenericSend

.DrvAdc_vector_text
                0x9d000b88      0x1b4
 .DrvAdc_vector_text
                0x9d000b88      0x1b4 build/default/production/_ext/1688732426/system_interrupt_a.o

.DrvUsartInstance0_vector_text
                0x9d000d3c      0x1b4
 .DrvUsartInstance0_vector_text
                0x9d000d3c      0x1b4 build/default/production/_ext/1688732426/system_interrupt_a.o

.text.xTaskIncrementTick
                0x9d000ef0      0x19c
 .text.xTaskIncrementTick
                0x9d000ef0      0x19c build/default/production/_ext/357001740/tasks.o
                0x9d000ef0                xTaskIncrementTick

.text.DRV_USART0_Initialize
                0x9d00108c      0x174
 .text.DRV_USART0_Initialize
                0x9d00108c      0x174 build/default/production/_ext/327000265/drv_usart_static.o
                0x9d00108c                DRV_USART0_Initialize

.text           0x9d001200      0x168
 .text          0x9d001200      0x168 c:/program files (x86)/microchip/xc32/v1.42/bin/bin/../../lib/gcc/pic32mx/4.8.3/../../../../pic32mx/lib\libpic32.a(memcpy.o)
                0x9d001200                memcpy

.text.xTaskResumeAll
                0x9d001368      0x154
 .text.xTaskResumeAll
                0x9d001368      0x154 build/default/production/_ext/357001740/tasks.o
                0x9d001368                xTaskResumeAll

.text.vTaskPriorityInherit
                0x9d0014bc      0x12c
 .text.vTaskPriorityInherit
                0x9d0014bc      0x12c build/default/production/_ext/357001740/tasks.o
                0x9d0014bc                vTaskPriorityInherit

.rodata         0x9d0015e8      0x128
 .rodata        0x9d0015e8      0x128 build/default/production/_ext/1688732426/system_exceptions.o

.text.DRV_ADC_Initialize
                0x9d001710      0x120
 .text.DRV_ADC_Initialize
                0x9d001710      0x120 build/default/production/_ext/1361460060/drv_adc_static.o
                0x9d001710                DRV_ADC_Initialize

.text.prvUnlockQueue
                0x9d001830      0x104
 .text.prvUnlockQueue
                0x9d001830      0x104 build/default/production/_ext/357001740/queue.o

.text.SYS_Tasks
                0x9d001934      0x104
 .text.SYS_Tasks
                0x9d001934      0x104 build/default/production/_ext/1688732426/system_tasks.o
                0x9d001934                SYS_Tasks

.text.prvCopyDataToQueue
                0x9d001a38       0xfc
 .text.prvCopyDataToQueue
                0x9d001a38       0xfc build/default/production/_ext/357001740/queue.o

.text.IntHandlerDrvUsartInstance0
                0x9d001b34       0xfc
 .text.IntHandlerDrvUsartInstance0
                0x9d001b34       0xfc build/default/production/_ext/1688732426/system_interrupt.o
                0x9d001b34                IntHandlerDrvUsartInstance0

.text.xTaskPriorityDisinherit
                0x9d001c30       0xf8
 .text.xTaskPriorityDisinherit
                0x9d001c30       0xf8 build/default/production/_ext/357001740/tasks.o
                0x9d001c30                xTaskPriorityDisinherit

.text.xQueueGenericSendFromISR
                0x9d001d28       0xe8
 .text.xQueueGenericSendFromISR
                0x9d001d28       0xe8 build/default/production/_ext/357001740/queue.o
                0x9d001d28                xQueueGenericSendFromISR

.text.vTaskSwitchContext
                0x9d001e10       0xe0
 .text.vTaskSwitchContext
                0x9d001e10       0xe0 build/default/production/_ext/357001740/tasks.o
                0x9d001e10                vTaskSwitchContext

.text.SYS_DEVCON_PerformanceConfig
                0x9d001ef0       0xdc
 .text.SYS_DEVCON_PerformanceConfig
                0x9d001ef0       0xdc build/default/production/_ext/23466643/sys_devcon_pic32mx.o
                0x9d001ef0                SYS_DEVCON_PerformanceConfig

.text.general_exception
                0x9d001fcc       0xdc
 .text.general_exception
                0x9d001fcc       0xdc c:/program files (x86)/microchip/xc32/v1.42/bin/bin/../../lib/gcc/pic32mx/4.8.3/../../../../pic32mx/lib\libpic32.a(general-exception.o)
                0x9d001fcc                _general_exception_context

.text.xQueueReceiveFromISR
                0x9d0020a8       0xd4
 .text.xQueueReceiveFromISR
                0x9d0020a8       0xd4 build/default/production/_ext/357001740/queue.o
                0x9d0020a8                xQueueReceiveFromISR

.text.xQueueGenericReset
                0x9d00217c       0xc4
 .text.xQueueGenericReset
                0x9d00217c       0xc4 build/default/production/_ext/357001740/queue.o
                0x9d00217c                xQueueGenericReset

.text.SYS_Initialize
                0x9d002240       0xc0
 .text.SYS_Initialize
                0x9d002240       0xc0 build/default/production/_ext/1688732426/system_init.o
                0x9d002240                SYS_Initialize

.text.xTaskRemoveFromEventList
                0x9d002300       0xbc
 .text.xTaskRemoveFromEventList
                0x9d002300       0xbc build/default/production/_ext/357001740/tasks.o
                0x9d002300                xTaskRemoveFromEventList

.text.pvPortMalloc
                0x9d0023bc       0xbc
 .text.pvPortMalloc
                0x9d0023bc       0xbc build/default/production/_ext/1663225769/heap_1.o
                0x9d0023bc                pvPortMalloc

.text.prvIdleTask
                0x9d002478       0xb4
 .text.prvIdleTask
                0x9d002478       0xb4 build/default/production/_ext/357001740/tasks.o

.text.sendMessageToBuffer
                0x9d00252c       0xa8
 .text.sendMessageToBuffer
                0x9d00252c       0xa8 build/default/production/_ext/1360937237/uart_tx.o
                0x9d00252c                sendMessageToBuffer

.text           0x9d0025d4       0xa8
 .text          0x9d0025d4       0xa8 c:/program files (x86)/microchip/xc32/v1.42/bin/bin/../../lib/gcc/pic32mx/4.8.3/../../../../pic32mx/lib\libpic32.a(memset.o)
                0x9d0025d4                memset

.text.xTaskCheckForTimeOut
                0x9d00267c       0xa0
 .text.xTaskCheckForTimeOut
                0x9d00267c       0xa0 build/default/production/_ext/357001740/tasks.o
                0x9d00267c                xTaskCheckForTimeOut

.text.MAINAPP_Tasks
                0x9d00271c       0x9c
 .text.MAINAPP_Tasks
                0x9d00271c       0x9c build/default/production/_ext/1360937237/mainapp.o
                0x9d00271c                MAINAPP_Tasks

.text.UART_RX_Tasks
                0x9d0027b8       0x98
 .text.UART_RX_Tasks
                0x9d0027b8       0x98 build/default/production/_ext/1360937237/uart_rx.o
                0x9d0027b8                UART_RX_Tasks

.text.xQueueGenericCreate
                0x9d002850       0x94
 .text.xQueueGenericCreate
                0x9d002850       0x94 build/default/production/_ext/357001740/queue.o
                0x9d002850                xQueueGenericCreate

.text.vTaskPlaceOnEventList
                0x9d0028e4       0x94
 .text.vTaskPlaceOnEventList
                0x9d0028e4       0x94 build/default/production/_ext/357001740/tasks.o
                0x9d0028e4                vTaskPlaceOnEventList

.text.vTaskStartScheduler
                0x9d002978       0x84
 .text.vTaskStartScheduler
                0x9d002978       0x84 build/default/production/_ext/357001740/tasks.o
                0x9d002978                vTaskStartScheduler

.text.filterAndSend
                0x9d0029fc       0x84
 .text.filterAndSend
                0x9d0029fc       0x84 build/default/production/_ext/1360937237/uart_rx.o
                0x9d0029fc                filterAndSend

.text.xQueueCreateMutex
                0x9d002a80       0x80
 .text.xQueueCreateMutex
                0x9d002a80       0x80 build/default/production/_ext/357001740/queue.o
                0x9d002a80                xQueueCreateMutex

.text.stringToMessage
                0x9d002b00       0x80
 .text.stringToMessage
                0x9d002b00       0x80 build/default/production/_ext/1360937237/uart_rx.o
                0x9d002b00                stringToMessage

.text.prvAddCurrentTaskToDelayedList
                0x9d002b80       0x70
 .text.prvAddCurrentTaskToDelayedList
                0x9d002b80       0x70 build/default/production/_ext/357001740/tasks.o

.dinit          0x9d002bf0       0x70
 .dinit         0x9d002bf0       0x70 data_init

.text.vApplicationSetupTickTimerInterrupt
                0x9d002c60       0x6c
 .text.vApplicationSetupTickTimerInterrupt
                0x9d002c60       0x6c build/default/production/_ext/201381206/port.o
                0x9d002c60                vApplicationSetupTickTimerInterrupt

.text.vTaskExitCritical
                0x9d002ccc       0x68
 .text.vTaskExitCritical
                0x9d002ccc       0x68 build/default/production/_ext/357001740/tasks.o
                0x9d002ccc                vTaskExitCritical

.text.vListInsert
                0x9d002d34       0x5c
 .text.vListInsert
                0x9d002d34       0x5c build/default/production/_ext/357001740/list.o
                0x9d002d34                vListInsert

.text.xPortStartScheduler
                0x9d002d90       0x5c
 .text.xPortStartScheduler
                0x9d002d90       0x5c build/default/production/_ext/201381206/port.o
                0x9d002d90                xPortStartScheduler

.text.SYS_DEVCON_SystemUnlock
                0x9d002dec       0x58
 .text.SYS_DEVCON_SystemUnlock
                0x9d002dec       0x58 build/default/production/_ext/23466643/sys_devcon.o
                0x9d002dec                SYS_DEVCON_SystemUnlock

.text.SYS_CLK_Initialize
                0x9d002e44       0x58
 .text.SYS_CLK_Initialize
                0x9d002e44       0x58 build/default/production/_ext/639803181/sys_clk_static.o
                0x9d002e44                SYS_CLK_Initialize

.text.main_entry
                0x9d002e9c       0x54
 .text.main_entry
                0x9d002e9c       0x54 c:/program files (x86)/microchip/xc32/v1.42/bin/bin/../../lib/gcc/pic32mx/4.8.3/../../../../pic32mx/lib/./proc/32MX795F512L/crt0_mips32r2.o
                0x9d002ed0                __crt0_exit

.text.pxPortInitialiseStack
                0x9d002ef0       0x54
 .text.pxPortInitialiseStack
                0x9d002ef0       0x54 build/default/production/_ext/201381206/port.o
                0x9d002ef0                pxPortInitialiseStack

.text.vPortIncrementTick
                0x9d002f44       0x54
 .text.vPortIncrementTick
                0x9d002f44       0x54 build/default/production/_ext/201381206/port.o
                0x9d002f44                vPortIncrementTick

.text.sendMessage
                0x9d002f98       0x54
 .text.sendMessage
                0x9d002f98       0x54 build/default/production/_ext/1360937237/mainapp.o
                0x9d002f98                sendMessage

.text.prvCopyDataFromQueue
                0x9d002fec       0x50
 .text.prvCopyDataFromQueue
                0x9d002fec       0x50 build/default/production/_ext/357001740/queue.o

.text.vTaskEnterCritical
                0x9d00303c       0x50
 .text.vTaskEnterCritical
                0x9d00303c       0x50 build/default/production/_ext/357001740/tasks.o
                0x9d00303c                vTaskEnterCritical

.rodata         0x9d00308c       0x50
 .rodata        0x9d00308c       0x50 build/default/production/_ext/1688732426/system_tasks.o

.text.SYS_DEVCON_SystemLock
                0x9d0030dc       0x48
 .text.SYS_DEVCON_SystemLock
                0x9d0030dc       0x48 build/default/production/_ext/23466643/sys_devcon.o
                0x9d0030dc                SYS_DEVCON_SystemLock

.text._bootstrap_exception_handler
                0x9d003124       0x48
 .text._bootstrap_exception_handler
                0x9d003124       0x48 c:/program files (x86)/microchip/xc32/v1.42/bin/bin/../../lib/gcc/pic32mx/4.8.3/../../../../pic32mx/lib\libpic32.a(default-bootstrap-exception-handler.o)
                0x9d003124                _bootstrap_exception_handler

.vector_default
                0x9d00316c       0x48
 .vector_default
                0x9d00316c       0x48 c:/program files (x86)/microchip/xc32/v1.42/bin/bin/../../lib/gcc/pic32mx/4.8.3/../../../../pic32mx/lib\libpic32.a(defaultinterrupt.o)
                0x9d00316c                _DefaultInterrupt

.text.uxListRemove
                0x9d0031b4       0x44
 .text.uxListRemove
                0x9d0031b4       0x44 build/default/production/_ext/357001740/list.o
                0x9d0031b4                uxListRemove

.text           0x9d0031f8       0x44
 .text          0x9d0031f8       0x44 c:/program files (x86)/microchip/xc32/v1.42/bin/bin/../../lib/gcc/pic32mx/4.8.3/../../../../pic32mx/lib\pic32_software_reset.o
                0x9d0031f8                __pic32_software_reset

.text.SYS_PORTS_Initialize
                0x9d00323c       0x40
 .text.SYS_PORTS_Initialize
                0x9d00323c       0x40 build/default/production/_ext/822048611/sys_ports_static.o
                0x9d00323c                SYS_PORTS_Initialize

.text._general_exception_handler
                0x9d00327c       0x40
 .text._general_exception_handler
                0x9d00327c       0x40 build/default/production/_ext/1688732426/system_exceptions.o
                0x9d00327c                _general_exception_handler

.text.OSAL_MUTEX_Create
                0x9d0032bc       0x3c
 .text.OSAL_MUTEX_Create
                0x9d0032bc       0x3c build/default/production/_ext/341040409/osal_freertos.o
                0x9d0032bc                OSAL_MUTEX_Create

.text.uxPortSetInterruptMaskFromISR
                0x9d0032f8       0x3c
 .text.uxPortSetInterruptMaskFromISR
                0x9d0032f8       0x3c build/default/production/_ext/201381206/port.o
                0x9d0032f8                uxPortSetInterruptMaskFromISR
