
Optional file libmchp_peripheral.a not found

Optional file libmchp_peripheral_32MX795F512L.a not found
Archive member included because of file (symbol)

c:/program files (x86)/microchip/xc32/v1.42/bin/bin/../../lib/gcc/pic32mx/4.8.3\libgcc.a(floatunsisf.o)
                              build/default/production/_ext/1360937237/adc_1.o (__floatunsisf)
c:/program files (x86)/microchip/xc32/v1.42/bin/bin/../../lib/gcc/pic32mx/4.8.3/../../../../pic32mx/lib\libpic32.a(memcpy.o)
                              build/default/production/_ext/357001740/queue.o (memcpy)
c:/program files (x86)/microchip/xc32/v1.42/bin/bin/../../lib/gcc/pic32mx/4.8.3/../../../../pic32mx/lib\libpic32.a(memset.o)
                              build/default/production/_ext/357001740/tasks.o (memset)
c:/program files (x86)/microchip/xc32/v1.42/bin/bin/../../lib/gcc/pic32mx/4.8.3/../../../../pic32mx/lib\libpic32.a(default-bootstrap-exception-handler.o)
                              c:/program files (x86)/microchip/xc32/v1.42/bin/bin/../../lib/gcc/pic32mx/4.8.3/../../../../pic32mx/lib/./proc/32MX795F512L/crt0_mips32r2.o (_bootstrap_exception_handler)
c:/program files (x86)/microchip/xc32/v1.42/bin/bin/../../lib/gcc/pic32mx/4.8.3/../../../../pic32mx/lib\libpic32.a(default-on-reset.o)
                              c:/program files (x86)/microchip/xc32/v1.42/bin/bin/../../lib/gcc/pic32mx/4.8.3/../../../../pic32mx/lib/./proc/32MX795F512L/crt0_mips32r2.o (_on_reset)
c:/program files (x86)/microchip/xc32/v1.42/bin/bin/../../lib/gcc/pic32mx/4.8.3/../../../../pic32mx/lib\libpic32.a(default-on-bootstrap.o)
                              c:/program files (x86)/microchip/xc32/v1.42/bin/bin/../../lib/gcc/pic32mx/4.8.3/../../../../pic32mx/lib/./proc/32MX795F512L/crt0_mips32r2.o (_on_bootstrap)
c:/program files (x86)/microchip/xc32/v1.42/bin/bin/../../lib/gcc/pic32mx/4.8.3/../../../../pic32mx/lib\libpic32.a(default-nmi-handler.o)
                              c:/program files (x86)/microchip/xc32/v1.42/bin/bin/../../lib/gcc/pic32mx/4.8.3/../../../../pic32mx/lib/./proc/32MX795F512L/crt0_mips32r2.o (_nmi_handler)
c:/program files (x86)/microchip/xc32/v1.42/bin/bin/../../lib/gcc/pic32mx/4.8.3/../../../../pic32mx/lib\libpic32.a(general-exception.o)
                              c:/program files (x86)/microchip/xc32/v1.42/bin/bin/../../lib/gcc/pic32mx/4.8.3/../../../../pic32mx/lib/./proc/32MX795F512L/crt0_mips32r2.o (_general_exception_context)
c:/program files (x86)/microchip/xc32/v1.42/bin/bin/../../lib/gcc/pic32mx/4.8.3/../../../../pic32mx/lib\libpic32.a(vector0.o)
                              c:/program files (x86)/microchip/xc32/v1.42/bin/bin/../../lib/gcc/pic32mx/4.8.3/../../../../pic32mx/lib/./proc/32MX795F512L\default_isr_vectors.o (__vector_dispatch_0)
c:/program files (x86)/microchip/xc32/v1.42/bin/bin/../../lib/gcc/pic32mx/4.8.3/../../../../pic32mx/lib\libpic32.a(vector2.o)
                              c:/program files (x86)/microchip/xc32/v1.42/bin/bin/../../lib/gcc/pic32mx/4.8.3/../../../../pic32mx/lib/./proc/32MX795F512L\default_isr_vectors.o (__vector_dispatch_2)
c:/program files (x86)/microchip/xc32/v1.42/bin/bin/../../lib/gcc/pic32mx/4.8.3/../../../../pic32mx/lib\libpic32.a(vector3.o)
                              c:/program files (x86)/microchip/xc32/v1.42/bin/bin/../../lib/gcc/pic32mx/4.8.3/../../../../pic32mx/lib/./proc/32MX795F512L\default_isr_vectors.o (__vector_dispatch_3)
c:/program files (x86)/microchip/xc32/v1.42/bin/bin/../../lib/gcc/pic32mx/4.8.3/../../../../pic32mx/lib\libpic32.a(vector5.o)
                              c:/program files (x86)/microchip/xc32/v1.42/bin/bin/../../lib/gcc/pic32mx/4.8.3/../../../../pic32mx/lib/./proc/32MX795F512L\default_isr_vectors.o (__vector_dispatch_5)
c:/program files (x86)/microchip/xc32/v1.42/bin/bin/../../lib/gcc/pic32mx/4.8.3/../../../../pic32mx/lib\libpic32.a(vector6.o)
                              c:/program files (x86)/microchip/xc32/v1.42/bin/bin/../../lib/gcc/pic32mx/4.8.3/../../../../pic32mx/lib/./proc/32MX795F512L\default_isr_vectors.o (__vector_dispatch_6)
c:/program files (x86)/microchip/xc32/v1.42/bin/bin/../../lib/gcc/pic32mx/4.8.3/../../../../pic32mx/lib\libpic32.a(vector7.o)
                              c:/program files (x86)/microchip/xc32/v1.42/bin/bin/../../lib/gcc/pic32mx/4.8.3/../../../../pic32mx/lib/./proc/32MX795F512L\default_isr_vectors.o (__vector_dispatch_7)
c:/program files (x86)/microchip/xc32/v1.42/bin/bin/../../lib/gcc/pic32mx/4.8.3/../../../../pic32mx/lib\libpic32.a(vector9.o)
                              c:/program files (x86)/microchip/xc32/v1.42/bin/bin/../../lib/gcc/pic32mx/4.8.3/../../../../pic32mx/lib/./proc/32MX795F512L\default_isr_vectors.o (__vector_dispatch_9)
c:/program files (x86)/microchip/xc32/v1.42/bin/bin/../../lib/gcc/pic32mx/4.8.3/../../../../pic32mx/lib\libpic32.a(vector10.o)
[...]
Memory Configuration

Name             Origin             Length             Attributes
kseg0_program_mem 0x9d000000         0x00080000         xr
kseg0_boot_mem   0x9fc00490         0x00000970
exception_mem    0x9fc01000         0x00001000
kseg1_boot_mem   0xbfc00000         0x00000490
debug_exec_mem   0xbfc02000         0x00000ff0
config3          0xbfc02ff0         0x00000004
config2          0xbfc02ff4         0x00000004
config1          0xbfc02ff8         0x00000004
config0          0xbfc02ffc         0x00000004
kseg1_data_mem   0xa0000000         0x00020000         w !x
sfrs             0xbf800000         0x00100000
configsfrs       0xbfc02ff0         0x00000010
*default*        0x00000000         0xffffffff

Linker script and memory map

LOAD c:/program files (x86)/microchip/xc32/v1.42/bin/bin/../../lib/gcc/pic32mx/4.8.3/../../../../pic32mx/lib/./proc/32MX795F512L/crt0_mips32r2.o
LOAD c:/program files (x86)/microchip/xc32/v1.42/bin/bin/../../lib/gcc/pic32mx/4.8.3/../../../../pic32mx/lib\debug-exception-return.o
LOAD build/default/production/_ext/1361460060/drv_adc_static.o
LOAD build/default/production/_ext/1047219354/drv_oc_mapping.o
LOAD build/default/production/_ext/1047219354/drv_oc_static.o
LOAD build/default/production/_ext/1407244131/drv_tmr_static.o
LOAD build/default/production/_ext/1407244131/drv_tmr_mapping.o
LOAD build/default/production/_ext/327000265/drv_usart_mapping.o
LOAD build/default/production/_ext/327000265/drv_usart_static.o
LOAD build/default/production/_ext/327000265/drv_usart_static_byte_model.o
LOAD build/default/production/_ext/639803181/sys_clk_static.o
LOAD build/default/production/_ext/822048611/sys_ports_static.o
LOAD build/default/production/_ext/1688732426/system_init.o
LOAD build/default/production/_ext/1688732426/system_interrupt.o
LOAD build/default/production/_ext/1688732426/system_exceptions.o
LOAD build/default/production/_ext/1688732426/system_tasks.o
LOAD build/default/production/_ext/1688732426/system_interrupt_a.o
LOAD build/default/production/_ext/1688732426/rtos_hooks.o
LOAD build/default/production/_ext/1360937237/mainapp.o
LOAD build/default/production/_ext/1360937237/motor_control.o
LOAD build/default/production/_ext/1360937237/uart_tx.o
LOAD build/default/production/_ext/1360937237/uart_rx.o
LOAD build/default/production/_ext/1360937237/main.o
LOAD build/default/production/_ext/1360937237/adc_1.o
LOAD build/default/production/_ext/1360937237/softwareTimer.o
LOAD build/default/production/_ext/341040409/osal_freertos.o
LOAD build/default/production/_ext/23466643/sys_devcon.o
LOAD build/default/production/_ext/23466643/sys_devcon_pic32mx.o
LOAD build/default/production/_ext/1667967065/sys_int_pic32.o
LOAD build/default/production/_ext/1663225769/heap_1.o
LOAD build/default/production/_ext/201381206/port.o
LOAD build/default/production/_ext/201381206/port_asm.o
LOAD build/default/production/_ext/357001740/croutine.o
LOAD build/default/production/_ext/357001740/list.o
LOAD build/default/production/_ext/357001740/queue.o
LOAD build/default/production/_ext/357001740/tasks.o
LOAD build/default/production/_ext/357001740/timers.o
LOAD build/default/production/_ext/357001740/event_groups.o
LOAD ..\..\..\..\..\microchip\harmony\v1_08_01\bin\framework\peripheral\PIC32MX795F512L_peripherals.a
LOAD ..\..\..\..\..\microchip\harmony\v1_08_01\framework\tcpip\src\crypto\aes_pic32mx.a
                0x00000001                __MPLAB_BUILD = 0x1
                0x00000000                _min_heap_size = 0x0
LOAD c:/program files (x86)/microchip/xc32/v1.42/bin/bin/../../lib/gcc/pic32mx/4.8.3/../../../../pic32mx/lib/./proc/32MX795F512L\default_isr_vectors.o
LOAD c:/program files (x86)/microchip/xc32/v1.42/bin/bin/../../lib/gcc/pic32mx/4.8.3/../../../../pic32mx/lib\pic32_software_reset.o
                0x00000400                PROVIDE (_min_stack_size, 0x400)
LOAD c:/program files (x86)/microchip/xc32/v1.42/bin/bin/../../lib/gcc/pic32mx/4.8.3/../../../../pic32mx/lib/./proc/32MX795F512L\processor.o
START GROUP
LOAD libmchp_peripheral.a
END GROUP
START GROUP
LOAD libmchp_peripheral_32MX795F512L.a
END GROUP
                0x00000001                PROVIDE (_vector_spacing, 0x1)
                0x9fc01000                PROVIDE (_ebase_address, 0x9fc01000)
                0xbfc00000                _RESET_ADDR = 0xbfc00000
                0xbfc00380                _BEV_EXCPT_ADDR = 0xbfc00380
                0xbfc00480                _DBG_EXCPT_ADDR = 0xbfc00480
                0xbfc02000                _DBG_CODE_ADDR = 0xbfc02000
                0x00000ff0                _DBG_CODE_SIZE = 0xff0
                0x9fc01180                _GEN_EXCPT_ADDR = (_ebase_address + 0x180)

.config_BFC02FF0
                0xbfc02ff0        0x4
 *(.config_BFC02FF0)
 .config_BFC02FF0
                0xbfc02ff0        0x4 build/default/production/_ext/1688732426/system_init.o

.config_BFC02FF4
                0xbfc02ff4        0x4
 *(.config_BFC02FF4)
 .config_BFC02FF4
                0xbfc02ff4        0x4 build/default/production/_ext/1688732426/system_init.o

.config_BFC02FF8
                0xbfc02ff8        0x4
 *(.config_BFC02FF8)
 .config_BFC02FF8
                0xbfc02ff8        0x4 build/default/production/_ext/1688732426/system_init.o

.config_BFC02FFC
                0xbfc02ffc        0x4
 *(.config_BFC02FFC)
 .config_BFC02FFC
                0xbfc02ffc        0x4 build/default/production/_ext/1688732426/system_init.o
                0xbfc02000                PROVIDE (_DBG_CODE_ADDR, 0xbfc02000)
                0x00000ff0                PROVIDE (_DBG_CODE_SIZE, 0xff0)

.reset          0xbfc00000      0x208
 *(.reset)
 .reset         0xbfc00000        0x8 c:/program files (x86)/microchip/xc32/v1.42/bin/bin/../../lib/gcc/pic32mx/4.8.3/../../../../pic32mx/lib/./proc/32MX795F512L/crt0_mips32r2.o
                0xbfc00000                _reset
 *(.reset.startup)
 .reset.startup
                0xbfc00008      0x200 c:/program files (x86)/microchip/xc32/v1.42/bin/bin/../../lib/gcc/pic32mx/4.8.3/../../../../pic32mx/lib/./proc/32MX795F512L/crt0_mips32r2.o

.bev_excpt      0xbfc00380       0x10
 *(.bev_handler)
 .bev_handler   0xbfc00380       0x10 c:/program files (x86)/microchip/xc32/v1.42/bin/bin/../../lib/gcc/pic32mx/4.8.3/../../../../pic32mx/lib/./proc/32MX795F512L/crt0_mips32r2.o

.dbg_excpt      0xbfc00480        0x0
                0xbfc00480                . = (. + DEFINED (_DEBUGGER)?0x8:0x0)

.dbg_code       0xbfc02000        0x0
                0xbfc02000                . = (. + DEFINED (_DEBUGGER)?_DBG_CODE_SIZE:0x0)

.app_excpt      0x9fc01180       0x10
 *(.gen_handler)
 .gen_handler   0x9fc01180       0x10 c:/program files (x86)/microchip/xc32/v1.42/bin/bin/../../lib/gcc/pic32mx/4.8.3/../../../../pic32mx/lib/./proc/32MX795F512L/crt0_mips32r2.o

.vector_0       0x9fc01200        0x8
 *(.vector_0)
 .vector_0      0x9fc01200        0x8 c:/program files (x86)/microchip/xc32/v1.42/bin/bin/../../lib/gcc/pic32mx/4.8.3/../../../../pic32mx/lib\libpic32.a(vector0.o)
                0x9fc01200                __vector_dispatch_0
                0x00000001                ASSERT (((_vector_spacing == 0x0) || (SIZEOF (.vector_0) <= (_vector_spacing << 0x5))), function at exception vector 0 too large)

.vector_1       0x9fc01220        0x8
 *(.vector_1)
 .vector_1      0x9fc01220        0x8 build/default/production/_ext/201381206/port.o
                0x9fc01220                __vector_dispatch_1
                0x00000001                ASSERT (((_vector_spacing == 0x0) || (SIZEOF (.vector_1) <= (_vector_spacing << 0x5))), function at exception vector 1 too large)

.vector_2       0x9fc01240        0x8
 *(.vector_2)
 .vector_2      0x9fc01240        0x8 c:/program files (x86)/microchip/xc32/v1.42/bin/bin/../../lib/gcc/pic32mx/4.8.3/../../../../pic32mx/lib\libpic32.a(vector2.o)
                0x9fc01240                __vector_dispatch_2
                0x00000001                ASSERT (((_vector_spacing == 0x0) || (SIZEOF (.vector_2) <= (_vector_spacing << 0x5))), function at exception vector 2 too large)

.vector_3       0x9fc01260        0x8
 *(.vector_3)
 .vector_3      0x9fc01260        0x8 c:/program files (x86)/microchip/xc32/v1.42/bin/bin/../../lib/gcc/pic32mx/4.8.3/../../../../pic32mx/lib\libpic32.a(vector3.o)
                0x9fc01260                __vector_dispatch_3
                0x00000001                ASSERT (((_vector_spacing == 0x0) || (SIZEOF (.vector_3) <= (_vector_spacing << 0x5))), function at exception vector 3 too large)

.vector_4       0x9fc01280        0x8
 *(.vector_4)
 .vector_4      0x9fc01280        0x8 build/default/production/_ext/201381206/port.o
                0x9fc01280                __vector_dispatch_4
                0x00000001                ASSERT (((_vector_spacing == 0x0) || (SIZEOF (.vector_4) <= (_vector_spacing << 0x5))), function at exception vector 4 too large)

.vector_5       0x9fc012a0        0x8
 *(.vector_5)
 .vector_5      0x9fc012a0        0x8 c:/program files (x86)/microchip/xc32/v1.42/bin/bin/../../lib/gcc/pic32mx/4.8.3/../../../../pic32mx/lib\libpic32.a(vector5.o)
                0x9fc012a0                __vector_dispatch_5
                0x00000001                ASSERT (((_vector_spacing == 0x0) || (SIZEOF (.vector_5) <= (_vector_spacing << 0x5))), function at exception vector 5 too large)

.vector_6       0x9fc012c0        0x8
 *(.vector_6)
 .vector_6      0x9fc012c0        0x8 c:/program files (x86)/microchip/xc32/v1.42/bin/bin/../../lib/gcc/pic32mx/4.8.3/../../../../pic32mx/lib\libpic32.a(vector6.o)
                0x9fc012c0                __vector_dispatch_6
                0x00000001                ASSERT (((_vector_spacing == 0x0) || (SIZEOF (.vector_6) <= (_vector_spacing << 0x5))), function at exception vector 6 too large)

.vector_7       0x9fc012e0        0x8
 *(.vector_7)
 .vector_7      0x9fc012e0        0x8 c:/program files (x86)/microchip/xc32/v1.42/bin/bin/../../lib/gcc/pic32mx/4.8.3/../../../../pic32mx/lib\libpic32.a(vector7.o)
                0x9fc012e0                __vector_dispatch_7
                0x00000001                ASSERT (((_vector_spacing == 0x0) || (SIZEOF (.vector_7) <= (_vector_spacing << 0x5))), function at exception vector 7 too large)

.vector_8       0x9fc01300       0x10
 *(.vector_8)
 .vector_8      0x9fc01300       0x10 build/default/production/_ext/1688732426/system_interrupt_a.o
                0x9fc01300                __vector_dispatch_8
                0x00000001                ASSERT (((_vector_spacing == 0x0) || (SIZEOF (.vector_8) <= (_vector_spacing << 0x5))), function at exception vector 8 too large)

.vector_9       0x9fc01320        0x8
 *(.vector_9)
 .vector_9      0x9fc01320        0x8 c:/program files (x86)/microchip/xc32/v1.42/bin/bin/../../lib/gcc/pic32mx/4.8.3/../../../../pic32mx/lib\libpic32.a(vector9.o)
                0x9fc01320                __vector_dispatch_9
                0x00000001                ASSERT (((_vector_spacing == 0x0) || (SIZEOF (.vector_9) <= (_vector_spacing << 0x5))), function at exception vector 9 too large)

.vector_10      0x9fc01340        0x8
 *(.vector_10)
 .vector_10     0x9fc01340        0x8 c:/program files (x86)/microchip/xc32/v1.42/bin/bin/../../lib/gcc/pic32mx/4.8.3/../../../../pic32mx/lib\libpic32.a(vector10.o)
                0x9fc01340                __vector_dispatch_10
                0x00000001                ASSERT (((_vector_spacing == 0x0) || (SIZEOF (.vector_10) <= (_vector_spacing << 0x5))), function at exception vector 10 too large)

.vector_11      0x9fc01360        0x8
 *(.vector_11)
 .vector_11     0x9fc01360        0x8 c:/program files (x86)/microchip/xc32/v1.42/bin/bin/../../lib/gcc/pic32mx/4.8.3/../../../../pic32mx/lib\libpic32.a(vector11.o)
                0x9fc01360                __vector_dispatch_11
                0x00000001                ASSERT (((_vector_spacing == 0x0) || (SIZEOF (.vector_11) <= (_vector_spacing << 0x5))), function at exception vector 11 too large)

.vector_12      0x9fc01380        0x8
 *(.vector_12)
 .vector_12     0x9fc01380        0x8 c:/program files (x86)/microchip/xc32/v1.42/bin/bin/../../lib/gcc/pic32mx/4.8.3/../../../../pic32mx/lib\libpic32.a(vector12.o)
                0x9fc01380                __vector_dispatch_12
                0x00000001                ASSERT (((_vector_spacing == 0x0) || (SIZEOF (.vector_12) <= (_vector_spacing << 0x5))), function at exception vector 12 too large)

.vector_13      0x9fc013a0        0x8
 *(.vector_13)
 .vector_13     0x9fc013a0        0x8 c:/program files (x86)/microchip/xc32/v1.42/bin/bin/../../lib/gcc/pic32mx/4.8.3/../../../../pic32mx/lib\libpic32.a(vector13.o)
                0x9fc013a0                __vector_dispatch_13
                0x00000001                ASSERT (((_vector_spacing == 0x0) || (SIZEOF (.vector_13) <= (_vector_spacing << 0x5))), function at exception vector 13 too large)

.vector_14      0x9fc013c0        0x8
 *(.vector_14)
 .vector_14     0x9fc013c0        0x8 c:/program files (x86)/microchip/xc32/v1.42/bin/bin/../../lib/gcc/pic32mx/4.8.3/../../../../pic32mx/lib\libpic32.a(vector14.o)
                0x9fc013c0                __vector_dispatch_14
                0x00000001                ASSERT (((_vector_spacing == 0x0) || (SIZEOF (.vector_14) <= (_vector_spacing << 0x5))), function at exception vector 14 too large)

.vector_15      0x9fc013e0        0x8
 *(.vector_15)
 .vector_15     0x9fc013e0        0x8 c:/program files (x86)/microchip/xc32/v1.42/bin/bin/../../lib/gcc/pic32mx/4.8.3/../../../../pic32mx/lib\libpic32.a(vector15.o)
                0x9fc013e0                __vector_dispatch_15
                0x00000001                ASSERT (((_vector_spacing == 0x0) || (SIZEOF (.vector_15) <= (_vector_spacing << 0x5))), function at exception vector 15 too large)

.vector_16      0x9fc01400        0x8
 *(.vector_16)
 .vector_16     0x9fc01400        0x8 c:/program files (x86)/microchip/xc32/v1.42/bin/bin/../../lib/gcc/pic32mx/4.8.3/../../../../pic32mx/lib\libpic32.a(vector16.o)
                0x9fc01400                __vector_dispatch_16
                0x00000001                ASSERT (((_vector_spacing == 0x0) || (SIZEOF (.vector_16) <= (_vector_spacing << 0x5))), function at exception vector 16 too large)

.vector_17      0x9fc01420        0x8
 *(.vector_17)
 .vector_17     0x9fc01420        0x8 c:/program files (x86)/microchip/xc32/v1.42/bin/bin/../../lib/gcc/pic32mx/4.8.3/../../../../pic32mx/lib\libpic32.a(vector17.o)
                0x9fc01420                __vector_dispatch_17
                0x00000001                ASSERT (((_vector_spacing == 0x0) || (SIZEOF (.vector_17) <= (_vector_spacing << 0x5))), function at exception vector 17 too large)

.vector_18      0x9fc01440        0x8
 *(.vector_18)
 .vector_18     0x9fc01440        0x8 c:/program files (x86)/microchip/xc32/v1.42/bin/bin/../../lib/gcc/pic32mx/4.8.3/../../../../pic32mx/lib\libpic32.a(vector18.o)
                0x9fc01440                __vector_dispatch_18
                0x00000001                ASSERT (((_vector_spacing == 0x0) || (SIZEOF (.vector_18) <= (_vector_spacing << 0x5))), function at exception vector 18 too large)

.vector_19      0x9fc01460        0x8
 *(.vector_19)
 .vector_19     0x9fc01460        0x8 c:/program files (x86)/microchip/xc32/v1.42/bin/bin/../../lib/gcc/pic32mx/4.8.3/../../../../pic32mx/lib\libpic32.a(vector19.o)
                0x9fc01460                __vector_dispatch_19
                0x00000001                ASSERT (((_vector_spacing == 0x0) || (SIZEOF (.vector_19) <= (_vector_spacing << 0x5))), function at exception vector 19 too large)

.vector_20      0x9fc01480        0x8
 *(.vector_20)
 .vector_20     0x9fc01480        0x8 c:/program files (x86)/microchip/xc32/v1.42/bin/bin/../../lib/gcc/pic32mx/4.8.3/../../../../pic32mx/lib\libpic32.a(vector20.o)
                0x9fc01480                __vector_dispatch_20
                0x00000001                ASSERT (((_vector_spacing == 0x0) || (SIZEOF (.vector_20) <= (_vector_spacing << 0x5))), function at exception vector 20 too large)

.vector_21      0x9fc014a0        0x8
 *(.vector_21)
 .vector_21     0x9fc014a0        0x8 c:/program files (x86)/microchip/xc32/v1.42/bin/bin/../../lib/gcc/pic32mx/4.8.3/../../../../pic32mx/lib\libpic32.a(vector21.o)
                0x9fc014a0                __vector_dispatch_21
                0x00000001                ASSERT (((_vector_spacing == 0x0) || (SIZEOF (.vector_21) <= (_vector_spacing << 0x5))), function at exception vector 21 too large)

.vector_22      0x9fc014c0        0x8
 *(.vector_22)
 .vector_22     0x9fc014c0        0x8 c:/program files (x86)/microchip/xc32/v1.42/bin/bin/../../lib/gcc/pic32mx/4.8.3/../../../../pic32mx/lib\libpic32.a(vector22.o)
                0x9fc014c0                __vector_dispatch_22
                0x00000001                ASSERT (((_vector_spacing == 0x0) || (SIZEOF (.vector_22) <= (_vector_spacing << 0x5))), function at exception vector 22 too large)

.vector_23      0x9fc014e0        0x8
 *(.vector_23)
 .vector_23     0x9fc014e0        0x8 c:/program files (x86)/microchip/xc32/v1.42/bin/bin/../../lib/gcc/pic32mx/4.8.3/../../../../pic32mx/lib\libpic32.a(vector23.o)
                0x9fc014e0                __vector_dispatch_23
                0x00000001                ASSERT (((_vector_spacing == 0x0) || (SIZEOF (.vector_23) <= (_vector_spacing << 0x5))), function at exception vector 23 too large)

.vector_24      0x9fc01500       0x10
 *(.vector_24)
 .vector_24     0x9fc01500       0x10 build/default/production/_ext/1688732426/system_interrupt_a.o
                0x9fc01500                __vector_dispatch_24
                0x00000001                ASSERT (((_vector_spacing == 0x0) || (SIZEOF (.vector_24) <= (_vector_spacing << 0x5))), function at exception vector 24 too large)

.vector_25      0x9fc01520        0x8
 *(.vector_25)
 .vector_25     0x9fc01520        0x8 c:/program files (x86)/microchip/xc32/v1.42/bin/bin/../../lib/gcc/pic32mx/4.8.3/../../../../pic32mx/lib\libpic32.a(vector25.o)
                0x9fc01520                __vector_dispatch_25
                0x00000001                ASSERT (((_vector_spacing == 0x0) || (SIZEOF (.vector_25) <= (_vector_spacing << 0x5))), function at exception vector 25 too large)

.vector_26      0x9fc01540        0x8
 *(.vector_26)
 .vector_26     0x9fc01540        0x8 c:/program files (x86)/microchip/xc32/v1.42/bin/bin/../../lib/gcc/pic32mx/4.8.3/../../../../pic32mx/lib\libpic32.a(vector26.o)
                0x9fc01540                __vector_dispatch_26
                0x00000001                ASSERT (((_vector_spacing == 0x0) || (SIZEOF (.vector_26) <= (_vector_spacing << 0x5))), function at exception vector 26 too large)

.vector_27      0x9fc01560       0x10
 *(.vector_27)
 .vector_27     0x9fc01560       0x10 build/default/production/_ext/1688732426/system_interrupt_a.o
                0x9fc01560                __vector_dispatch_27
                0x00000001                ASSERT (((_vector_spacing == 0x0) || (SIZEOF (.vector_27) <= (_vector_spacing << 0x5))), function at exception vector 27 too large)

.vector_28      0x9fc01580        0x8
 *(.vector_28)
 .vector_28     0x9fc01580        0x8 c:/program files (x86)/microchip/xc32/v1.42/bin/bin/../../lib/gcc/pic32mx/4.8.3/../../../../pic32mx/lib\libpic32.a(vector28.o)
                0x9fc01580                __vector_dispatch_28
                0x00000001                ASSERT (((_vector_spacing == 0x0) || (SIZEOF (.vector_28) <= (_vector_spacing << 0x5))), function at exception vector 28 too large)

.vector_29      0x9fc015a0        0x8
 *(.vector_29)
 .vector_29     0x9fc015a0        0x8 c:/program files (x86)/microchip/xc32/v1.42/bin/bin/../../lib/gcc/pic32mx/4.8.3/../../../../pic32mx/lib\libpic32.a(vector29.o)
                0x9fc015a0                __vector_dispatch_29
                0x00000001                ASSERT (((_vector_spacing == 0x0) || (SIZEOF (.vector_29) <= (_vector_spacing << 0x5))), function at exception vector 29 too large)

.vector_30      0x9fc015c0        0x8
 *(.vector_30)
 .vector_30     0x9fc015c0        0x8 c:/program files (x86)/microchip/xc32/v1.42/bin/bin/../../lib/gcc/pic32mx/4.8.3/../../../../pic32mx/lib\libpic32.a(vector30.o)
                0x9fc015c0                __vector_dispatch_30
                0x00000001                ASSERT (((_vector_spacing == 0x0) || (SIZEOF (.vector_30) <= (_vector_spacing << 0x5))), function at exception vector 30 too large)

.vector_31      0x9fc015e0        0x8
 *(.vector_31)
 .vector_31     0x9fc015e0        0x8 c:/program files (x86)/microchip/xc32/v1.42/bin/bin/../../lib/gcc/pic32mx/4.8.3/../../../../pic32mx/lib\libpic32.a(vector31.o)
                0x9fc015e0                __vector_dispatch_31
                0x00000001                ASSERT (((_vector_spacing == 0x0) || (SIZEOF (.vector_31) <= (_vector_spacing << 0x5))), function at exception vector 31 too large)

.vector_32      0x9fc01600        0x8
 *(.vector_32)
 .vector_32     0x9fc01600        0x8 c:/program files (x86)/microchip/xc32/v1.42/bin/bin/../../lib/gcc/pic32mx/4.8.3/../../../../pic32mx/lib\libpic32.a(vector32.o)
                0x9fc01600                __vector_dispatch_32
                0x00000001                ASSERT (((_vector_spacing == 0x0) || (SIZEOF (.vector_32) <= (_vector_spacing << 0x5))), function at exception vector 32 too large)

.vector_33      0x9fc01620        0x8
 *(.vector_33)
 .vector_33     0x9fc01620        0x8 c:/program files (x86)/microchip/xc32/v1.42/bin/bin/../../lib/gcc/pic32mx/4.8.3/../../../../pic32mx/lib\libpic32.a(vector33.o)
                0x9fc01620                __vector_dispatch_33
                0x00000001                ASSERT (((_vector_spacing == 0x0) || (SIZEOF (.vector_33) <= (_vector_spacing << 0x5))), function at exception vector 33 too large)

.vector_34      0x9fc01640        0x8
 *(.vector_34)
 .vector_34     0x9fc01640        0x8 c:/program files (x86)/microchip/xc32/v1.42/bin/bin/../../lib/gcc/pic32mx/4.8.3/../../../../pic32mx/lib\libpic32.a(vector34.o)
                0x9fc01640                __vector_dispatch_34
                0x00000001                ASSERT (((_vector_spacing == 0x0) || (SIZEOF (.vector_34) <= (_vector_spacing << 0x5))), function at exception vector 34 too large)

.vector_35      0x9fc01660        0x8
 *(.vector_35)
 .vector_35     0x9fc01660        0x8 c:/program files (x86)/microchip/xc32/v1.42/bin/bin/../../lib/gcc/pic32mx/4.8.3/../../../../pic32mx/lib\libpic32.a(vector35.o)
                0x9fc01660                __vector_dispatch_35
                0x00000001                ASSERT (((_vector_spacing == 0x0) || (SIZEOF (.vector_35) <= (_vector_spacing << 0x5))), function at exception vector 35 too large)

.vector_36      0x9fc01680        0x8
 *(.vector_36)
 .vector_36     0x9fc01680        0x8 c:/program files (x86)/microchip/xc32/v1.42/bin/bin/../../lib/gcc/pic32mx/4.8.3/../../../../pic32mx/lib\libpic32.a(vector36.o)
                0x9fc01680                __vector_dispatch_36
                0x00000001                ASSERT (((_vector_spacing == 0x0) || (SIZEOF (.vector_36) <= (_vector_spacing << 0x5))), function at exception vector 36 too large)

.vector_37      0x9fc016a0        0x8
 *(.vector_37)
 .vector_37     0x9fc016a0        0x8 c:/program files (x86)/microchip/xc32/v1.42/bin/bin/../../lib/gcc/pic32mx/4.8.3/../../../../pic32mx/lib\libpic32.a(vector37.o)
                0x9fc016a0                __vector_dispatch_37
                0x00000001                ASSERT (((_vector_spacing == 0x0) || (SIZEOF (.vector_37) <= (_vector_spacing << 0x5))), function at exception vector 37 too large)

.vector_38      0x9fc016c0        0x8
 *(.vector_38)
 .vector_38     0x9fc016c0        0x8 c:/program files (x86)/microchip/xc32/v1.42/bin/bin/../../lib/gcc/pic32mx/4.8.3/../../../../pic32mx/lib\libpic32.a(vector38.o)
                0x9fc016c0                __vector_dispatch_38
                0x00000001                ASSERT (((_vector_spacing == 0x0) || (SIZEOF (.vector_38) <= (_vector_spacing << 0x5))), function at exception vector 38 too large)

.vector_39      0x9fc016e0        0x8
 *(.vector_39)
 .vector_39     0x9fc016e0        0x8 c:/program files (x86)/microchip/xc32/v1.42/bin/bin/../../lib/gcc/pic32mx/4.8.3/../../../../pic32mx/lib\libpic32.a(vector39.o)
                0x9fc016e0                __vector_dispatch_39
                0x00000001                ASSERT (((_vector_spacing == 0x0) || (SIZEOF (.vector_39) <= (_vector_spacing << 0x5))), function at exception vector 39 too large)

.vector_40      0x9fc01700        0x8
 *(.vector_40)
 .vector_40     0x9fc01700        0x8 c:/program files (x86)/microchip/xc32/v1.42/bin/bin/../../lib/gcc/pic32mx/4.8.3/../../../../pic32mx/lib\libpic32.a(vector40.o)
                0x9fc01700                __vector_dispatch_40
                0x00000001                ASSERT (((_vector_spacing == 0x0) || (SIZEOF (.vector_40) <= (_vector_spacing << 0x5))), function at exception vector 40 too large)

.vector_41      0x9fc01720        0x8
 *(.vector_41)
 .vector_41     0x9fc01720        0x8 c:/program files (x86)/microchip/xc32/v1.42/bin/bin/../../lib/gcc/pic32mx/4.8.3/../../../../pic32mx/lib\libpic32.a(vector41.o)
                0x9fc01720                __vector_dispatch_41
                0x00000001                ASSERT (((_vector_spacing == 0x0) || (SIZEOF (.vector_41) <= (_vector_spacing << 0x5))), function at exception vector 41 too large)

.vector_42      0x9fc01740        0x8
 *(.vector_42)
 .vector_42     0x9fc01740        0x8 c:/program files (x86)/microchip/xc32/v1.42/bin/bin/../../lib/gcc/pic32mx/4.8.3/../../../../pic32mx/lib\libpic32.a(vector42.o)
                0x9fc01740                __vector_dispatch_42
                0x00000001                ASSERT (((_vector_spacing == 0x0) || (SIZEOF (.vector_42) <= (_vector_spacing << 0x5))), function at exception vector 42 too large)

.vector_43      0x9fc01760        0x8
 *(.vector_43)
 .vector_43     0x9fc01760        0x8 c:/program files (x86)/microchip/xc32/v1.42/bin/bin/../../lib/gcc/pic32mx/4.8.3/../../../../pic32mx/lib\libpic32.a(vector43.o)
                0x9fc01760                __vector_dispatch_43
                0x00000001                ASSERT (((_vector_spacing == 0x0) || (SIZEOF (.vector_43) <= (_vector_spacing << 0x5))), function at exception vector 43 too large)

.vector_44      0x9fc01780        0x8
 *(.vector_44)
 .vector_44     0x9fc01780        0x8 c:/program files (x86)/microchip/xc32/v1.42/bin/bin/../../lib/gcc/pic32mx/4.8.3/../../../../pic32mx/lib\libpic32.a(vector44.o)
                0x9fc01780                __vector_dispatch_44
                0x00000001                ASSERT (((_vector_spacing == 0x0) || (SIZEOF (.vector_44) <= (_vector_spacing << 0x5))), function at exception vector 44 too large)

.vector_45      0x9fc017a0        0x8
 *(.vector_45)
 .vector_45     0x9fc017a0        0x8 c:/program files (x86)/microchip/xc32/v1.42/bin/bin/../../lib/gcc/pic32mx/4.8.3/../../../../pic32mx/lib\libpic32.a(vector45.o)
                0x9fc017a0                __vector_dispatch_45
                0x00000001                ASSERT (((_vector_spacing == 0x0) || (SIZEOF (.vector_45) <= (_vector_spacing << 0x5))), function at exception vector 45 too large)

.vector_46      0x9fc017c0        0x8
 *(.vector_46)
 .vector_46     0x9fc017c0        0x8 c:/program files (x86)/microchip/xc32/v1.42/bin/bin/../../lib/gcc/pic32mx/4.8.3/../../../../pic32mx/lib\libpic32.a(vector46.o)
                0x9fc017c0                __vector_dispatch_46
                0x00000001                ASSERT (((_vector_spacing == 0x0) || (SIZEOF (.vector_46) <= (_vector_spacing << 0x5))), function at exception vector 46 too large)

.vector_47      0x9fc017e0        0x8
 *(.vector_47)
 .vector_47     0x9fc017e0        0x8 c:/program files (x86)/microchip/xc32/v1.42/bin/bin/../../lib/gcc/pic32mx/4.8.3/../../../../pic32mx/lib\libpic32.a(vector47.o)
                0x9fc017e0                __vector_dispatch_47
                0x00000001                ASSERT (((_vector_spacing == 0x0) || (SIZEOF (.vector_47) <= (_vector_spacing << 0x5))), function at exception vector 47 too large)

.vector_48      0x9fc01800        0x8
 *(.vector_48)
 .vector_48     0x9fc01800        0x8 c:/program files (x86)/microchip/xc32/v1.42/bin/bin/../../lib/gcc/pic32mx/4.8.3/../../../../pic32mx/lib\libpic32.a(vector48.o)
                0x9fc01800                __vector_dispatch_48
                0x00000001                ASSERT (((_vector_spacing == 0x0) || (SIZEOF (.vector_48) <= (_vector_spacing << 0x5))), function at exception vector 48 too large)

.vector_49      0x9fc01820        0x8
 *(.vector_49)
 .vector_49     0x9fc01820        0x8 c:/program files (x86)/microchip/xc32/v1.42/bin/bin/../../lib/gcc/pic32mx/4.8.3/../../../../pic32mx/lib\libpic32.a(vector49.o)
                0x9fc01820                __vector_dispatch_49
                0x00000001                ASSERT (((_vector_spacing == 0x0) || (SIZEOF (.vector_49) <= (_vector_spacing << 0x5))), function at exception vector 49 too large)

.vector_50      0x9fc01840        0x8
 *(.vector_50)
 .vector_50     0x9fc01840        0x8 c:/program files (x86)/microchip/xc32/v1.42/bin/bin/../../lib/gcc/pic32mx/4.8.3/../../../../pic32mx/lib\libpic32.a(vector50.o)
                0x9fc01840                __vector_dispatch_50
                0x00000001                ASSERT (((_vector_spacing == 0x0) || (SIZEOF (.vector_50) <= (_vector_spacing << 0x5))), function at exception vector 50 too large)

.vector_51      0x9fc01860        0x8
 *(.vector_51)
 .vector_51     0x9fc01860        0x8 c:/program files (x86)/microchip/xc32/v1.42/bin/bin/../../lib/gcc/pic32mx/4.8.3/../../../../pic32mx/lib\libpic32.a(vector51.o)
                0x9fc01860                __vector_dispatch_51
                0x00000001                ASSERT (((_vector_spacing == 0x0) || (SIZEOF (.vector_51) <= (_vector_spacing << 0x5))), function at exception vector 51 too large)

.vector_52      0x9fc01880        0x0
 *(.vector_52)
                0x00000001                ASSERT (((_vector_spacing == 0x0) || (SIZEOF (.vector_52) <= (_vector_spacing << 0x5))), function at exception vector 52 too large)

.vector_53      0x9fc018a0        0x0
 *(.vector_53)
                0x00000001                ASSERT (((_vector_spacing == 0x0) || (SIZEOF (.vector_53) <= (_vector_spacing << 0x5))), function at exception vector 53 too large)

.vector_54      0x9fc018c0        0x0
 *(.vector_54)
                0x00000001                ASSERT (((_vector_spacing == 0x0) || (SIZEOF (.vector_54) <= (_vector_spacing << 0x5))), function at exception vector 54 too large)

.vector_55      0x9fc018e0        0x0
 *(.vector_55)
                0x00000001                ASSERT (((_vector_spacing == 0x0) || (SIZEOF (.vector_55) <= (_vector_spacing << 0x5))), function at exception vector 55 too large)

.vector_56      0x9fc01900        0x0
 *(.vector_56)
                0x00000001                ASSERT (((_vector_spacing == 0x0) || (SIZEOF (.vector_56) <= (_vector_spacing << 0x5))), function at exception vector 56 too large)

.vector_57      0x9fc01920        0x0
 *(.vector_57)
                0x00000001                ASSERT (((_vector_spacing == 0x0) || (SIZEOF (.vector_57) <= (_vector_spacing << 0x5))), function at exception vector 57 too large)

.vector_58      0x9fc01940        0x0
 *(.vector_58)
                0x00000001                ASSERT (((_vector_spacing == 0x0) || (SIZEOF (.vector_58) <= (_vector_spacing << 0x5))), function at exception vector 58 too large)

.vector_59      0x9fc01960        0x0
 *(.vector_59)
                0x00000001                ASSERT (((_vector_spacing == 0x0) || (SIZEOF (.vector_59) <= (_vector_spacing << 0x5))), function at exception vector 59 too large)

.vector_60      0x9fc01980        0x0
 *(.vector_60)
                0x00000001                ASSERT (((_vector_spacing == 0x0) || (SIZEOF (.vector_60) <= (_vector_spacing << 0x5))), function at exception vector 60 too large)

.vector_61      0x9fc019a0        0x0
 *(.vector_61)
                0x00000001                ASSERT (((_vector_spacing == 0x0) || (SIZEOF (.vector_61) <= (_vector_spacing << 0x5))), function at exception vector 61 too large)

.vector_62      0x9fc019c0        0x0
 *(.vector_62)
                0x00000001                ASSERT (((_vector_spacing == 0x0) || (SIZEOF (.vector_62) <= (_vector_spacing << 0x5))), function at exception vector 62 too large)

.vector_63      0x9fc019e0        0x0
 *(.vector_63)
                0x00000001                ASSERT (((_vector_spacing == 0x0) || (SIZEOF (.vector_63) <= (_vector_spacing << 0x5))), function at exception vector 63 too large)

.startup
 *(.startup)

.text           0x9d000000        0x0
 *(.stub .gnu.linkonce.t.*)
 *(.text.*personality*)
 *(.mips16.fn.*)
 *(.mips16.call.*)
 *(.gnu.warning)
                0x9d000000                . = ALIGN (0x4)

.init           0x9d000000        0x0
 *crti.o(.init)
 *crtbegin.o(.init)
 *(EXCLUDE_FILE(*crtn.o *crtend?.o *crtend.o) .init)
 *crtend.o(.init)
 *crtn.o(.init)
                0x9d000000                . = ALIGN (0x4)

.fini           0x9d000000        0x0
 *(.fini)
                0x9d000000                . = ALIGN (0x4)

.preinit_array  0x9d000000        0x0
                0x9d000000                PROVIDE (__preinit_array_start, .)
 *(.preinit_array)
                0x9d000000                PROVIDE (__preinit_array_end, .)
                0x9d000000                . = ALIGN (0x4)

.init_array     0x9d000000        0x0
                0x9d000000                PROVIDE (__init_array_start, .)
 *(SORT(.init_array.*))
 *(.init_array)
                0x9d000000                PROVIDE (__init_array_end, .)
                0x9d000000                . = ALIGN (0x4)

.fini_array     0x9d000000        0x0
                0x9d000000                PROVIDE (__fini_array_start, .)
 *(SORT(.fini_array.*))
 *(.fini_array)
                0x9d000000                PROVIDE (__fini_array_end, .)
                0x9d000000                . = ALIGN (0x4)

.ctors          0x9d000000        0x0
 *crtbegin.o(.ctors)
 *crtbegin?.o(.ctors)
 *(EXCLUDE_FILE(*crtend?.o *crtend.o) .ctors)
 *(SORT(.ctors.*))
 *(.ctors)
                0x9d000000                . = ALIGN (0x4)

.dtors          0x9d000000        0x0
 *crtbegin.o(.dtors)
 *crtbegin?.o(.dtors)
 *(EXCLUDE_FILE(*crtend?.o *crtend.o) .dtors)
 *(SORT(.dtors.*))
 *(.dtors)
                0x9d000000                . = ALIGN (0x4)

.rodata         0x9d000000        0x0
 *(.gnu.linkonce.r.*)
 *(.rodata1)
                0x9d000000                . = ALIGN (0x4)

.sdata2         0x9fc00490        0x0
 *(.sdata2 .sdata2.* .gnu.linkonce.s2.*)
                0x9fc00490                . = ALIGN (0x4)

.sbss2          0x9fc00490        0x0
 *(.sbss2 .sbss2.* .gnu.linkonce.sb2.*)
                0x9fc00490                . = ALIGN (0x4)

.eh_frame_hdr
 *(.eh_frame_hdr)
                0x9fc00490                . = ALIGN (0x4)

.eh_frame
 *(.eh_frame)
                0x9fc00490                . = ALIGN (0x4)

.gcc_except_table
 *(.gcc_except_table .gcc_except_table.*)
                0x9fc00490                . = ALIGN (0x4)

.dbg_data       0xa0000000        0x0
                0xa0000000                . = (. + DEFINED (_DEBUGGER)?0x200:0x0)

.jcr            0xa0000000        0x0
 *(.jcr)
                0xa0000000                . = ALIGN (0x4)

.eh_frame
 *(.eh_frame)
                0xa0000000                . = ALIGN (0x4)

.gcc_except_table
 *(.gcc_except_table .gcc_except_table.*)
                0xa0000000                . = ALIGN (0x4)

.persist        0xa0000000        0x0
                0xa0000000                _persist_begin = .
 *(.persist .persist.*)
 *(.pbss .pbss.*)
                0xa0000000                . = ALIGN (0x4)
                0xa0000000                _persist_end = .

.data           0xa0000000        0x0
 *(.gnu.linkonce.d.*)
 *(.data1)
                0xa0000000                . = ALIGN (0x4)
                0xa0000000                . = .
                0xa0007ff0                _gp = (ALIGN (0x10) + 0x7ff0)

.got            0xa0000000        0x0
 *(.got.plt)
 *(.got)
                0xa0000000                . = ALIGN (0x4)

.sdata          0xa0000000        0x4
                0xa0000000                _sdata_begin = .
 *(.sdata .sdata.* .gnu.linkonce.s.*)
 .sdata         0xa0000000        0x4 build/default/production/_ext/201381206/port.o
                0xa0000000                uxInterruptNesting
                0xa0000004                . = ALIGN (0x4)
                0xa0000004                _sdata_end = .

.lit8
 *(.lit8)

.lit4
 *(.lit4)
                0xa0000004                . = ALIGN (0x4)
                0xa0000004                _data_end = .
                0xa0000004                _bss_begin = .

.sbss           0xa0000004       0x90
                0xa0000004                _sbss_begin = .
 *(.dynsbss)
 *(.sbss .sbss.* .gnu.linkonce.sb.*)
 .sbss          0xa0000004        0x1 build/default/production/_ext/1407244131/drv_tmr_static.o
 *fill*         0xa0000005        0x3 
 .sbss          0xa0000008        0xc build/default/production/_ext/1688732426/system_exceptions.o
 .sbss          0xa0000014        0x8 build/default/production/_ext/1663225769/heap_1.o
 .sbss          0xa000001c        0x4 build/default/production/_ext/201381206/port.o
                0xa000001c                uxSavedTaskStackPointer
 .sbss          0xa0000020       0x38 build/default/production/_ext/357001740/tasks.o
                0xa0000054                pxCurrentTCB
 .sbss          0xa0000058       0x10 build/default/production/_ext/357001740/timers.o
 *(.scommon)
 .scommon       0xa0000068        0x4 build/default/production/_ext/327000265/drv_usart_static.o
                0xa0000068                gDrvUSART0Obj
 .scommon       0xa000006c        0x4 build/default/production/_ext/1688732426/system_interrupt.o
                0xa000006c                bufferQueue
 .scommon       0xa0000070        0x8 build/default/production/_ext/1360937237/mainapp.o
                0xa0000070                mainappData
 .scommon       0xa0000078        0x8 build/default/production/_ext/1360937237/uart_tx.o
                0xa0000078                uart_txData
 .scommon       0xa0000080        0x8 build/default/production/_ext/1360937237/uart_rx.o
                0xa0000080                uart_rxData
 .scommon       0xa0000088        0x4 build/default/production/_ext/1360937237/adc_1.o
                0xa0000088                adc_1Data
 .scommon       0xa000008c        0x8 build/default/production/_ext/23466643/sys_devcon.o
                0xa000008c                sysDevconObj
                0xa0000094                _sbss_end = .
                0xa0000094                . = ALIGN (0x4)

.bss            0xa0000094       0x18
 *(.dynbss)
 *(COMMON)
 COMMON         0xa0000094        0xc build/default/production/_ext/1688732426/system_init.o
                0xa0000094                sysObj
 COMMON         0xa00000a0        0xc build/default/production/_ext/1360937237/motor_control.o
                0xa00000a0                motor_controlData
                0xa00000ac                . = ALIGN ((. != 0x0)?0x4:0x1)
                0xa00000ac                . = ALIGN (0x4)
                0xa00000ac                _end = .
                0xa00000ac                _bss_end = .
                0x00020000                _bmxdudba_address = 0x20000
                0x00020000                _bmxdupba_address = 0x20000

/DISCARD/
 *(.pdr)
 *(.rel.dyn)
 *(.note.GNU-stack)
 *(.note.GNU-stack)
 *(.gnu_debuglink)
 *(.gnu.lto_*)
 *(.discard)

.gptab.sdata
 *(.gptab.data)
 *(.gptab.sdata)

.gptab.sbss
 *(.gptab.bss)
 *(.gptab.sbss)

.mdebug.abi32   0xa00000ac        0x0
 *(.mdebug.abi32)
 .mdebug.abi32  0xa00000ac        0x0 build/default/production/_ext/1361460060/drv_adc_static.o
 .mdebug.abi32  0xa00000ac        0x0 build/default/production/_ext/1047219354/drv_oc_mapping.o
 .mdebug.abi32  0xa00000ac        0x0 build/default/production/_ext/1047219354/drv_oc_static.o
 .mdebug.abi32  0xa00000ac        0x0 build/default/production/_ext/1407244131/drv_tmr_static.o
 .mdebug.abi32  0xa00000ac        0x0 build/default/production/_ext/1407244131/drv_tmr_mapping.o
 .mdebug.abi32  0xa00000ac        0x0 build/default/production/_ext/327000265/drv_usart_mapping.o
 .mdebug.abi32  0xa00000ac        0x0 build/default/production/_ext/327000265/drv_usart_static.o
 .mdebug.abi32  0xa00000ac        0x0 build/default/production/_ext/327000265/drv_usart_static_byte_model.o
 .mdebug.abi32  0xa00000ac        0x0 build/default/production/_ext/639803181/sys_clk_static.o
 .mdebug.abi32  0xa00000ac        0x0 build/default/production/_ext/822048611/sys_ports_static.o
 .mdebug.abi32  0xa00000ac        0x0 build/default/production/_ext/1688732426/system_init.o
 .mdebug.abi32  0xa00000ac        0x0 build/default/production/_ext/1688732426/system_interrupt.o
 .mdebug.abi32  0xa00000ac        0x0 build/default/production/_ext/1688732426/system_exceptions.o
 .mdebug.abi32  0xa00000ac        0x0 build/default/production/_ext/1688732426/system_tasks.o
 .mdebug.abi32  0xa00000ac        0x0 build/default/production/_ext/1688732426/rtos_hooks.o
 .mdebug.abi32  0xa00000ac        0x0 build/default/production/_ext/1360937237/mainapp.o
 .mdebug.abi32  0xa00000ac        0x0 build/default/production/_ext/1360937237/motor_control.o
 .mdebug.abi32  0xa00000ac        0x0 build/default/production/_ext/1360937237/uart_tx.o
 .mdebug.abi32  0xa00000ac        0x0 build/default/production/_ext/1360937237/uart_rx.o
 .mdebug.abi32  0xa00000ac        0x0 build/default/production/_ext/1360937237/main.o
 .mdebug.abi32  0xa00000ac        0x0 build/default/production/_ext/1360937237/adc_1.o
 .mdebug.abi32  0xa00000ac        0x0 build/default/production/_ext/1360937237/softwareTimer.o
 .mdebug.abi32  0xa00000ac        0x0 build/default/production/_ext/341040409/osal_freertos.o
 .mdebug.abi32  0xa00000ac        0x0 build/default/production/_ext/23466643/sys_devcon.o
 .mdebug.abi32  0xa00000ac        0x0 build/default/production/_ext/23466643/sys_devcon_pic32mx.o
 .mdebug.abi32  0xa00000ac        0x0 build/default/production/_ext/1667967065/sys_int_pic32.o
 .mdebug.abi32  0xa00000ac        0x0 build/default/production/_ext/1663225769/heap_1.o
 .mdebug.abi32  0xa00000ac        0x0 build/default/production/_ext/201381206/port.o
 .mdebug.abi32  0xa00000ac        0x0 build/default/production/_ext/357001740/croutine.o
 .mdebug.abi32  0xa00000ac        0x0 build/default/production/_ext/357001740/list.o
 .mdebug.abi32  0xa00000ac        0x0 build/default/production/_ext/357001740/queue.o
 .mdebug.abi32  0xa00000ac        0x0 build/default/production/_ext/357001740/tasks.o
 .mdebug.abi32  0xa00000ac        0x0 build/default/production/_ext/357001740/timers.o
 .mdebug.abi32  0xa00000ac        0x0 build/default/production/_ext/357001740/event_groups.o
 .mdebug.abi32  0xa00000ac        0x0 c:/program files (x86)/microchip/xc32/v1.42/bin/bin/../../lib/gcc/pic32mx/4.8.3\libgcc.a(floatunsisf.o)
 .mdebug.abi32  0xa00000ac        0x0 c:/program files (x86)/microchip/xc32/v1.42/bin/bin/../../lib/gcc/pic32mx/4.8.3/../../../../pic32mx/lib\libpic32.a(default-bootstrap-exception-handler.o)
 .mdebug.abi32  0xa00000ac        0x0 c:/program files (x86)/microchip/xc32/v1.42/bin/bin/../../lib/gcc/pic32mx/4.8.3/../../../../pic32mx/lib\libpic32.a(default-on-reset.o)
 .mdebug.abi32  0xa00000ac        0x0 c:/program files (x86)/microchip/xc32/v1.42/bin/bin/../../lib/gcc/pic32mx/4.8.3/../../../../pic32mx/lib\libpic32.a(default-on-bootstrap.o)
 .mdebug.abi32  0xa00000ac        0x0 c:/program files (x86)/microchip/xc32/v1.42/bin/bin/../../lib/gcc/pic32mx/4.8.3/../../../../pic32mx/lib\libpic32.a(defaultinterrupt.o)
 .mdebug.abi32  0xa00000ac        0x0 c:/program files (x86)/microchip/xc32/v1.42/bin/bin/../../lib/gcc/pic32mx/4.8.3/../../../../pic32mx/lib\libm.a(w_powf.o)
 .mdebug.abi32  0xa00000ac        0x0 c:/program files (x86)/microchip/xc32/v1.42/bin/bin/../../lib/gcc/pic32mx/4.8.3/../../../../pic32mx/lib\libm.a(s_lib_ver.o)
 .mdebug.abi32  0xa00000ac        0x0 c:/program files (x86)/microchip/xc32/v1.42/bin/bin/../../lib/gcc/pic32mx/4.8.3/../../../../pic32mx/lib\libc.a(errno.o)
 .mdebug.abi32  0xa00000ac        0x0 c:/program files (x86)/microchip/xc32/v1.42/bin/bin/../../lib/gcc/pic32mx/4.8.3/../../../../pic32mx/lib\libpic32.a(isinf.o)
 .mdebug.abi32  0xa00000ac        0x0 c:/program files (x86)/microchip/xc32/v1.42/bin/bin/../../lib/gcc/pic32mx/4.8.3/../../../../pic32mx/lib\libe.a(_unorddf2.o)

.mdebug.abiN32
 *(.mdebug.abiN32)

.mdebug.abi64
 *(.mdebug.abi64)

.mdebug.abiO64
 *(.mdebug.abiO64)

.mdebug.eabi32
 *(.mdebug.eabi32)

.mdebug.eabi64
 *(.mdebug.eabi64)

.gcc_compiled_long32
 *(.gcc_compiled_long32)

.gcc_compiled_long64
 *(.gcc_compiled_long64)

.stab
 *(.stab)

.stabstr
 *(.stabstr)

.stab.excl
 *(.stab.excl)

.stab.exclstr
 *(.stab.exclstr)

.stab.index
 *(.stab.index)

.stab.indexstr
 *(.stab.indexstr)

.comment        0x00000000       0xa2
 *(.comment)
 .comment       0x00000000       0x3c build/default/production/_ext/1361460060/drv_adc_static.o
                                 0x3d (size before relaxing)
 .comment       0x00000000       0x3d build/default/production/_ext/1047219354/drv_oc_mapping.o
 .comment       0x00000000       0x3d build/default/production/_ext/1047219354/drv_oc_static.o
 .comment       0x00000000       0x3d build/default/production/_ext/1407244131/drv_tmr_static.o
 .comment       0x00000000       0x3d build/default/production/_ext/1407244131/drv_tmr_mapping.o
 .comment       0x00000000       0x3d build/default/production/_ext/327000265/drv_usart_mapping.o
 .comment       0x00000000       0x3d build/default/production/_ext/327000265/drv_usart_static.o
 .comment       0x00000000       0x3d build/default/production/_ext/327000265/drv_usart_static_byte_model.o
 .comment       0x00000000       0x3d build/default/production/_ext/639803181/sys_clk_static.o
 .comment       0x00000000       0x3d build/default/production/_ext/822048611/sys_ports_static.o
 .comment       0x00000000       0x3d build/default/production/_ext/1688732426/system_init.o
 .comment       0x00000000       0x3d build/default/production/_ext/1688732426/system_interrupt.o
 .comment       0x00000000       0x3d build/default/production/_ext/1688732426/system_exceptions.o
 .comment       0x00000000       0x3d build/default/production/_ext/1688732426/system_tasks.o
 .comment       0x00000000       0x3d build/default/production/_ext/1688732426/rtos_hooks.o
 .comment       0x00000000       0x3d build/default/production/_ext/1360937237/mainapp.o
 .comment       0x00000000       0x3d build/default/production/_ext/1360937237/motor_control.o
 .comment       0x00000000       0x3d build/default/production/_ext/1360937237/uart_tx.o
 .comment       0x00000000       0x3d build/default/production/_ext/1360937237/uart_rx.o
 .comment       0x00000000       0x3d build/default/production/_ext/1360937237/main.o
 .comment       0x00000000       0x3d build/default/production/_ext/1360937237/adc_1.o
 .comment       0x00000000       0x3d build/default/production/_ext/1360937237/softwareTimer.o
 .comment       0x00000000       0x3d build/default/production/_ext/341040409/osal_freertos.o
 .comment       0x00000000       0x3d build/default/production/_ext/23466643/sys_devcon.o
 .comment       0x00000000       0x3d build/default/production/_ext/23466643/sys_devcon_pic32mx.o
 .comment       0x00000000       0x3d build/default/production/_ext/1667967065/sys_int_pic32.o
 .comment       0x00000000       0x3d build/default/production/_ext/1663225769/heap_1.o
 .comment       0x00000000       0x3d build/default/production/_ext/201381206/port.o
 .comment       0x00000000       0x3d build/default/production/_ext/357001740/croutine.o
 .comment       0x00000000       0x3d build/default/production/_ext/357001740/list.o
 .comment       0x00000000       0x3d build/default/production/_ext/357001740/queue.o
 .comment       0x00000000       0x3d build/default/production/_ext/357001740/tasks.o
 .comment       0x00000000       0x3d build/default/production/_ext/357001740/timers.o
 .comment       0x00000000       0x3d build/default/production/_ext/357001740/event_groups.o
 .comment       0x00000000       0x3d c:/program files (x86)/microchip/xc32/v1.42/bin/bin/../../lib/gcc/pic32mx/4.8.3\libgcc.a(floatunsisf.o)
 .comment       0x0000003c       0x18 c:/program files (x86)/microchip/xc32/v1.42/bin/bin/../../lib/gcc/pic32mx/4.8.3/../../../../pic32mx/lib\libpic32.a(memset.o)
                                 0x19 (size before relaxing)
 .comment       0x00000000       0x3d c:/program files (x86)/microchip/xc32/v1.42/bin/bin/../../lib/gcc/pic32mx/4.8.3/../../../../pic32mx/lib\libpic32.a(default-bootstrap-exception-handler.o)
 .comment       0x00000000       0x3d c:/program files (x86)/microchip/xc32/v1.42/bin/bin/../../lib/gcc/pic32mx/4.8.3/../../../../pic32mx/lib\libpic32.a(default-on-reset.o)
 .comment       0x00000000       0x3d c:/program files (x86)/microchip/xc32/v1.42/bin/bin/../../lib/gcc/pic32mx/4.8.3/../../../../pic32mx/lib\libpic32.a(default-on-bootstrap.o)
 .comment       0x00000000       0x3d c:/program files (x86)/microchip/xc32/v1.42/bin/bin/../../lib/gcc/pic32mx/4.8.3/../../../../pic32mx/lib\libpic32.a(defaultinterrupt.o)
 .comment       0x00000000       0x3d c:/program files (x86)/microchip/xc32/v1.42/bin/bin/../../lib/gcc/pic32mx/4.8.3/../../../../pic32mx/lib\libm.a(w_powf.o)
 .comment       0x00000000       0x3d c:/program files (x86)/microchip/xc32/v1.42/bin/bin/../../lib/gcc/pic32mx/4.8.3/../../../../pic32mx/lib\libm.a(s_lib_ver.o)
 .comment       0x00000000       0x3d c:/program files (x86)/microchip/xc32/v1.42/bin/bin/../../lib/gcc/pic32mx/4.8.3/../../../../pic32mx/lib\libc.a(errno.o)
 .comment       0x00000000       0x3d c:/program files (x86)/microchip/xc32/v1.42/bin/bin/../../lib/gcc/pic32mx/4.8.3/../../../../pic32mx/lib\libpic32.a(isinf.o)
 .comment       0x00000054       0x4e c:/program files (x86)/microchip/xc32/v1.42/bin/bin/../../lib/gcc/pic32mx/4.8.3/../../../../pic32mx/lib\libe.a(_unorddf2.o)
                                 0x8b (size before relaxing)

.debug
 *(.debug)

.line
 *(.line)

.debug_srcinfo
 *(.debug_srcinfo)

.debug_sfnames
 *(.debug_sfnames)

.debug_aranges  0x00000000      0xf30
 *(.debug_aranges)
 .debug_aranges
                0x00000000       0x78 build/default/production/_ext/1361460060/drv_adc_static.o
 .debug_aranges
                0x00000078       0x38 build/default/production/_ext/1047219354/drv_oc_mapping.o
 .debug_aranges
                0x000000b0       0x78 build/default/production/_ext/1047219354/drv_oc_static.o
 .debug_aranges
                0x00000128       0x88 build/default/production/_ext/1407244131/drv_tmr_static.o
 .debug_aranges
                0x000001b0       0xc8 build/default/production/_ext/1407244131/drv_tmr_mapping.o
 .debug_aranges
                0x00000278       0xa8 build/default/production/_ext/327000265/drv_usart_mapping.o
 .debug_aranges
                0x00000320       0x78 build/default/production/_ext/327000265/drv_usart_static.o
 .debug_aranges
                0x00000398       0x48 build/default/production/_ext/327000265/drv_usart_static_byte_model.o
 .debug_aranges
                0x000003e0       0x50 build/default/production/_ext/639803181/sys_clk_static.o
 .debug_aranges
                0x00000430      0x108 build/default/production/_ext/822048611/sys_ports_static.o
 .debug_aranges
                0x00000538       0x20 build/default/production/_ext/1688732426/system_init.o
 .debug_aranges
                0x00000558       0x48 build/default/production/_ext/1688732426/system_interrupt.o
 .debug_aranges
                0x000005a0       0x20 build/default/production/_ext/1688732426/system_exceptions.o
 .debug_aranges
                0x000005c0       0x50 build/default/production/_ext/1688732426/system_tasks.o
 .debug_aranges
                0x00000610       0x48 build/default/production/_ext/1688732426/system_interrupt_a.o
 .debug_aranges
                0x00000658       0x28 build/default/production/_ext/1688732426/rtos_hooks.o
 .debug_aranges
                0x00000680       0x60 build/default/production/_ext/1360937237/mainapp.o
 .debug_aranges
                0x000006e0       0x98 build/default/production/_ext/1360937237/motor_control.o
 .debug_aranges
                0x00000778       0x40 build/default/production/_ext/1360937237/uart_tx.o
 .debug_aranges
                0x000007b8       0x48 build/default/production/_ext/1360937237/uart_rx.o
 .debug_aranges
                0x00000800       0x20 build/default/production/_ext/1360937237/main.o
 .debug_aranges
                0x00000820       0x48 build/default/production/_ext/1360937237/adc_1.o
 .debug_aranges
                0x00000868       0x28 build/default/production/_ext/1360937237/softwareTimer.o
 .debug_aranges
                0x00000890       0x88 build/default/production/_ext/341040409/osal_freertos.o
 .debug_aranges
                0x00000918       0x78 build/default/production/_ext/23466643/sys_devcon.o
 .debug_aranges
                0x00000990       0x20 build/default/production/_ext/23466643/sys_devcon_pic32mx.o
 .debug_aranges
                0x000009b0       0x48 build/default/production/_ext/1667967065/sys_int_pic32.o
 .debug_aranges
                0x000009f8       0x38 build/default/production/_ext/1663225769/heap_1.o
 .debug_aranges
                0x00000a30       0x58 build/default/production/_ext/201381206/port.o
 .debug_aranges
                0x00000a88       0x20 build/default/production/_ext/201381206/port_asm.o
 .debug_aranges
                0x00000aa8       0x18 build/default/production/_ext/357001740/croutine.o
 .debug_aranges
                0x00000ac0       0x40 build/default/production/_ext/357001740/list.o
 .debug_aranges
                0x00000b00       0xb8 build/default/production/_ext/357001740/queue.o
 .debug_aranges
                0x00000bb8      0x180 build/default/production/_ext/357001740/tasks.o
 .debug_aranges
                0x00000d38       0x70 build/default/production/_ext/357001740/timers.o
 .debug_aranges
                0x00000da8       0x60 build/default/production/_ext/357001740/event_groups.o
 .debug_aranges
                0x00000e08       0x20 c:/program files (x86)/microchip/xc32/v1.42/bin/bin/../../lib/gcc/pic32mx/4.8.3\libgcc.a(floatunsisf.o)
 .debug_aranges
                0x00000e28       0x20 c:/program files (x86)/microchip/xc32/v1.42/bin/bin/../../lib/gcc/pic32mx/4.8.3/../../../../pic32mx/lib\libpic32.a(default-bootstrap-exception-handler.o)
 .debug_aranges
                0x00000e48       0x20 c:/program files (x86)/microchip/xc32/v1.42/bin/bin/../../lib/gcc/pic32mx/4.8.3/../../../../pic32mx/lib\libpic32.a(default-on-reset.o)
 .debug_aranges
                0x00000e68       0x20 c:/program files (x86)/microchip/xc32/v1.42/bin/bin/../../lib/gcc/pic32mx/4.8.3/../../../../pic32mx/lib\libpic32.a(default-on-bootstrap.o)
 .debug_aranges
                0x00000e88       0x20 c:/program files (x86)/microchip/xc32/v1.42/bin/bin/../../lib/gcc/pic32mx/4.8.3/../../../../pic32mx/lib\libpic32.a(defaultinterrupt.o)
 .debug_aranges
                0x00000ea8       0x20 c:/program files (x86)/microchip/xc32/v1.42/bin/bin/../../lib/gcc/pic32mx/4.8.3/../../../../pic32mx/lib\libm.a(w_powf.o)
 .debug_aranges
                0x00000ec8       0x48 c:/program files (x86)/microchip/xc32/v1.42/bin/bin/../../lib/gcc/pic32mx/4.8.3/../../../../pic32mx/lib\libpic32.a(isinf.o)
 .debug_aranges
                0x00000f10       0x20 c:/program files (x86)/microchip/xc32/v1.42/bin/bin/../../lib/gcc/pic32mx/4.8.3/../../../../pic32mx/lib\libe.a(_unorddf2.o)

.debug_pubnames
 *(.debug_pubnames)

.debug_info     0x00000000    0x3794a
 *(.debug_info .gnu.linkonce.wi.*)
 .debug_info    0x00000000     0x410c build/default/production/_ext/1361460060/drv_adc_static.o
 .debug_info    0x0000410c      0xe0f build/default/production/_ext/1047219354/drv_oc_mapping.o
 .debug_info    0x00004f1b     0x10ce build/default/production/_ext/1047219354/drv_oc_static.o
 .debug_info    0x00005fe9     0x33c6 build/default/production/_ext/1407244131/drv_tmr_static.o
 .debug_info    0x000093af     0x106f build/default/production/_ext/1407244131/drv_tmr_mapping.o
 .debug_info    0x0000a41e     0x1a51 build/default/production/_ext/327000265/drv_usart_mapping.o
 .debug_info    0x0000be6f     0x43fb build/default/production/_ext/327000265/drv_usart_static.o
 .debug_info    0x0001026a     0x1e23 build/default/production/_ext/327000265/drv_usart_static_byte_model.o
 .debug_info    0x0001208d     0x172b build/default/production/_ext/639803181/sys_clk_static.o
 .debug_info    0x000137b8     0x3d6e build/default/production/_ext/822048611/sys_ports_static.o
 .debug_info    0x00017526     0x22a9 build/default/production/_ext/1688732426/system_init.o
 .debug_info    0x000197cf     0x2cfe build/default/production/_ext/1688732426/system_interrupt.o
 .debug_info    0x0001c4cd     0x13fc build/default/production/_ext/1688732426/system_exceptions.o
 .debug_info    0x0001d8c9      0xf8e build/default/production/_ext/1688732426/system_tasks.o
 .debug_info    0x0001e857       0x9c build/default/production/_ext/1688732426/system_interrupt_a.o
 .debug_info    0x0001e8f3      0x252 build/default/production/_ext/1688732426/rtos_hooks.o
 .debug_info    0x0001eb45     0x1b3a build/default/production/_ext/1360937237/mainapp.o
 .debug_info    0x0002067f     0x2946 build/default/production/_ext/1360937237/motor_control.o
 .debug_info    0x00022fc5     0x17d7 build/default/production/_ext/1360937237/uart_tx.o
 .debug_info    0x0002479c     0x180f build/default/production/_ext/1360937237/uart_rx.o
 .debug_info    0x00025fab      0x1aa build/default/production/_ext/1360937237/main.o
 .debug_info    0x00026155     0x17ef build/default/production/_ext/1360937237/adc_1.o
 .debug_info    0x00027944      0xc0b build/default/production/_ext/1360937237/softwareTimer.o
 .debug_info    0x0002854f      0xaac build/default/production/_ext/341040409/osal_freertos.o
 .debug_info    0x00028ffb     0x116c build/default/production/_ext/23466643/sys_devcon.o
 .debug_info    0x0002a167      0xd5d build/default/production/_ext/23466643/sys_devcon_pic32mx.o
 .debug_info    0x0002aec4     0x15c4 build/default/production/_ext/1667967065/sys_int_pic32.o
 .debug_info    0x0002c488      0x393 build/default/production/_ext/1663225769/heap_1.o
 .debug_info    0x0002c81b     0x11bc build/default/production/_ext/201381206/port.o
 .debug_info    0x0002d9d7       0xdb build/default/production/_ext/201381206/port_asm.o
 .debug_info    0x0002dab2      0x18d build/default/production/_ext/357001740/croutine.o
 .debug_info    0x0002dc3f      0x47d build/default/production/_ext/357001740/list.o
 .debug_info    0x0002e0bc     0x184d build/default/production/_ext/357001740/queue.o
 .debug_info    0x0002f909     0x3bfd build/default/production/_ext/357001740/tasks.o
 .debug_info    0x00033506     0x26f7 build/default/production/_ext/357001740/timers.o
 .debug_info    0x00035bfd     0x15de build/default/production/_ext/357001740/event_groups.o
 .debug_info    0x000371db      0x131 c:/program files (x86)/microchip/xc32/v1.42/bin/bin/../../lib/gcc/pic32mx/4.8.3\libgcc.a(floatunsisf.o)
 .debug_info    0x0003730c       0xf5 c:/program files (x86)/microchip/xc32/v1.42/bin/bin/../../lib/gcc/pic32mx/4.8.3/../../../../pic32mx/lib\libpic32.a(default-bootstrap-exception-handler.o)
 .debug_info    0x00037401       0xcf c:/program files (x86)/microchip/xc32/v1.42/bin/bin/../../lib/gcc/pic32mx/4.8.3/../../../../pic32mx/lib\libpic32.a(default-on-reset.o)
 .debug_info    0x000374d0       0xd7 c:/program files (x86)/microchip/xc32/v1.42/bin/bin/../../lib/gcc/pic32mx/4.8.3/../../../../pic32mx/lib\libpic32.a(default-on-bootstrap.o)
 .debug_info    0x000375a7       0xe9 c:/program files (x86)/microchip/xc32/v1.42/bin/bin/../../lib/gcc/pic32mx/4.8.3/../../../../pic32mx/lib\libpic32.a(defaultinterrupt.o)
 .debug_info    0x00037690       0xbd c:/program files (x86)/microchip/xc32/v1.42/bin/bin/../../lib/gcc/pic32mx/4.8.3/../../../../pic32mx/lib\libm.a(w_powf.o)
 .debug_info    0x0003774d      0x12d c:/program files (x86)/microchip/xc32/v1.42/bin/bin/../../lib/gcc/pic32mx/4.8.3/../../../../pic32mx/lib\libpic32.a(isinf.o)
 .debug_info    0x0003787a       0xd0 c:/program files (x86)/microchip/xc32/v1.42/bin/bin/../../lib/gcc/pic32mx/4.8.3/../../../../pic32mx/lib\libe.a(_unorddf2.o)

.debug_abbrev   0x00000000     0x456a
 *(.debug_abbrev)
 .debug_abbrev  0x00000000      0x1e4 build/default/production/_ext/1361460060/drv_adc_static.o
 .debug_abbrev  0x000001e4      0x149 build/default/production/_ext/1047219354/drv_oc_mapping.o
 .debug_abbrev  0x0000032d      0x157 build/default/production/_ext/1047219354/drv_oc_static.o
 .debug_abbrev  0x00000484      0x314 build/default/production/_ext/1407244131/drv_tmr_static.o
 .debug_abbrev  0x00000798      0x24a build/default/production/_ext/1407244131/drv_tmr_mapping.o
 .debug_abbrev  0x000009e2      0x221 build/default/production/_ext/327000265/drv_usart_mapping.o
 .debug_abbrev  0x00000c03      0x393 build/default/production/_ext/327000265/drv_usart_static.o
 .debug_abbrev  0x00000f96      0x24f build/default/production/_ext/327000265/drv_usart_static_byte_model.o
 .debug_abbrev  0x000011e5      0x27b build/default/production/_ext/639803181/sys_clk_static.o
 .debug_abbrev  0x00001460      0x22b build/default/production/_ext/822048611/sys_ports_static.o
 .debug_abbrev  0x0000168b      0x2c1 build/default/production/_ext/1688732426/system_init.o
 .debug_abbrev  0x0000194c      0x289 build/default/production/_ext/1688732426/system_interrupt.o
 .debug_abbrev  0x00001bd5       0xa9 build/default/production/_ext/1688732426/system_exceptions.o
 .debug_abbrev  0x00001c7e      0x149 build/default/production/_ext/1688732426/system_tasks.o
 .debug_abbrev  0x00001dc7       0x12 build/default/production/_ext/1688732426/system_interrupt_a.o
 .debug_abbrev  0x00001dd9       0x97 build/default/production/_ext/1688732426/rtos_hooks.o
 .debug_abbrev  0x00001e70      0x24a build/default/production/_ext/1360937237/mainapp.o
 .debug_abbrev  0x000020ba      0x2fe build/default/production/_ext/1360937237/motor_control.o
 .debug_abbrev  0x000023b8      0x19a build/default/production/_ext/1360937237/uart_tx.o
 .debug_abbrev  0x00002552      0x19a build/default/production/_ext/1360937237/uart_rx.o
 .debug_abbrev  0x000026ec       0x93 build/default/production/_ext/1360937237/main.o
 .debug_abbrev  0x0000277f      0x1a7 build/default/production/_ext/1360937237/adc_1.o
 .debug_abbrev  0x00002926      0x13b build/default/production/_ext/1360937237/softwareTimer.o
 .debug_abbrev  0x00002a61      0x1fe build/default/production/_ext/341040409/osal_freertos.o
 .debug_abbrev  0x00002c5f      0x26d build/default/production/_ext/23466643/sys_devcon.o
 .debug_abbrev  0x00002ecc      0x16d build/default/production/_ext/23466643/sys_devcon_pic32mx.o
 .debug_abbrev  0x00003039      0x1d0 build/default/production/_ext/1667967065/sys_int_pic32.o
 .debug_abbrev  0x00003209      0x13f build/default/production/_ext/1663225769/heap_1.o
 .debug_abbrev  0x00003348      0x2cf build/default/production/_ext/201381206/port.o
 .debug_abbrev  0x00003617       0x14 build/default/production/_ext/201381206/port_asm.o
 .debug_abbrev  0x0000362b       0x1b build/default/production/_ext/357001740/croutine.o
 .debug_abbrev  0x00003646       0xf1 build/default/production/_ext/357001740/list.o
 .debug_abbrev  0x00003737      0x2c4 build/default/production/_ext/357001740/queue.o
 .debug_abbrev  0x000039fb      0x38f build/default/production/_ext/357001740/tasks.o
 .debug_abbrev  0x00003d8a      0x380 build/default/production/_ext/357001740/timers.o
 .debug_abbrev  0x0000410a      0x2c3 build/default/production/_ext/357001740/event_groups.o
 .debug_abbrev  0x000043cd       0x62 c:/program files (x86)/microchip/xc32/v1.42/bin/bin/../../lib/gcc/pic32mx/4.8.3\libgcc.a(floatunsisf.o)
 .debug_abbrev  0x0000442f       0x28 c:/program files (x86)/microchip/xc32/v1.42/bin/bin/../../lib/gcc/pic32mx/4.8.3/../../../../pic32mx/lib\libpic32.a(default-bootstrap-exception-handler.o)
 .debug_abbrev  0x00004457       0x28 c:/program files (x86)/microchip/xc32/v1.42/bin/bin/../../lib/gcc/pic32mx/4.8.3/../../../../pic32mx/lib\libpic32.a(default-on-reset.o)
 .debug_abbrev  0x0000447f       0x28 c:/program files (x86)/microchip/xc32/v1.42/bin/bin/../../lib/gcc/pic32mx/4.8.3/../../../../pic32mx/lib\libpic32.a(default-on-bootstrap.o)
 .debug_abbrev  0x000044a7       0x28 c:/program files (x86)/microchip/xc32/v1.42/bin/bin/../../lib/gcc/pic32mx/4.8.3/../../../../pic32mx/lib\libpic32.a(defaultinterrupt.o)
 .debug_abbrev  0x000044cf       0x28 c:/program files (x86)/microchip/xc32/v1.42/bin/bin/../../lib/gcc/pic32mx/4.8.3/../../../../pic32mx/lib\libm.a(w_powf.o)
 .debug_abbrev  0x000044f7       0x3e c:/program files (x86)/microchip/xc32/v1.42/bin/bin/../../lib/gcc/pic32mx/4.8.3/../../../../pic32mx/lib\libpic32.a(isinf.o)
 .debug_abbrev  0x00004535       0x35 c:/program files (x86)/microchip/xc32/v1.42/bin/bin/../../lib/gcc/pic32mx/4.8.3/../../../../pic32mx/lib\libe.a(_unorddf2.o)

.debug_line     0x00000000     0x9a7d
 *(.debug_line)
 .debug_line    0x00000000      0x7b5 build/default/production/_ext/1361460060/drv_adc_static.o
 .debug_line    0x000007b5      0x2b0 build/default/production/_ext/1047219354/drv_oc_mapping.o
 .debug_line    0x00000a65      0x419 build/default/production/_ext/1047219354/drv_oc_static.o
 .debug_line    0x00000e7e      0x704 build/default/production/_ext/1407244131/drv_tmr_static.o
 .debug_line    0x00001582      0x4a0 build/default/production/_ext/1407244131/drv_tmr_mapping.o
 .debug_line    0x00001a22      0x445 build/default/production/_ext/327000265/drv_usart_mapping.o
 .debug_line    0x00001e67      0x8d0 build/default/production/_ext/327000265/drv_usart_static.o
 .debug_line    0x00002737      0x4e1 build/default/production/_ext/327000265/drv_usart_static_byte_model.o
 .debug_line    0x00002c18      0x41d build/default/production/_ext/639803181/sys_clk_static.o
 .debug_line    0x00003035      0x7c2 build/default/production/_ext/822048611/sys_ports_static.o
 .debug_line    0x000037f7      0x761 build/default/production/_ext/1688732426/system_init.o
 .debug_line    0x00003f58      0x6ce build/default/production/_ext/1688732426/system_interrupt.o
 .debug_line    0x00004626      0x1e3 build/default/production/_ext/1688732426/system_exceptions.o
 .debug_line    0x00004809      0x39b build/default/production/_ext/1688732426/system_tasks.o
 .debug_line    0x00004ba4       0xcf build/default/production/_ext/1688732426/system_interrupt_a.o
 .debug_line    0x00004c73      0x146 build/default/production/_ext/1688732426/rtos_hooks.o
 .debug_line    0x00004db9      0x496 build/default/production/_ext/1360937237/mainapp.o
 .debug_line    0x0000524f      0x74a build/default/production/_ext/1360937237/motor_control.o
 .debug_line    0x00005999      0x358 build/default/production/_ext/1360937237/uart_tx.o
 .debug_line    0x00005cf1      0x383 build/default/production/_ext/1360937237/uart_rx.o
 .debug_line    0x00006074       0xbb build/default/production/_ext/1360937237/main.o
 .debug_line    0x0000612f      0x3a6 build/default/production/_ext/1360937237/adc_1.o
 .debug_line    0x000064d5      0x215 build/default/production/_ext/1360937237/softwareTimer.o
 .debug_line    0x000066ea      0x2c4 build/default/production/_ext/341040409/osal_freertos.o
 .debug_line    0x000069ae      0x5e7 build/default/production/_ext/23466643/sys_devcon.o
 .debug_line    0x00006f95      0x48f build/default/production/_ext/23466643/sys_devcon_pic32mx.o
 .debug_line    0x00007424      0x39e build/default/production/_ext/1667967065/sys_int_pic32.o
 .debug_line    0x000077c2      0x220 build/default/production/_ext/1663225769/heap_1.o
 .debug_line    0x000079e2      0x240 build/default/production/_ext/201381206/port.o
 .debug_line    0x00007c22      0x120 build/default/production/_ext/201381206/port_asm.o
 .debug_line    0x00007d42       0x1d build/default/production/_ext/357001740/croutine.o
 .debug_line    0x00007d5f      0x1e5 build/default/production/_ext/357001740/list.o
 .debug_line    0x00007f44      0x4a9 build/default/production/_ext/357001740/queue.o
 .debug_line    0x000083ed      0x968 build/default/production/_ext/357001740/tasks.o
 .debug_line    0x00008d55      0x4e8 build/default/production/_ext/357001740/timers.o
 .debug_line    0x0000923d      0x37e build/default/production/_ext/357001740/event_groups.o
 .debug_line    0x000095bb       0x9c c:/program files (x86)/microchip/xc32/v1.42/bin/bin/../../lib/gcc/pic32mx/4.8.3\libgcc.a(floatunsisf.o)
 .debug_line    0x00009657       0xa9 c:/program files (x86)/microchip/xc32/v1.42/bin/bin/../../lib/gcc/pic32mx/4.8.3/../../../../pic32mx/lib\libpic32.a(default-bootstrap-exception-handler.o)
 .debug_line    0x00009700       0x96 c:/program files (x86)/microchip/xc32/v1.42/bin/bin/../../lib/gcc/pic32mx/4.8.3/../../../../pic32mx/lib\libpic32.a(default-on-reset.o)
 .debug_line    0x00009796       0x9a c:/program files (x86)/microchip/xc32/v1.42/bin/bin/../../lib/gcc/pic32mx/4.8.3/../../../../pic32mx/lib\libpic32.a(default-on-bootstrap.o)
 .debug_line    0x00009830       0xa8 c:/program files (x86)/microchip/xc32/v1.42/bin/bin/../../lib/gcc/pic32mx/4.8.3/../../../../pic32mx/lib\libpic32.a(defaultinterrupt.o)
 .debug_line    0x000098d8       0x89 c:/program files (x86)/microchip/xc32/v1.42/bin/bin/../../lib/gcc/pic32mx/4.8.3/../../../../pic32mx/lib\libm.a(w_powf.o)
 .debug_line    0x00009961        0x0 c:/program files (x86)/microchip/xc32/v1.42/bin/bin/../../lib/gcc/pic32mx/4.8.3/../../../../pic32mx/lib\libm.a(s_lib_ver.o)
 .debug_line    0x00009961        0x0 c:/program files (x86)/microchip/xc32/v1.42/bin/bin/../../lib/gcc/pic32mx/4.8.3/../../../../pic32mx/lib\libc.a(errno.o)
 .debug_line    0x00009961       0x8b c:/program files (x86)/microchip/xc32/v1.42/bin/bin/../../lib/gcc/pic32mx/4.8.3/../../../../pic32mx/lib\libpic32.a(isinf.o)
 .debug_line    0x000099ec       0x91 c:/program files (x86)/microchip/xc32/v1.42/bin/bin/../../lib/gcc/pic32mx/4.8.3/../../../../pic32mx/lib\libe.a(_unorddf2.o)

.debug_frame    0x00000000     0x20f0
 *(.debug_frame)
 .debug_frame   0x00000000       0xd0 build/default/production/_ext/1361460060/drv_adc_static.o
 .debug_frame   0x000000d0       0x70 build/default/production/_ext/1047219354/drv_oc_mapping.o
 .debug_frame   0x00000140       0xd0 build/default/production/_ext/1047219354/drv_oc_static.o
 .debug_frame   0x00000210       0xf8 build/default/production/_ext/1407244131/drv_tmr_static.o
 .debug_frame   0x00000308      0x210 build/default/production/_ext/1407244131/drv_tmr_mapping.o
 .debug_frame   0x00000518      0x238 build/default/production/_ext/327000265/drv_usart_mapping.o
 .debug_frame   0x00000750       0xfc build/default/production/_ext/327000265/drv_usart_static.o
 .debug_frame   0x0000084c       0x80 build/default/production/_ext/327000265/drv_usart_static_byte_model.o
 .debug_frame   0x000008cc       0xa0 build/default/production/_ext/639803181/sys_clk_static.o
 .debug_frame   0x0000096c      0x1f0 build/default/production/_ext/822048611/sys_ports_static.o
 .debug_frame   0x00000b5c       0x28 build/default/production/_ext/1688732426/system_init.o
 .debug_frame   0x00000b84       0x9c build/default/production/_ext/1688732426/system_interrupt.o
 .debug_frame   0x00000c20       0x28 build/default/production/_ext/1688732426/system_exceptions.o
 .debug_frame   0x00000c48       0xb8 build/default/production/_ext/1688732426/system_tasks.o
 .debug_frame   0x00000d00       0x40 build/default/production/_ext/1688732426/rtos_hooks.o
 .debug_frame   0x00000d40       0xec build/default/production/_ext/1360937237/mainapp.o
 .debug_frame   0x00000e2c      0x1a4 build/default/production/_ext/1360937237/motor_control.o
 .debug_frame   0x00000fd0       0x8c build/default/production/_ext/1360937237/uart_tx.o
 .debug_frame   0x0000105c       0xa4 build/default/production/_ext/1360937237/uart_rx.o
 .debug_frame   0x00001100       0x28 build/default/production/_ext/1360937237/main.o
 .debug_frame   0x00001128       0xa0 build/default/production/_ext/1360937237/adc_1.o
 .debug_frame   0x000011c8       0x40 build/default/production/_ext/1360937237/softwareTimer.o
 .debug_frame   0x00001208      0x150 build/default/production/_ext/341040409/osal_freertos.o
 .debug_frame   0x00001358       0xe8 build/default/production/_ext/23466643/sys_devcon.o
 .debug_frame   0x00001440       0x28 build/default/production/_ext/23466643/sys_devcon_pic32mx.o
 .debug_frame   0x00001468       0x90 build/default/production/_ext/1667967065/sys_int_pic32.o
 .debug_frame   0x000014f8       0x5c build/default/production/_ext/1663225769/heap_1.o
 .debug_frame   0x00001554       0xc0 build/default/production/_ext/201381206/port.o
 .debug_frame   0x00001614       0x60 build/default/production/_ext/357001740/list.o
 .debug_frame   0x00001674      0x230 build/default/production/_ext/357001740/queue.o
 .debug_frame   0x000018a4      0x470 build/default/production/_ext/357001740/tasks.o
 .debug_frame   0x00001d14      0x134 build/default/production/_ext/357001740/timers.o
 .debug_frame   0x00001e48      0x108 build/default/production/_ext/357001740/event_groups.o
 .debug_frame   0x00001f50       0x28 c:/program files (x86)/microchip/xc32/v1.42/bin/bin/../../lib/gcc/pic32mx/4.8.3\libgcc.a(floatunsisf.o)
 .debug_frame   0x00001f78       0x2c c:/program files (x86)/microchip/xc32/v1.42/bin/bin/../../lib/gcc/pic32mx/4.8.3/../../../../pic32mx/lib\libpic32.a(default-bootstrap-exception-handler.o)
 .debug_frame   0x00001fa4       0x20 c:/program files (x86)/microchip/xc32/v1.42/bin/bin/../../lib/gcc/pic32mx/4.8.3/../../../../pic32mx/lib\libpic32.a(default-on-reset.o)
 .debug_frame   0x00001fc4       0x20 c:/program files (x86)/microchip/xc32/v1.42/bin/bin/../../lib/gcc/pic32mx/4.8.3/../../../../pic32mx/lib\libpic32.a(default-on-bootstrap.o)
 .debug_frame   0x00001fe4       0x20 c:/program files (x86)/microchip/xc32/v1.42/bin/bin/../../lib/gcc/pic32mx/4.8.3/../../../../pic32mx/lib\libpic32.a(defaultinterrupt.o)
 .debug_frame   0x00002004       0x2c c:/program files (x86)/microchip/xc32/v1.42/bin/bin/../../lib/gcc/pic32mx/4.8.3/../../../../pic32mx/lib\libm.a(w_powf.o)
 .debug_frame   0x00002030       0xa0 c:/program files (x86)/microchip/xc32/v1.42/bin/bin/../../lib/gcc/pic32mx/4.8.3/../../../../pic32mx/lib\libpic32.a(isinf.o)
 .debug_frame   0x000020d0       0x20 c:/program files (x86)/microchip/xc32/v1.42/bin/bin/../../lib/gcc/pic32mx/4.8.3/../../../../pic32mx/lib\libe.a(_unorddf2.o)

.debug_str      0x00000000      0x873
 *(.debug_str)
 .debug_str     0x00000000       0x8e build/default/production/_ext/1361460060/drv_adc_static.o
 .debug_str     0x0000008e        0xc build/default/production/_ext/1047219354/drv_oc_mapping.o
 .debug_str     0x0000009a       0x1a build/default/production/_ext/1047219354/drv_oc_static.o
 .debug_str     0x000000b4       0x4d build/default/production/_ext/1407244131/drv_tmr_static.o
 .debug_str     0x00000101        0x7 build/default/production/_ext/1407244131/drv_tmr_mapping.o
 .debug_str     0x00000108       0x23 build/default/production/_ext/327000265/drv_usart_mapping.o
 .debug_str     0x0000012b       0xe2 build/default/production/_ext/327000265/drv_usart_static.o
 .debug_str     0x0000020d       0x12 build/default/production/_ext/327000265/drv_usart_static_byte_model.o
 .debug_str     0x0000021f       0x39 build/default/production/_ext/639803181/sys_clk_static.o
 .debug_str     0x00000258       0x55 build/default/production/_ext/822048611/sys_ports_static.o
 .debug_str     0x000002ad       0x36 build/default/production/_ext/1688732426/system_init.o
 .debug_str     0x000002e3       0x2e build/default/production/_ext/1688732426/system_interrupt.o
 .debug_str     0x00000311        0x0 build/default/production/_ext/1688732426/system_exceptions.o
 .debug_str     0x00000311        0x0 build/default/production/_ext/1688732426/system_tasks.o
 .debug_str     0x00000311        0x9 build/default/production/_ext/1688732426/rtos_hooks.o
 .debug_str     0x0000031a       0x19 build/default/production/_ext/1360937237/mainapp.o
 .debug_str     0x00000333       0x11 build/default/production/_ext/1360937237/motor_control.o
 .debug_str     0x00000344        0x0 build/default/production/_ext/1360937237/uart_tx.o
 .debug_str     0x00000344        0x0 build/default/production/_ext/1360937237/uart_rx.o
 .debug_str     0x00000344        0x0 build/default/production/_ext/1360937237/main.o
 .debug_str     0x00000344        0x0 build/default/production/_ext/1360937237/adc_1.o
 .debug_str     0x00000344        0x0 build/default/production/_ext/1360937237/softwareTimer.o
 .debug_str     0x00000344       0x40 build/default/production/_ext/341040409/osal_freertos.o
 .debug_str     0x00000384       0x16 build/default/production/_ext/23466643/sys_devcon.o
 .debug_str     0x0000039a        0x6 build/default/production/_ext/23466643/sys_devcon_pic32mx.o
 .debug_str     0x000003a0       0x2d build/default/production/_ext/1667967065/sys_int_pic32.o
 .debug_str     0x000003cd       0x1d build/default/production/_ext/1663225769/heap_1.o
 .debug_str     0x000003ea       0x37 build/default/production/_ext/201381206/port.o
 .debug_str     0x00000421        0x0 build/default/production/_ext/357001740/croutine.o
 .debug_str     0x00000421       0x2b build/default/production/_ext/357001740/list.o
 .debug_str     0x0000044c       0xf1 build/default/production/_ext/357001740/queue.o
 .debug_str     0x0000053d      0x191 build/default/production/_ext/357001740/tasks.o
 .debug_str     0x000006ce       0xbf build/default/production/_ext/357001740/timers.o
 .debug_str     0x0000078d       0xe6 build/default/production/_ext/357001740/event_groups.o
 .debug_str     0x00000873        0x0 c:/program files (x86)/microchip/xc32/v1.42/bin/bin/../../lib/gcc/pic32mx/4.8.3\libgcc.a(floatunsisf.o)
 .debug_str     0x00000873        0x0 c:/program files (x86)/microchip/xc32/v1.42/bin/bin/../../lib/gcc/pic32mx/4.8.3/../../../../pic32mx/lib\libpic32.a(default-bootstrap-exception-handler.o)
 .debug_str     0x00000873        0x0 c:/program files (x86)/microchip/xc32/v1.42/bin/bin/../../lib/gcc/pic32mx/4.8.3/../../../../pic32mx/lib\libpic32.a(default-on-reset.o)
 .debug_str     0x00000873        0x0 c:/program files (x86)/microchip/xc32/v1.42/bin/bin/../../lib/gcc/pic32mx/4.8.3/../../../../pic32mx/lib\libpic32.a(default-on-bootstrap.o)
 .debug_str     0x00000873        0x0 c:/program files (x86)/microchip/xc32/v1.42/bin/bin/../../lib/gcc/pic32mx/4.8.3/../../../../pic32mx/lib\libpic32.a(defaultinterrupt.o)
 .debug_str     0x00000873        0x0 c:/program files (x86)/microchip/xc32/v1.42/bin/bin/../../lib/gcc/pic32mx/4.8.3/../../../../pic32mx/lib\libm.a(w_powf.o)
 .debug_str     0x00000873        0x0 c:/program files (x86)/microchip/xc32/v1.42/bin/bin/../../lib/gcc/pic32mx/4.8.3/../../../../pic32mx/lib\libm.a(s_lib_ver.o)
 .debug_str     0x00000873        0x0 c:/program files (x86)/microchip/xc32/v1.42/bin/bin/../../lib/gcc/pic32mx/4.8.3/../../../../pic32mx/lib\libc.a(errno.o)
 .debug_str     0x00000873        0x0 c:/program files (x86)/microchip/xc32/v1.42/bin/bin/../../lib/gcc/pic32mx/4.8.3/../../../../pic32mx/lib\libpic32.a(isinf.o)
 .debug_str     0x00000873        0x0 c:/program files (x86)/microchip/xc32/v1.42/bin/bin/../../lib/gcc/pic32mx/4.8.3/../../../../pic32mx/lib\libe.a(_unorddf2.o)

.debug_loc      0x00000000     0x68c8
 *(.debug_loc)
 .debug_loc     0x00000000      0x111 build/default/production/_ext/1361460060/drv_adc_static.o
 .debug_loc     0x00000111      0x220 build/default/production/_ext/1047219354/drv_oc_mapping.o
 .debug_loc     0x00000331      0x305 build/default/production/_ext/1407244131/drv_tmr_static.o
 .debug_loc     0x00000636      0x2f4 build/default/production/_ext/1407244131/drv_tmr_mapping.o
 .debug_loc     0x0000092a      0x69f build/default/production/_ext/327000265/drv_usart_mapping.o
 .debug_loc     0x00000fc9      0x575 build/default/production/_ext/327000265/drv_usart_static.o
 .debug_loc     0x0000153e       0x74 build/default/production/_ext/327000265/drv_usart_static_byte_model.o
 .debug_loc     0x000015b2       0x49 build/default/production/_ext/639803181/sys_clk_static.o
 .debug_loc     0x000015fb      0xecf build/default/production/_ext/822048611/sys_ports_static.o
 .debug_loc     0x000024ca       0x21 build/default/production/_ext/1688732426/system_init.o
 .debug_loc     0x000024eb      0x178 build/default/production/_ext/1688732426/system_interrupt.o
 .debug_loc     0x00002663       0x34 build/default/production/_ext/1688732426/rtos_hooks.o
 .debug_loc     0x00002697       0xc3 build/default/production/_ext/1360937237/mainapp.o
 .debug_loc     0x0000275a      0x331 build/default/production/_ext/1360937237/motor_control.o
 .debug_loc     0x00002a8b       0x63 build/default/production/_ext/1360937237/uart_tx.o
 .debug_loc     0x00002aee       0xa4 build/default/production/_ext/1360937237/uart_rx.o
 .debug_loc     0x00002b92       0xeb build/default/production/_ext/1360937237/adc_1.o
 .debug_loc     0x00002c7d       0x3f build/default/production/_ext/1360937237/softwareTimer.o
 .debug_loc     0x00002cbc      0x40c build/default/production/_ext/341040409/osal_freertos.o
 .debug_loc     0x000030c8       0xf0 build/default/production/_ext/23466643/sys_devcon.o
 .debug_loc     0x000031b8       0xec build/default/production/_ext/23466643/sys_devcon_pic32mx.o
 .debug_loc     0x000032a4       0x8d build/default/production/_ext/1667967065/sys_int_pic32.o
 .debug_loc     0x00003331       0x49 build/default/production/_ext/1663225769/heap_1.o
 .debug_loc     0x0000337a       0xea build/default/production/_ext/201381206/port.o
 .debug_loc     0x00003464       0x31 build/default/production/_ext/357001740/list.o
 .debug_loc     0x00003495      0xd43 build/default/production/_ext/357001740/queue.o
 .debug_loc     0x000041d8     0x15c1 build/default/production/_ext/357001740/tasks.o
 .debug_loc     0x00005799      0x7d1 build/default/production/_ext/357001740/timers.o
 .debug_loc     0x00005f6a      0x8ea build/default/production/_ext/357001740/event_groups.o
 .debug_loc     0x00006854       0x74 c:/program files (x86)/microchip/xc32/v1.42/bin/bin/../../lib/gcc/pic32mx/4.8.3\libgcc.a(floatunsisf.o)

.debug_macinfo
 *(.debug_macinfo)

.debug_weaknames
 *(.debug_weaknames)

.debug_funcnames
 *(.debug_funcnames)

.debug_typenames
 *(.debug_typenames)

.debug_varnames
 *(.debug_varnames)

.debug_pubtypes
 *(.debug_pubtypes)

.debug_ranges   0x00000000      0xea0
 *(.debug_ranges)
 .debug_ranges  0x00000000       0x68 build/default/production/_ext/1361460060/drv_adc_static.o
 .debug_ranges  0x00000068       0x28 build/default/production/_ext/1047219354/drv_oc_mapping.o
 .debug_ranges  0x00000090       0x68 build/default/production/_ext/1047219354/drv_oc_static.o
 .debug_ranges  0x000000f8       0x90 build/default/production/_ext/1407244131/drv_tmr_static.o
 .debug_ranges  0x00000188       0xb8 build/default/production/_ext/1407244131/drv_tmr_mapping.o
 .debug_ranges  0x00000240       0x98 build/default/production/_ext/327000265/drv_usart_mapping.o
 .debug_ranges  0x000002d8       0x98 build/default/production/_ext/327000265/drv_usart_static.o
 .debug_ranges  0x00000370       0x38 build/default/production/_ext/327000265/drv_usart_static_byte_model.o
 .debug_ranges  0x000003a8       0x40 build/default/production/_ext/639803181/sys_clk_static.o
 .debug_ranges  0x000003e8       0xf8 build/default/production/_ext/822048611/sys_ports_static.o
 .debug_ranges  0x000004e0       0x10 build/default/production/_ext/1688732426/system_init.o
 .debug_ranges  0x000004f0       0xc0 build/default/production/_ext/1688732426/system_interrupt.o
 .debug_ranges  0x000005b0       0x10 build/default/production/_ext/1688732426/system_exceptions.o
 .debug_ranges  0x000005c0       0x40 build/default/production/_ext/1688732426/system_tasks.o
 .debug_ranges  0x00000600       0x40 build/default/production/_ext/1688732426/system_interrupt_a.o
 .debug_ranges  0x00000640       0x18 build/default/production/_ext/1688732426/rtos_hooks.o
 .debug_ranges  0x00000658       0x50 build/default/production/_ext/1360937237/mainapp.o
 .debug_ranges  0x000006a8       0xb8 build/default/production/_ext/1360937237/motor_control.o
 .debug_ranges  0x00000760       0x30 build/default/production/_ext/1360937237/uart_tx.o
 .debug_ranges  0x00000790       0x38 build/default/production/_ext/1360937237/uart_rx.o
 .debug_ranges  0x000007c8       0x10 build/default/production/_ext/1360937237/main.o
 .debug_ranges  0x000007d8       0x38 build/default/production/_ext/1360937237/adc_1.o
 .debug_ranges  0x00000810       0x18 build/default/production/_ext/1360937237/softwareTimer.o
 .debug_ranges  0x00000828       0x78 build/default/production/_ext/341040409/osal_freertos.o
 .debug_ranges  0x000008a0       0x68 build/default/production/_ext/23466643/sys_devcon.o
 .debug_ranges  0x00000908       0x10 build/default/production/_ext/23466643/sys_devcon_pic32mx.o
 .debug_ranges  0x00000918       0x50 build/default/production/_ext/1667967065/sys_int_pic32.o
 .debug_ranges  0x00000968       0x28 build/default/production/_ext/1663225769/heap_1.o
 .debug_ranges  0x00000990       0x48 build/default/production/_ext/201381206/port.o
 .debug_ranges  0x000009d8       0x30 build/default/production/_ext/357001740/list.o
 .debug_ranges  0x00000a08       0xa8 build/default/production/_ext/357001740/queue.o
 .debug_ranges  0x00000ab0      0x1b8 build/default/production/_ext/357001740/tasks.o
 .debug_ranges  0x00000c68      0x108 build/default/production/_ext/357001740/timers.o
 .debug_ranges  0x00000d70       0x98 build/default/production/_ext/357001740/event_groups.o
 .debug_ranges  0x00000e08       0x10 c:/program files (x86)/microchip/xc32/v1.42/bin/bin/../../lib/gcc/pic32mx/4.8.3/../../../../pic32mx/lib\libpic32.a(default-bootstrap-exception-handler.o)
 .debug_ranges  0x00000e18       0x10 c:/program files (x86)/microchip/xc32/v1.42/bin/bin/../../lib/gcc/pic32mx/4.8.3/../../../../pic32mx/lib\libpic32.a(default-on-reset.o)
 .debug_ranges  0x00000e28       0x10 c:/program files (x86)/microchip/xc32/v1.42/bin/bin/../../lib/gcc/pic32mx/4.8.3/../../../../pic32mx/lib\libpic32.a(default-on-bootstrap.o)
 .debug_ranges  0x00000e38       0x10 c:/program files (x86)/microchip/xc32/v1.42/bin/bin/../../lib/gcc/pic32mx/4.8.3/../../../../pic32mx/lib\libpic32.a(defaultinterrupt.o)
 .debug_ranges  0x00000e48       0x10 c:/program files (x86)/microchip/xc32/v1.42/bin/bin/../../lib/gcc/pic32mx/4.8.3/../../../../pic32mx/lib\libm.a(w_powf.o)
 .debug_ranges  0x00000e58       0x38 c:/program files (x86)/microchip/xc32/v1.42/bin/bin/../../lib/gcc/pic32mx/4.8.3/../../../../pic32mx/lib\libpic32.a(isinf.o)
 .debug_ranges  0x00000e90       0x10 c:/program files (x86)/microchip/xc32/v1.42/bin/bin/../../lib/gcc/pic32mx/4.8.3/../../../../pic32mx/lib\libe.a(_unorddf2.o)

.gnu.attributes
                0x00000000       0x10
 *(.gnu.attributes)
 .gnu.attributes
                0x00000000       0x10 build/default/production/_ext/1361460060/drv_adc_static.o
 .gnu.attributes
                0x00000010       0x10 build/default/production/_ext/1047219354/drv_oc_mapping.o
 .gnu.attributes
                0x00000020       0x10 build/default/production/_ext/1047219354/drv_oc_static.o
 .gnu.attributes
                0x00000030       0x10 build/default/production/_ext/1407244131/drv_tmr_static.o
 .gnu.attributes
                0x00000040       0x10 build/default/production/_ext/1407244131/drv_tmr_mapping.o
 .gnu.attributes
                0x00000050       0x10 build/default/production/_ext/327000265/drv_usart_mapping.o
 .gnu.attributes
                0x00000060       0x10 build/default/production/_ext/327000265/drv_usart_static.o
 .gnu.attributes
                0x00000070       0x10 build/default/production/_ext/327000265/drv_usart_static_byte_model.o
 .gnu.attributes
                0x00000080       0x10 build/default/production/_ext/639803181/sys_clk_static.o
 .gnu.attributes
                0x00000090       0x10 build/default/production/_ext/822048611/sys_ports_static.o
 .gnu.attributes
                0x000000a0       0x10 build/default/production/_ext/1688732426/system_init.o
 .gnu.attributes
                0x000000b0       0x10 build/default/production/_ext/1688732426/system_interrupt.o
 .gnu.attributes
                0x000000c0       0x10 build/default/production/_ext/1688732426/system_exceptions.o
 .gnu.attributes
                0x000000d0       0x10 build/default/production/_ext/1688732426/system_tasks.o
 .gnu.attributes
                0x000000e0       0x10 build/default/production/_ext/1688732426/rtos_hooks.o
 .gnu.attributes
                0x000000f0       0x10 build/default/production/_ext/1360937237/mainapp.o
 .gnu.attributes
                0x00000100       0x10 build/default/production/_ext/1360937237/motor_control.o
 .gnu.attributes
                0x00000110       0x10 build/default/production/_ext/1360937237/uart_tx.o
 .gnu.attributes
                0x00000120       0x10 build/default/production/_ext/1360937237/uart_rx.o
 .gnu.attributes
                0x00000130       0x10 build/default/production/_ext/1360937237/main.o
 .gnu.attributes
                0x00000140       0x10 build/default/production/_ext/1360937237/adc_1.o
 .gnu.attributes
                0x00000150       0x10 build/default/production/_ext/1360937237/softwareTimer.o
 .gnu.attributes
                0x00000160       0x10 build/default/production/_ext/341040409/osal_freertos.o
 .gnu.attributes
                0x00000170       0x10 build/default/production/_ext/23466643/sys_devcon.o
 .gnu.attributes
                0x00000180       0x10 build/default/production/_ext/23466643/sys_devcon_pic32mx.o
 .gnu.attributes
                0x00000190       0x10 build/default/production/_ext/1667967065/sys_int_pic32.o
 .gnu.attributes
                0x000001a0       0x10 build/default/production/_ext/1663225769/heap_1.o
 .gnu.attributes
                0x000001b0       0x10 build/default/production/_ext/201381206/port.o
 .gnu.attributes
                0x000001c0       0x10 build/default/production/_ext/357001740/croutine.o
 .gnu.attributes
                0x000001d0       0x10 build/default/production/_ext/357001740/list.o
 .gnu.attributes
                0x000001e0       0x10 build/default/production/_ext/357001740/queue.o
 .gnu.attributes
                0x000001f0       0x10 build/default/production/_ext/357001740/tasks.o
 .gnu.attributes
                0x00000200       0x10 build/default/production/_ext/357001740/timers.o
 .gnu.attributes
                0x00000210       0x10 build/default/production/_ext/357001740/event_groups.o
 .gnu.attributes
                0x00000220       0x10 c:/program files (x86)/microchip/xc32/v1.42/bin/bin/../../lib/gcc/pic32mx/4.8.3\libgcc.a(floatunsisf.o)
 .gnu.attributes
                0x00000230       0x10 c:/program files (x86)/microchip/xc32/v1.42/bin/bin/../../lib/gcc/pic32mx/4.8.3/../../../../pic32mx/lib\libpic32.a(default-bootstrap-exception-handler.o)
 .gnu.attributes
                0x00000240       0x10 c:/program files (x86)/microchip/xc32/v1.42/bin/bin/../../lib/gcc/pic32mx/4.8.3/../../../../pic32mx/lib\libpic32.a(default-on-reset.o)
 .gnu.attributes
                0x00000250       0x10 c:/program files (x86)/microchip/xc32/v1.42/bin/bin/../../lib/gcc/pic32mx/4.8.3/../../../../pic32mx/lib\libpic32.a(default-on-bootstrap.o)
 .gnu.attributes
                0x00000260       0x10 c:/program files (x86)/microchip/xc32/v1.42/bin/bin/../../lib/gcc/pic32mx/4.8.3/../../../../pic32mx/lib\libpic32.a(defaultinterrupt.o)
 .gnu.attributes
                0x00000270       0x10 c:/program files (x86)/microchip/xc32/v1.42/bin/bin/../../lib/gcc/pic32mx/4.8.3/../../../../pic32mx/lib\libm.a(w_powf.o)
 .gnu.attributes
                0x00000280       0x10 c:/program files (x86)/microchip/xc32/v1.42/bin/bin/../../lib/gcc/pic32mx/4.8.3/../../../../pic32mx/lib\libm.a(s_lib_ver.o)
 .gnu.attributes
                0x00000290       0x10 c:/program files (x86)/microchip/xc32/v1.42/bin/bin/../../lib/gcc/pic32mx/4.8.3/../../../../pic32mx/lib\libc.a(errno.o)
 .gnu.attributes
                0x000002a0       0x10 c:/program files (x86)/microchip/xc32/v1.42/bin/bin/../../lib/gcc/pic32mx/4.8.3/../../../../pic32mx/lib\libpic32.a(isinf.o)
 .gnu.attributes
                0x000002b0       0x10 c:/program files (x86)/microchip/xc32/v1.42/bin/bin/../../lib/gcc/pic32mx/4.8.3/../../../../pic32mx/lib\libe.a(_unorddf2.o)
LOAD c:/program files (x86)/microchip/xc32/v1.42/bin/bin/../../lib/gcc/pic32mx/4.8.3\libgcc.a
START GROUP
LOAD c:/program files (x86)/microchip/xc32/v1.42/bin/bin/../../lib/gcc/pic32mx/4.8.3/../../../../pic32mx/lib\libpic32.a
LOAD c:/program files (x86)/microchip/xc32/v1.42/bin/bin/../../lib/gcc/pic32mx/4.8.3/../../../../pic32mx/lib\libdebug.a
LOAD c:/program files (x86)/microchip/xc32/v1.42/bin/bin/../../lib/gcc/pic32mx/4.8.3/../../../../pic32mx/lib\libpic32.a
LOAD c:/program files (x86)/microchip/xc32/v1.42/bin/bin/../../lib/gcc/pic32mx/4.8.3/../../../../pic32mx/lib\libm.a
LOAD c:/program files (x86)/microchip/xc32/v1.42/bin/bin/../../lib/gcc/pic32mx/4.8.3/../../../../pic32mx/lib\libe.a
LOAD c:/program files (x86)/microchip/xc32/v1.42/bin/bin/../../lib/gcc/pic32mx/4.8.3/../../../../pic32mx/lib\libdsp.a
LOAD c:/program files (x86)/microchip/xc32/v1.42/bin/bin/../../lib/gcc/pic32mx/4.8.3\libgcc.a
LOAD c:/program files (x86)/microchip/xc32/v1.42/bin/bin/../../lib/gcc/pic32mx/4.8.3/../../../../pic32mx/lib\libc.a
LOAD c:/program files (x86)/microchip/xc32/v1.42/bin/bin/../../lib/gcc/pic32mx/4.8.3/../../../../pic32mx/lib\libc.a
LOAD c:/program files (x86)/microchip/xc32/v1.42/bin/bin/../../lib/gcc/pic32mx/4.8.3/../../../../pic32mx/lib\libpic32.a
END GROUP
LOAD c:/program files (x86)/microchip/xc32/v1.42/bin/bin/../../lib/gcc/pic32mx/4.8.3\libgcc.a
OUTPUT(dist/default/production/GhostRover.X.production.elf elf32-tradlittlemips)
LOAD stack
LOAD data_init

.reginfo        0x00000000       0x18
 .reginfo       0x00000000       0x18 c:/program files (x86)/microchip/xc32/v1.42/bin/bin/../../lib/gcc/pic32mx/4.8.3/../../../../pic32mx/lib/./proc/32MX795F512L/crt0_mips32r2.o

.stack          0xa00147f8      0x400
 .stack         0xa00147f8      0x400 stack

.bss            0xa00000ac    0x14730