
Optional file libmchp_peripheral.a not found

Optional file libmchp_peripheral_32MX795F512L.a not found
Archive member included because of file (symbol)

/Applications/microchip/xc32/v1.42/bin/bin/../../lib/gcc/pic32mx/4.8.3/../../../../pic32mx/lib/libpic32.a(memcpy.o)
                              build/default/production/_ext/357001740/queue.o (memcpy)
/Applications/microchip/xc32/v1.42/bin/bin/../../lib/gcc/pic32mx/4.8.3/../../../../pic32mx/lib/libpic32.a(memset.o)
                              build/default/production/_ext/357001740/tasks.o (memset)
/Applications/microchip/xc32/v1.42/bin/bin/../../lib/gcc/pic32mx/4.8.3/../../../../pic32mx/lib/libpic32.a(default-bootstrap-exception-handler.o)
                              /Applications/microchip/xc32/v1.42/bin/bin/../../lib/gcc/pic32mx/4.8.3/../../../../pic32mx/lib/./proc/32MX795F512L/crt0_mips32r2.o (_bootstrap_exception_handler)
/Applications/microchip/xc32/v1.42/bin/bin/../../lib/gcc/pic32mx/4.8.3/../../../../pic32mx/lib/libpic32.a(default-on-reset.o)
                              /Applications/microchip/xc32/v1.42/bin/bin/../../lib/gcc/pic32mx/4.8.3/../../../../pic32mx/lib/./proc/32MX795F512L/crt0_mips32r2.o (_on_reset)
/Applications/microchip/xc32/v1.42/bin/bin/../../lib/gcc/pic32mx/4.8.3/../../../../pic32mx/lib/libpic32.a(default-on-bootstrap.o)
                              /Applications/microchip/xc32/v1.42/bin/bin/../../lib/gcc/pic32mx/4.8.3/../../../../pic32mx/lib/./proc/32MX795F512L/crt0_mips32r2.o (_on_bootstrap)
/Applications/microchip/xc32/v1.42/bin/bin/../../lib/gcc/pic32mx/4.8.3/../../../../pic32mx/lib/libpic32.a(default-nmi-handler.o)
                              /Applications/microchip/xc32/v1.42/bin/bin/../../lib/gcc/pic32mx/4.8.3/../../../../pic32mx/lib/./proc/32MX795F512L/crt0_mips32r2.o (_nmi_handler)
/Applications/microchip/xc32/v1.42/bin/bin/../../lib/gcc/pic32mx/4.8.3/../../../../pic32mx/lib/libpic32.a(general-exception.o)
                              /Applications/microchip/xc32/v1.42/bin/bin/../../lib/gcc/pic32mx/4.8.3/../../../../pic32mx/lib/./proc/32MX795F512L/crt0_mips32r2.o (_general_exception_context)
/Applications/microchip/xc32/v1.42/bin/bin/../../lib/gcc/pic32mx/4.8.3/../../../../pic32mx/lib/libpic32.a(vector0.o)
                              /Applications/microchip/xc32/v1.42/bin/bin/../../lib/gcc/pic32mx/4.8.3/../../../../pic32mx/lib/./proc/32MX795F512L/default_isr_vectors.o (__vector_dispatch_0)
/Applications/microchip/xc32/v1.42/bin/bin/../../lib/gcc/pic32mx/4.8.3/../../../../pic32mx/lib/libpic32.a(vector2.o)
                              /Applications/microchip/xc32/v1.42/bin/bin/../../lib/gcc/pic32mx/4.8.3/../../../../pic32mx/lib/./proc/32MX795F512L/default_isr_vectors.o (__vector_dispatch_2)
/Applications/microchip/xc32/v1.42/bin/bin/../../lib/gcc/pic32mx/4.8.3/../../../../pic32mx/lib/libpic32.a(vector3.o)
                              /Applications/microchip/xc32/v1.42/bin/bin/../../lib/gcc/pic32mx/4.8.3/../../../../pic32mx/lib/./proc/32MX795F512L/default_isr_vectors.o (__vector_dispatch_3)
/Applications/microchip/xc32/v1.42/bin/bin/../../lib/gcc/pic32mx/4.8.3/../../../../pic32mx/lib/libpic32.a(vector5.o)
                              /Applications/microchip/xc32/v1.42/bin/bin/../../lib/gcc/pic32mx/4.8.3/../../../../pic32mx/lib/./proc/32MX795F512L/default_isr_vectors.o (__vector_dispatch_5)
/Applications/microchip/xc32/v1.42/bin/bin/../../lib/gcc/pic32mx/4.8.3/../../../../pic32mx/lib/libpic32.a(vector6.o)
                              /Applications/microchip/xc32/v1.42/bin/bin/../../lib/gcc/pic32mx/4.8.3/../../../../pic32mx/lib/./proc/32MX795F512L/default_isr_vectors.o (__vector_dispatch_6)
/Applications/microchip/xc32/v1.42/bin/bin/../../lib/gcc/pic32mx/4.8.3/../../../../pic32mx/lib/libpic32.a(vector7.o)
                              /Applications/microchip/xc32/v1.42/bin/bin/../../lib/gcc/pic32mx/4.8.3/../../../../pic32mx/lib/./proc/32MX795F512L/default_isr_vectors.o (__vector_dispatch_7)
/Applications/microchip/xc32/v1.42/bin/bin/../../lib/gcc/pic32mx/4.8.3/../../../../pic32mx/lib/libpic32.a(vector8.o)
                              /Applications/microchip/xc32/v1.42/bin/bin/../../lib/gcc/pic32mx/4.8.3/../../../../pic32mx/lib/./proc/32MX795F512L/default_isr_vectors.o (__vector_dispatch_8)
/Applications/microchip/xc32/v1.42/bin/bin/../../lib/gcc/pic32mx/4.8.3/../../../../pic32mx/lib/libpic32.a(vector9.o)
                              /Applications/microchip/xc32/v1.42/bin/bin/../../lib/gcc/pic32mx/4.8.3/../../../../pic32mx/lib/./proc/32MX795F512L/default_isr_vectors.o (__vector_dispatch_9)
/Applications/microchip/xc32/v1.42/bin/bin/../../lib/gcc/pic32mx/4.8.3/../../../../pic32mx/lib/libpic32.a(vector10.o)
                              /Applications/microchip/xc32/v1.42/bin/bin/../../lib/gcc/pic32mx/4.8.3/../../../../pic32mx/lib/./proc/32MX795F512L/default_isr_vectors.o (__vector_dispatch_10)
/Applications/microchip/xc32/v1.42/bin/bin/../../lib/gcc/pic32mx/4.8.3/../../../../pic32mx/lib/libpic32.a(vector11.o)
[...]
Memory Configuration

Name             Origin             Length             Attributes
kseg0_program_mem 0x9d000000         0x00080000         xr
kseg0_boot_mem   0x9fc00490         0x00000970
exception_mem    0x9fc01000         0x00001000
kseg1_boot_mem   0xbfc00000         0x00000490
debug_exec_mem   0xbfc02000         0x00000ff0
config3          0xbfc02ff0         0x00000004
config2          0xbfc02ff4         0x00000004
config1          0xbfc02ff8         0x00000004
config0          0xbfc02ffc         0x00000004
kseg1_data_mem   0xa0000000         0x00020000         w !x
sfrs             0xbf800000         0x00100000
configsfrs       0xbfc02ff0         0x00000010
*default*        0x00000000         0xffffffff

Linker script and memory map

LOAD /Applications/microchip/xc32/v1.42/bin/bin/../../lib/gcc/pic32mx/4.8.3/../../../../pic32mx/lib/./proc/32MX795F512L/crt0_mips32r2.o
LOAD /Applications/microchip/xc32/v1.42/bin/bin/../../lib/gcc/pic32mx/4.8.3/../../../../pic32mx/lib/debug-exception-return.o
LOAD build/default/production/_ext/327000265/drv_usart_mapping.o
LOAD build/default/production/_ext/327000265/drv_usart_static.o
LOAD build/default/production/_ext/327000265/drv_usart_static_byte_model.o
LOAD build/default/production/_ext/639803181/sys_clk_static.o
LOAD build/default/production/_ext/822048611/sys_ports_static.o
LOAD build/default/production/_ext/1688732426/system_init.o
LOAD build/default/production/_ext/1688732426/system_interrupt.o
LOAD build/default/production/_ext/1688732426/system_exceptions.o
LOAD build/default/production/_ext/1688732426/system_tasks.o
LOAD build/default/production/_ext/1688732426/system_interrupt_a.o
LOAD build/default/production/_ext/1688732426/rtos_hooks.o
LOAD build/default/production/_ext/1360937237/mainapp.o
LOAD build/default/production/_ext/1360937237/uart_tx.o
LOAD build/default/production/_ext/1360937237/uart_rx.o
LOAD build/default/production/_ext/1360937237/main.o
LOAD build/default/production/_ext/341040409/osal_freertos.o
LOAD build/default/production/_ext/23466643/sys_devcon.o
LOAD build/default/production/_ext/23466643/sys_devcon_pic32mx.o
LOAD build/default/production/_ext/1667967065/sys_int_pic32.o
LOAD build/default/production/_ext/1663225769/heap_1.o
LOAD build/default/production/_ext/201381206/port.o
LOAD build/default/production/_ext/201381206/port_asm.o
LOAD build/default/production/_ext/357001740/croutine.o
LOAD build/default/production/_ext/357001740/list.o
LOAD build/default/production/_ext/357001740/queue.o
LOAD build/default/production/_ext/357001740/tasks.o
LOAD build/default/production/_ext/357001740/timers.o
LOAD build/default/production/_ext/357001740/event_groups.o
LOAD ../../../../../microchip/harmony/v1_08_01/bin/framework/peripheral/PIC32MX795F512L_peripherals.a
LOAD ../../../../../microchip/harmony/v1_08_01/framework/tcpip/src/crypto/aes_pic32mx.a
                0x00000001                __MPLAB_BUILD = 0x1
                0x00000000                _min_heap_size = 0x0
LOAD /Applications/microchip/xc32/v1.42/bin/bin/../../lib/gcc/pic32mx/4.8.3/../../../../pic32mx/lib/./proc/32MX795F512L/default_isr_vectors.o
LOAD /Applications/microchip/xc32/v1.42/bin/bin/../../lib/gcc/pic32mx/4.8.3/../../../../pic32mx/lib/pic32_software_reset.o
                0x00000400                PROVIDE (_min_stack_size, 0x400)
LOAD /Applications/microchip/xc32/v1.42/bin/bin/../../lib/gcc/pic32mx/4.8.3/../../../../pic32mx/lib/./proc/32MX795F512L/processor.o
START GROUP
LOAD libmchp_peripheral.a
END GROUP
START GROUP
LOAD libmchp_peripheral_32MX795F512L.a
END GROUP
                0x00000001                PROVIDE (_vector_spacing, 0x1)
                0x9fc01000                PROVIDE (_ebase_address, 0x9fc01000)
                0xbfc00000                _RESET_ADDR = 0xbfc00000
                0xbfc00380                _BEV_EXCPT_ADDR = 0xbfc00380
                0xbfc00480                _DBG_EXCPT_ADDR = 0xbfc00480
                0xbfc02000                _DBG_CODE_ADDR = 0xbfc02000
                0x00000ff0                _DBG_CODE_SIZE = 0xff0
                0x9fc01180                _GEN_EXCPT_ADDR = (_ebase_address + 0x180)

.config_BFC02FF0
                0xbfc02ff0        0x4
 *(.config_BFC02FF0)
 .config_BFC02FF0
                0xbfc02ff0        0x4 build/default/production/_ext/1688732426/system_init.o

.config_BFC02FF4
                0xbfc02ff4        0x4
 *(.config_BFC02FF4)
 .config_BFC02FF4
                0xbfc02ff4        0x4 build/default/production/_ext/1688732426/system_init.o

.config_BFC02FF8
                0xbfc02ff8        0x4
 *(.config_BFC02FF8)
 .config_BFC02FF8
                0xbfc02ff8        0x4 build/default/production/_ext/1688732426/system_init.o

.config_BFC02FFC
                0xbfc02ffc        0x4
 *(.config_BFC02FFC)
 .config_BFC02FFC
                0xbfc02ffc        0x4 build/default/production/_ext/1688732426/system_init.o
                0xbfc02000                PROVIDE (_DBG_CODE_ADDR, 0xbfc02000)
                0x00000ff0                PROVIDE (_DBG_CODE_SIZE, 0xff0)

.reset          0xbfc00000      0x208
 *(.reset)
 .reset         0xbfc00000        0x8 /Applications/microchip/xc32/v1.42/bin/bin/../../lib/gcc/pic32mx/4.8.3/../../../../pic32mx/lib/./proc/32MX795F512L/crt0_mips32r2.o
                0xbfc00000                _reset
 *(.reset.startup)
 .reset.startup
                0xbfc00008      0x200 /Applications/microchip/xc32/v1.42/bin/bin/../../lib/gcc/pic32mx/4.8.3/../../../../pic32mx/lib/./proc/32MX795F512L/crt0_mips32r2.o

.bev_excpt      0xbfc00380       0x10
 *(.bev_handler)
 .bev_handler   0xbfc00380       0x10 /Applications/microchip/xc32/v1.42/bin/bin/../../lib/gcc/pic32mx/4.8.3/../../../../pic32mx/lib/./proc/32MX795F512L/crt0_mips32r2.o

.dbg_excpt      0xbfc00480        0x0
                0xbfc00480                . = (. + DEFINED (_DEBUGGER)?0x8:0x0)

.dbg_code       0xbfc02000        0x0
                0xbfc02000                . = (. + DEFINED (_DEBUGGER)?_DBG_CODE_SIZE:0x0)

.app_excpt      0x9fc01180       0x10
 *(.gen_handler)
 .gen_handler   0x9fc01180       0x10 /Applications/microchip/xc32/v1.42/bin/bin/../../lib/gcc/pic32mx/4.8.3/../../../../pic32mx/lib/./proc/32MX795F512L/crt0_mips32r2.o

.vector_0       0x9fc01200        0x8
 *(.vector_0)
 .vector_0      0x9fc01200        0x8 /Applications/microchip/xc32/v1.42/bin/bin/../../lib/gcc/pic32mx/4.8.3/../../../../pic32mx/lib/libpic32.a(vector0.o)
                0x9fc01200                __vector_dispatch_0
                0x00000001                ASSERT (((_vector_spacing == 0x0) || (SIZEOF (.vector_0) <= (_vector_spacing << 0x5))), function at exception vector 0 too large)

.vector_1       0x9fc01220        0x8
 *(.vector_1)
 .vector_1      0x9fc01220        0x8 build/default/production/_ext/201381206/port.o
                0x9fc01220                __vector_dispatch_1
                0x00000001                ASSERT (((_vector_spacing == 0x0) || (SIZEOF (.vector_1) <= (_vector_spacing << 0x5))), function at exception vector 1 too large)

.vector_2       0x9fc01240        0x8
 *(.vector_2)
 .vector_2      0x9fc01240        0x8 /Applications/microchip/xc32/v1.42/bin/bin/../../lib/gcc/pic32mx/4.8.3/../../../../pic32mx/lib/libpic32.a(vector2.o)
                0x9fc01240                __vector_dispatch_2
                0x00000001                ASSERT (((_vector_spacing == 0x0) || (SIZEOF (.vector_2) <= (_vector_spacing << 0x5))), function at exception vector 2 too large)

.vector_3       0x9fc01260        0x8
 *(.vector_3)
 .vector_3      0x9fc01260        0x8 /Applications/microchip/xc32/v1.42/bin/bin/../../lib/gcc/pic32mx/4.8.3/../../../../pic32mx/lib/libpic32.a(vector3.o)
                0x9fc01260                __vector_dispatch_3
                0x00000001                ASSERT (((_vector_spacing == 0x0) || (SIZEOF (.vector_3) <= (_vector_spacing << 0x5))), function at exception vector 3 too large)

.vector_4       0x9fc01280        0x8
 *(.vector_4)
 .vector_4      0x9fc01280        0x8 build/default/production/_ext/201381206/port.o
                0x9fc01280                __vector_dispatch_4
                0x00000001                ASSERT (((_vector_spacing == 0x0) || (SIZEOF (.vector_4) <= (_vector_spacing << 0x5))), function at exception vector 4 too large)

.vector_5       0x9fc012a0        0x8
 *(.vector_5)
 .vector_5      0x9fc012a0        0x8 /Applications/microchip/xc32/v1.42/bin/bin/../../lib/gcc/pic32mx/4.8.3/../../../../pic32mx/lib/libpic32.a(vector5.o)
                0x9fc012a0                __vector_dispatch_5
                0x00000001                ASSERT (((_vector_spacing == 0x0) || (SIZEOF (.vector_5) <= (_vector_spacing << 0x5))), function at exception vector 5 too large)

.vector_6       0x9fc012c0        0x8
 *(.vector_6)
 .vector_6      0x9fc012c0        0x8 /Applications/microchip/xc32/v1.42/bin/bin/../../lib/gcc/pic32mx/4.8.3/../../../../pic32mx/lib/libpic32.a(vector6.o)
                0x9fc012c0                __vector_dispatch_6
                0x00000001                ASSERT (((_vector_spacing == 0x0) || (SIZEOF (.vector_6) <= (_vector_spacing << 0x5))), function at exception vector 6 too large)

.vector_7       0x9fc012e0        0x8
 *(.vector_7)
 .vector_7      0x9fc012e0        0x8 /Applications/microchip/xc32/v1.42/bin/bin/../../lib/gcc/pic32mx/4.8.3/../../../../pic32mx/lib/libpic32.a(vector7.o)
                0x9fc012e0                __vector_dispatch_7
                0x00000001                ASSERT (((_vector_spacing == 0x0) || (SIZEOF (.vector_7) <= (_vector_spacing << 0x5))), function at exception vector 7 too large)

.vector_8       0x9fc01300        0x8
 *(.vector_8)
 .vector_8      0x9fc01300        0x8 /Applications/microchip/xc32/v1.42/bin/bin/../../lib/gcc/pic32mx/4.8.3/../../../../pic32mx/lib/libpic32.a(vector8.o)
                0x9fc01300                __vector_dispatch_8
                0x00000001                ASSERT (((_vector_spacing == 0x0) || (SIZEOF (.vector_8) <= (_vector_spacing << 0x5))), function at exception vector 8 too large)

.vector_9       0x9fc01320        0x8
 *(.vector_9)
 .vector_9      0x9fc01320        0x8 /Applications/microchip/xc32/v1.42/bin/bin/../../lib/gcc/pic32mx/4.8.3/../../../../pic32mx/lib/libpic32.a(vector9.o)
                0x9fc01320                __vector_dispatch_9
                0x00000001                ASSERT (((_vector_spacing == 0x0) || (SIZEOF (.vector_9) <= (_vector_spacing << 0x5))), function at exception vector 9 too large)

.vector_10      0x9fc01340        0x8
 *(.vector_10)
 .vector_10     0x9fc01340        0x8 /Applications/microchip/xc32/v1.42/bin/bin/../../lib/gcc/pic32mx/4.8.3/../../../../pic32mx/lib/libpic32.a(vector10.o)
                0x9fc01340                __vector_dispatch_10
                0x00000001                ASSERT (((_vector_spacing == 0x0) || (SIZEOF (.vector_10) <= (_vector_spacing << 0x5))), function at exception vector 10 too large)

.vector_11      0x9fc01360        0x8
 *(.vector_11)
 .vector_11     0x9fc01360        0x8 /Applications/microchip/xc32/v1.42/bin/bin/../../lib/gcc/pic32mx/4.8.3/../../../../pic32mx/lib/libpic32.a(vector11.o)
                0x9fc01360                __vector_dispatch_11
                0x00000001                ASSERT (((_vector_spacing == 0x0) || (SIZEOF (.vector_11) <= (_vector_spacing << 0x5))), function at exception vector 11 too large)

.vector_12      0x9fc01380        0x8
 *(.vector_12)
 .vector_12     0x9fc01380        0x8 /Applications/microchip/xc32/v1.42/bin/bin/../../lib/gcc/pic32mx/4.8.3/../../../../pic32mx/lib/libpic32.a(vector12.o)
                0x9fc01380                __vector_dispatch_12
                0x00000001                ASSERT (((_vector_spacing == 0x0) || (SIZEOF (.vector_12) <= (_vector_spacing << 0x5))), function at exception vector 12 too large)

.vector_13      0x9fc013a0        0x8
 *(.vector_13)
 .vector_13     0x9fc013a0        0x8 /Applications/microchip/xc32/v1.42/bin/bin/../../lib/gcc/pic32mx/4.8.3/../../../../pic32mx/lib/libpic32.a(vector13.o)
                0x9fc013a0                __vector_dispatch_13
                0x00000001                ASSERT (((_vector_spacing == 0x0) || (SIZEOF (.vector_13) <= (_vector_spacing << 0x5))), function at exception vector 13 too large)

.vector_14      0x9fc013c0        0x8
 *(.vector_14)
 .vector_14     0x9fc013c0        0x8 /Applications/microchip/xc32/v1.42/bin/bin/../../lib/gcc/pic32mx/4.8.3/../../../../pic32mx/lib/libpic32.a(vector14.o)
                0x9fc013c0                __vector_dispatch_14
                0x00000001                ASSERT (((_vector_spacing == 0x0) || (SIZEOF (.vector_14) <= (_vector_spacing << 0x5))), function at exception vector 14 too large)

.vector_15      0x9fc013e0        0x8
 *(.vector_15)
 .vector_15     0x9fc013e0        0x8 /Applications/microchip/xc32/v1.42/bin/bin/../../lib/gcc/pic32mx/4.8.3/../../../../pic32mx/lib/libpic32.a(vector15.o)
                0x9fc013e0                __vector_dispatch_15
                0x00000001                ASSERT (((_vector_spacing == 0x0) || (SIZEOF (.vector_15) <= (_vector_spacing << 0x5))), function at exception vector 15 too large)

.vector_16      0x9fc01400        0x8
 *(.vector_16)
 .vector_16     0x9fc01400        0x8 /Applications/microchip/xc32/v1.42/bin/bin/../../lib/gcc/pic32mx/4.8.3/../../../../pic32mx/lib/libpic32.a(vector16.o)
                0x9fc01400                __vector_dispatch_16
                0x00000001                ASSERT (((_vector_spacing == 0x0) || (SIZEOF (.vector_16) <= (_vector_spacing << 0x5))), function at exception vector 16 too large)

.vector_17      0x9fc01420        0x8
 *(.vector_17)
 .vector_17     0x9fc01420        0x8 /Applications/microchip/xc32/v1.42/bin/bin/../../lib/gcc/pic32mx/4.8.3/../../../../pic32mx/lib/libpic32.a(vector17.o)
                0x9fc01420                __vector_dispatch_17
                0x00000001                ASSERT (((_vector_spacing == 0x0) || (SIZEOF (.vector_17) <= (_vector_spacing << 0x5))), function at exception vector 17 too large)

.vector_18      0x9fc01440        0x8
 *(.vector_18)
 .vector_18     0x9fc01440        0x8 /Applications/microchip/xc32/v1.42/bin/bin/../../lib/gcc/pic32mx/4.8.3/../../../../pic32mx/lib/libpic32.a(vector18.o)
                0x9fc01440                __vector_dispatch_18
                0x00000001                ASSERT (((_vector_spacing == 0x0) || (SIZEOF (.vector_18) <= (_vector_spacing << 0x5))), function at exception vector 18 too large)

.vector_19      0x9fc01460        0x8
 *(.vector_19)
 .vector_19     0x9fc01460        0x8 /Applications/microchip/xc32/v1.42/bin/bin/../../lib/gcc/pic32mx/4.8.3/../../../../pic32mx/lib/libpic32.a(vector19.o)
                0x9fc01460                __vector_dispatch_19
                0x00000001                ASSERT (((_vector_spacing == 0x0) || (SIZEOF (.vector_19) <= (_vector_spacing << 0x5))), function at exception vector 19 too large)

.vector_20      0x9fc01480        0x8
 *(.vector_20)
 .vector_20     0x9fc01480        0x8 /Applications/microchip/xc32/v1.42/bin/bin/../../lib/gcc/pic32mx/4.8.3/../../../../pic32mx/lib/libpic32.a(vector20.o)
                0x9fc01480                __vector_dispatch_20
                0x00000001                ASSERT (((_vector_spacing == 0x0) || (SIZEOF (.vector_20) <= (_vector_spacing << 0x5))), function at exception vector 20 too large)

.vector_21      0x9fc014a0        0x8
 *(.vector_21)
 .vector_21     0x9fc014a0        0x8 /Applications/microchip/xc32/v1.42/bin/bin/../../lib/gcc/pic32mx/4.8.3/../../../../pic32mx/lib/libpic32.a(vector21.o)
                0x9fc014a0                __vector_dispatch_21
                0x00000001                ASSERT (((_vector_spacing == 0x0) || (SIZEOF (.vector_21) <= (_vector_spacing << 0x5))), function at exception vector 21 too large)

.vector_22      0x9fc014c0        0x8
 *(.vector_22)
 .vector_22     0x9fc014c0        0x8 /Applications/microchip/xc32/v1.42/bin/bin/../../lib/gcc/pic32mx/4.8.3/../../../../pic32mx/lib/libpic32.a(vector22.o)
                0x9fc014c0                __vector_dispatch_22
                0x00000001                ASSERT (((_vector_spacing == 0x0) || (SIZEOF (.vector_22) <= (_vector_spacing << 0x5))), function at exception vector 22 too large)

.vector_23      0x9fc014e0        0x8
 *(.vector_23)
 .vector_23     0x9fc014e0        0x8 /Applications/microchip/xc32/v1.42/bin/bin/../../lib/gcc/pic32mx/4.8.3/../../../../pic32mx/lib/libpic32.a(vector23.o)
                0x9fc014e0                __vector_dispatch_23
                0x00000001                ASSERT (((_vector_spacing == 0x0) || (SIZEOF (.vector_23) <= (_vector_spacing << 0x5))), function at exception vector 23 too large)

.vector_24      0x9fc01500       0x10
 *(.vector_24)
 .vector_24     0x9fc01500       0x10 build/default/production/_ext/1688732426/system_interrupt_a.o
                0x9fc01500                __vector_dispatch_24
                0x00000001                ASSERT (((_vector_spacing == 0x0) || (SIZEOF (.vector_24) <= (_vector_spacing << 0x5))), function at exception vector 24 too large)

.vector_25      0x9fc01520        0x8
 *(.vector_25)
 .vector_25     0x9fc01520        0x8 /Applications/microchip/xc32/v1.42/bin/bin/../../lib/gcc/pic32mx/4.8.3/../../../../pic32mx/lib/libpic32.a(vector25.o)
                0x9fc01520                __vector_dispatch_25
                0x00000001                ASSERT (((_vector_spacing == 0x0) || (SIZEOF (.vector_25) <= (_vector_spacing << 0x5))), function at exception vector 25 too large)

.vector_26      0x9fc01540        0x8
 *(.vector_26)
 .vector_26     0x9fc01540        0x8 /Applications/microchip/xc32/v1.42/bin/bin/../../lib/gcc/pic32mx/4.8.3/../../../../pic32mx/lib/libpic32.a(vector26.o)
                0x9fc01540                __vector_dispatch_26
                0x00000001                ASSERT (((_vector_spacing == 0x0) || (SIZEOF (.vector_26) <= (_vector_spacing << 0x5))), function at exception vector 26 too large)

.vector_27      0x9fc01560        0x8
 *(.vector_27)
 .vector_27     0x9fc01560        0x8 /Applications/microchip/xc32/v1.42/bin/bin/../../lib/gcc/pic32mx/4.8.3/../../../../pic32mx/lib/libpic32.a(vector27.o)
                0x9fc01560                __vector_dispatch_27
                0x00000001                ASSERT (((_vector_spacing == 0x0) || (SIZEOF (.vector_27) <= (_vector_spacing << 0x5))), function at exception vector 27 too large)

.vector_28      0x9fc01580        0x8
 *(.vector_28)
 .vector_28     0x9fc01580        0x8 /Applications/microchip/xc32/v1.42/bin/bin/../../lib/gcc/pic32mx/4.8.3/../../../../pic32mx/lib/libpic32.a(vector28.o)
                0x9fc01580                __vector_dispatch_28
                0x00000001                ASSERT (((_vector_spacing == 0x0) || (SIZEOF (.vector_28) <= (_vector_spacing << 0x5))), function at exception vector 28 too large)

.vector_29      0x9fc015a0        0x8
 *(.vector_29)
 .vector_29     0x9fc015a0        0x8 /Applications/microchip/xc32/v1.42/bin/bin/../../lib/gcc/pic32mx/4.8.3/../../../../pic32mx/lib/libpic32.a(vector29.o)
                0x9fc015a0                __vector_dispatch_29
                0x00000001                ASSERT (((_vector_spacing == 0x0) || (SIZEOF (.vector_29) <= (_vector_spacing << 0x5))), function at exception vector 29 too large)

.vector_30      0x9fc015c0        0x8
 *(.vector_30)
 .vector_30     0x9fc015c0        0x8 /Applications/microchip/xc32/v1.42/bin/bin/../../lib/gcc/pic32mx/4.8.3/../../../../pic32mx/lib/libpic32.a(vector30.o)
                0x9fc015c0                __vector_dispatch_30
                0x00000001                ASSERT (((_vector_spacing == 0x0) || (SIZEOF (.vector_30) <= (_vector_spacing << 0x5))), function at exception vector 30 too large)

.vector_31      0x9fc015e0        0x8
 *(.vector_31)
 .vector_31     0x9fc015e0        0x8 /Applications/microchip/xc32/v1.42/bin/bin/../../lib/gcc/pic32mx/4.8.3/../../../../pic32mx/lib/libpic32.a(vector31.o)
                0x9fc015e0                __vector_dispatch_31
                0x00000001                ASSERT (((_vector_spacing == 0x0) || (SIZEOF (.vector_31) <= (_vector_spacing << 0x5))), function at exception vector 31 too large)

.vector_32      0x9fc01600        0x8
 *(.vector_32)
 .vector_32     0x9fc01600        0x8 /Applications/microchip/xc32/v1.42/bin/bin/../../lib/gcc/pic32mx/4.8.3/../../../../pic32mx/lib/libpic32.a(vector32.o)
                0x9fc01600                __vector_dispatch_32
                0x00000001                ASSERT (((_vector_spacing == 0x0) || (SIZEOF (.vector_32) <= (_vector_spacing << 0x5))), function at exception vector 32 too large)

.vector_33      0x9fc01620        0x8
 *(.vector_33)
 .vector_33     0x9fc01620        0x8 /Applications/microchip/xc32/v1.42/bin/bin/../../lib/gcc/pic32mx/4.8.3/../../../../pic32mx/lib/libpic32.a(vector33.o)
                0x9fc01620                __vector_dispatch_33
                0x00000001                ASSERT (((_vector_spacing == 0x0) || (SIZEOF (.vector_33) <= (_vector_spacing << 0x5))), function at exception vector 33 too large)

.vector_34      0x9fc01640        0x8
 *(.vector_34)
 .vector_34     0x9fc01640        0x8 /Applications/microchip/xc32/v1.42/bin/bin/../../lib/gcc/pic32mx/4.8.3/../../../../pic32mx/lib/libpic32.a(vector34.o)
                0x9fc01640                __vector_dispatch_34
                0x00000001                ASSERT (((_vector_spacing == 0x0) || (SIZEOF (.vector_34) <= (_vector_spacing << 0x5))), function at exception vector 34 too large)

.vector_35      0x9fc01660        0x8
 *(.vector_35)
 .vector_35     0x9fc01660        0x8 /Applications/microchip/xc32/v1.42/bin/bin/../../lib/gcc/pic32mx/4.8.3/../../../../pic32mx/lib/libpic32.a(vector35.o)
                0x9fc01660                __vector_dispatch_35
                0x00000001                ASSERT (((_vector_spacing == 0x0) || (SIZEOF (.vector_35) <= (_vector_spacing << 0x5))), function at exception vector 35 too large)

.vector_36      0x9fc01680        0x8
 *(.vector_36)
 .vector_36     0x9fc01680        0x8 /Applications/microchip/xc32/v1.42/bin/bin/../../lib/gcc/pic32mx/4.8.3/../../../../pic32mx/lib/libpic32.a(vector36.o)
                0x9fc01680                __vector_dispatch_36
                0x00000001                ASSERT (((_vector_spacing == 0x0) || (SIZEOF (.vector_36) <= (_vector_spacing << 0x5))), function at exception vector 36 too large)

.vector_37      0x9fc016a0        0x8
 *(.vector_37)
 .vector_37     0x9fc016a0        0x8 /Applications/microchip/xc32/v1.42/bin/bin/../../lib/gcc/pic32mx/4.8.3/../../../../pic32mx/lib/libpic32.a(vector37.o)
                0x9fc016a0                __vector_dispatch_37
                0x00000001                ASSERT (((_vector_spacing == 0x0) || (SIZEOF (.vector_37) <= (_vector_spacing << 0x5))), function at exception vector 37 too large)

.vector_38      0x9fc016c0        0x8
 *(.vector_38)
 .vector_38     0x9fc016c0        0x8 /Applications/microchip/xc32/v1.42/bin/bin/../../lib/gcc/pic32mx/4.8.3/../../../../pic32mx/lib/libpic32.a(vector38.o)
                0x9fc016c0                __vector_dispatch_38
                0x00000001                ASSERT (((_vector_spacing == 0x0) || (SIZEOF (.vector_38) <= (_vector_spacing << 0x5))), function at exception vector 38 too large)

.vector_39      0x9fc016e0        0x8
 *(.vector_39)
 .vector_39     0x9fc016e0        0x8 /Applications/microchip/xc32/v1.42/bin/bin/../../lib/gcc/pic32mx/4.8.3/../../../../pic32mx/lib/libpic32.a(vector39.o)
                0x9fc016e0                __vector_dispatch_39
                0x00000001                ASSERT (((_vector_spacing == 0x0) || (SIZEOF (.vector_39) <= (_vector_spacing << 0x5))), function at exception vector 39 too large)

.vector_40      0x9fc01700        0x8
 *(.vector_40)
 .vector_40     0x9fc01700        0x8 /Applications/microchip/xc32/v1.42/bin/bin/../../lib/gcc/pic32mx/4.8.3/../../../../pic32mx/lib/libpic32.a(vector40.o)
                0x9fc01700                __vector_dispatch_40
                0x00000001                ASSERT (((_vector_spacing == 0x0) || (SIZEOF (.vector_40) <= (_vector_spacing << 0x5))), function at exception vector 40 too large)

.vector_41      0x9fc01720        0x8
 *(.vector_41)
 .vector_41     0x9fc01720        0x8 /Applications/microchip/xc32/v1.42/bin/bin/../../lib/gcc/pic32mx/4.8.3/../../../../pic32mx/lib/libpic32.a(vector41.o)
                0x9fc01720                __vector_dispatch_41
                0x00000001                ASSERT (((_vector_spacing == 0x0) || (SIZEOF (.vector_41) <= (_vector_spacing << 0x5))), function at exception vector 41 too large)

.vector_42      0x9fc01740        0x8
 *(.vector_42)
 .vector_42     0x9fc01740        0x8 /Applications/microchip/xc32/v1.42/bin/bin/../../lib/gcc/pic32mx/4.8.3/../../../../pic32mx/lib/libpic32.a(vector42.o)
                0x9fc01740                __vector_dispatch_42
                0x00000001                ASSERT (((_vector_spacing == 0x0) || (SIZEOF (.vector_42) <= (_vector_spacing << 0x5))), function at exception vector 42 too large)

.vector_43      0x9fc01760        0x8
 *(.vector_43)
 .vector_43     0x9fc01760        0x8 /Applications/microchip/xc32/v1.42/bin/bin/../../lib/gcc/pic32mx/4.8.3/../../../../pic32mx/lib/libpic32.a(vector43.o)
                0x9fc01760                __vector_dispatch_43
                0x00000001                ASSERT (((_vector_spacing == 0x0) || (SIZEOF (.vector_43) <= (_vector_spacing << 0x5))), function at exception vector 43 too large)

.vector_44      0x9fc01780        0x8
 *(.vector_44)
 .vector_44     0x9fc01780        0x8 /Applications/microchip/xc32/v1.42/bin/bin/../../lib/gcc/pic32mx/4.8.3/../../../../pic32mx/lib/libpic32.a(vector44.o)
                0x9fc01780                __vector_dispatch_44
                0x00000001                ASSERT (((_vector_spacing == 0x0) || (SIZEOF (.vector_44) <= (_vector_spacing << 0x5))), function at exception vector 44 too large)

.vector_45      0x9fc017a0        0x8
 *(.vector_45)
 .vector_45     0x9fc017a0        0x8 /Applications/microchip/xc32/v1.42/bin/bin/../../lib/gcc/pic32mx/4.8.3/../../../../pic32mx/lib/libpic32.a(vector45.o)
                0x9fc017a0                __vector_dispatch_45
                0x00000001                ASSERT (((_vector_spacing == 0x0) || (SIZEOF (.vector_45) <= (_vector_spacing << 0x5))), function at exception vector 45 too large)

.vector_46      0x9fc017c0        0x8
 *(.vector_46)
 .vector_46     0x9fc017c0        0x8 /Applications/microchip/xc32/v1.42/bin/bin/../../lib/gcc/pic32mx/4.8.3/../../../../pic32mx/lib/libpic32.a(vector46.o)
                0x9fc017c0                __vector_dispatch_46
                0x00000001                ASSERT (((_vector_spacing == 0x0) || (SIZEOF (.vector_46) <= (_vector_spacing << 0x5))), function at exception vector 46 too large)

.vector_47      0x9fc017e0        0x8
 *(.vector_47)
 .vector_47     0x9fc017e0        0x8 /Applications/microchip/xc32/v1.42/bin/bin/../../lib/gcc/pic32mx/4.8.3/../../../../pic32mx/lib/libpic32.a(vector47.o)
                0x9fc017e0                __vector_dispatch_47
                0x00000001                ASSERT (((_vector_spacing == 0x0) || (SIZEOF (.vector_47) <= (_vector_spacing << 0x5))), function at exception vector 47 too large)

.vector_48      0x9fc01800        0x8
 *(.vector_48)
 .vector_48     0x9fc01800        0x8 /Applications/microchip/xc32/v1.42/bin/bin/../../lib/gcc/pic32mx/4.8.3/../../../../pic32mx/lib/libpic32.a(vector48.o)
                0x9fc01800                __vector_dispatch_48
                0x00000001                ASSERT (((_vector_spacing == 0x0) || (SIZEOF (.vector_48) <= (_vector_spacing << 0x5))), function at exception vector 48 too large)

.vector_49      0x9fc01820        0x8
 *(.vector_49)
 .vector_49     0x9fc01820        0x8 /Applications/microchip/xc32/v1.42/bin/bin/../../lib/gcc/pic32mx/4.8.3/../../../../pic32mx/lib/libpic32.a(vector49.o)
                0x9fc01820                __vector_dispatch_49
                0x00000001                ASSERT (((_vector_spacing == 0x0) || (SIZEOF (.vector_49) <= (_vector_spacing << 0x5))), function at exception vector 49 too large)

.vector_50      0x9fc01840        0x8
 *(.vector_50)
 .vector_50     0x9fc01840        0x8 /Applications/microchip/xc32/v1.42/bin/bin/../../lib/gcc/pic32mx/4.8.3/../../../../pic32mx/lib/libpic32.a(vector50.o)
                0x9fc01840                __vector_dispatch_50
                0x00000001                ASSERT (((_vector_spacing == 0x0) || (SIZEOF (.vector_50) <= (_vector_spacing << 0x5))), function at exception vector 50 too large)

.vector_51      0x9fc01860        0x8
 *(.vector_51)
 .vector_51     0x9fc01860        0x8 /Applications/microchip/xc32/v1.42/bin/bin/../../lib/gcc/pic32mx/4.8.3/../../../../pic32mx/lib/libpic32.a(vector51.o)
                0x9fc01860                __vector_dispatch_51
                0x00000001                ASSERT (((_vector_spacing == 0x0) || (SIZEOF (.vector_51) <= (_vector_spacing << 0x5))), function at exception vector 51 too large)

.vector_52      0x9fc01880        0x0
 *(.vector_52)
                0x00000001                ASSERT (((_vector_spacing == 0x0) || (SIZEOF (.vector_52) <= (_vector_spacing << 0x5))), function at exception vector 52 too large)

.vector_53      0x9fc018a0        0x0
 *(.vector_53)
                0x00000001                ASSERT (((_vector_spacing == 0x0) || (SIZEOF (.vector_53) <= (_vector_spacing << 0x5))), function at exception vector 53 too large)

.vector_54      0x9fc018c0        0x0
 *(.vector_54)
                0x00000001                ASSERT (((_vector_spacing == 0x0) || (SIZEOF (.vector_54) <= (_vector_spacing << 0x5))), function at exception vector 54 too large)

.vector_55      0x9fc018e0        0x0
 *(.vector_55)
                0x00000001                ASSERT (((_vector_spacing == 0x0) || (SIZEOF (.vector_55) <= (_vector_spacing << 0x5))), function at exception vector 55 too large)

.vector_56      0x9fc01900        0x0
 *(.vector_56)
                0x00000001                ASSERT (((_vector_spacing == 0x0) || (SIZEOF (.vector_56) <= (_vector_spacing << 0x5))), function at exception vector 56 too large)

.vector_57      0x9fc01920        0x0
 *(.vector_57)
                0x00000001                ASSERT (((_vector_spacing == 0x0) || (SIZEOF (.vector_57) <= (_vector_spacing << 0x5))), function at exception vector 57 too large)

.vector_58      0x9fc01940        0x0
 *(.vector_58)
                0x00000001                ASSERT (((_vector_spacing == 0x0) || (SIZEOF (.vector_58) <= (_vector_spacing << 0x5))), function at exception vector 58 too large)

.vector_59      0x9fc01960        0x0
 *(.vector_59)
                0x00000001                ASSERT (((_vector_spacing == 0x0) || (SIZEOF (.vector_59) <= (_vector_spacing << 0x5))), function at exception vector 59 too large)

.vector_60      0x9fc01980        0x0
 *(.vector_60)
                0x00000001                ASSERT (((_vector_spacing == 0x0) || (SIZEOF (.vector_60) <= (_vector_spacing << 0x5))), function at exception vector 60 too large)

.vector_61      0x9fc019a0        0x0
 *(.vector_61)
                0x00000001                ASSERT (((_vector_spacing == 0x0) || (SIZEOF (.vector_61) <= (_vector_spacing << 0x5))), function at exception vector 61 too large)

.vector_62      0x9fc019c0        0x0
 *(.vector_62)
                0x00000001                ASSERT (((_vector_spacing == 0x0) || (SIZEOF (.vector_62) <= (_vector_spacing << 0x5))), function at exception vector 62 too large)

.vector_63      0x9fc019e0        0x0
 *(.vector_63)
                0x00000001                ASSERT (((_vector_spacing == 0x0) || (SIZEOF (.vector_63) <= (_vector_spacing << 0x5))), function at exception vector 63 too large)

.startup
 *(.startup)

.text           0x9d000000        0x0
 *(.stub .gnu.linkonce.t.*)
 *(.text.*personality*)
 *(.mips16.fn.*)
 *(.mips16.call.*)
 *(.gnu.warning)
                0x9d000000                . = ALIGN (0x4)

.init           0x9d000000        0x0
 *crti.o(.init)
 *crtbegin.o(.init)
 *(EXCLUDE_FILE(*crtn.o *crtend?.o *crtend.o) .init)
 *crtend.o(.init)
 *crtn.o(.init)
                0x9d000000                . = ALIGN (0x4)

.fini           0x9d000000        0x0
 *(.fini)
                0x9d000000                . = ALIGN (0x4)

.preinit_array  0x9d000000        0x0
                0x9d000000                PROVIDE (__preinit_array_start, .)
 *(.preinit_array)
                0x9d000000                PROVIDE (__preinit_array_end, .)
                0x9d000000                . = ALIGN (0x4)

.init_array     0x9d000000        0x0
                0x9d000000                PROVIDE (__init_array_start, .)
 *(SORT(.init_array.*))
 *(.init_array)
                0x9d000000                PROVIDE (__init_array_end, .)
                0x9d000000                . = ALIGN (0x4)

.fini_array     0x9d000000        0x0
                0x9d000000                PROVIDE (__fini_array_start, .)
 *(SORT(.fini_array.*))
 *(.fini_array)
                0x9d000000                PROVIDE (__fini_array_end, .)
                0x9d000000                . = ALIGN (0x4)

.ctors          0x9d000000        0x0
 *crtbegin.o(.ctors)
 *crtbegin?.o(.ctors)
 *(EXCLUDE_FILE(*crtend?.o *crtend.o) .ctors)
 *(SORT(.ctors.*))
 *(.ctors)
                0x9d000000                . = ALIGN (0x4)

.dtors          0x9d000000        0x0
 *crtbegin.o(.dtors)
 *crtbegin?.o(.dtors)
 *(EXCLUDE_FILE(*crtend?.o *crtend.o) .dtors)
 *(SORT(.dtors.*))
 *(.dtors)
                0x9d000000                . = ALIGN (0x4)

.rodata         0x9d000000        0x0
 *(.gnu.linkonce.r.*)
 *(.rodata1)
                0x9d000000                . = ALIGN (0x4)

.sdata2         0x9fc00490        0x0
 *(.sdata2 .sdata2.* .gnu.linkonce.s2.*)
                0x9fc00490                . = ALIGN (0x4)

.sbss2          0x9fc00490        0x0
 *(.sbss2 .sbss2.* .gnu.linkonce.sb2.*)
                0x9fc00490                . = ALIGN (0x4)

.eh_frame_hdr
 *(.eh_frame_hdr)
                0x9fc00490                . = ALIGN (0x4)

.eh_frame
 *(.eh_frame)
                0x9fc00490                . = ALIGN (0x4)

.gcc_except_table
 *(.gcc_except_table .gcc_except_table.*)
                0x9fc00490                . = ALIGN (0x4)

.dbg_data       0xa0000000        0x0
                0xa0000000                . = (. + DEFINED (_DEBUGGER)?0x200:0x0)

.jcr            0xa0000000        0x0
 *(.jcr)
                0xa0000000                . = ALIGN (0x4)

.eh_frame
 *(.eh_frame)
                0xa0000000                . = ALIGN (0x4)

.gcc_except_table
 *(.gcc_except_table .gcc_except_table.*)
                0xa0000000                . = ALIGN (0x4)

.persist        0xa0000000        0x0
                0xa0000000                _persist_begin = .
 *(.persist .persist.*)
 *(.pbss .pbss.*)
                0xa0000000                . = ALIGN (0x4)
                0xa0000000                _persist_end = .

.data           0xa0000000        0x0
 *(.gnu.linkonce.d.*)
 *(.data1)
                0xa0000000                . = ALIGN (0x4)
                0xa0000000                . = .
                0xa0007ff0                _gp = (ALIGN (0x10) + 0x7ff0)

.got            0xa0000000        0x0
 *(.got.plt)
 *(.got)
                0xa0000000                . = ALIGN (0x4)

.sdata          0xa0000000        0x4
                0xa0000000                _sdata_begin = .
 *(.sdata .sdata.* .gnu.linkonce.s.*)
 .sdata         0xa0000000        0x4 build/default/production/_ext/201381206/port.o
                0xa0000000                uxInterruptNesting
                0xa0000004                . = ALIGN (0x4)
                0xa0000004                _sdata_end = .

.lit8
 *(.lit8)

.lit4
 *(.lit4)
                0xa0000004                . = ALIGN (0x4)
                0xa0000004                _data_end = .
                0xa0000004                _bss_begin = .

.sbss           0xa0000004       0x80
                0xa0000004                _sbss_begin = .
 *(.dynsbss)
 *(.sbss .sbss.* .gnu.linkonce.sb.*)
 .sbss          0xa0000004        0xc build/default/production/_ext/1688732426/system_exceptions.o
 .sbss          0xa0000010        0x8 build/default/production/_ext/1663225769/heap_1.o
 .sbss          0xa0000018        0x4 build/default/production/_ext/201381206/port.o
                0xa0000018                uxSavedTaskStackPointer
 .sbss          0xa000001c       0x38 build/default/production/_ext/357001740/tasks.o
                0xa0000050                pxCurrentTCB
 *(.scommon)
 .scommon       0xa0000054        0x4 build/default/production/_ext/327000265/drv_usart_static.o
                0xa0000054                gDrvUSART0Obj
 .scommon       0xa0000058        0x8 build/default/production/_ext/1688732426/system_init.o
                0xa0000058                sysObj
 .scommon       0xa0000060        0x4 build/default/production/_ext/1688732426/system_interrupt.o
                0xa0000060                bufferQueue
 .scommon       0xa0000064        0x8 build/default/production/_ext/1360937237/mainapp.o
                0xa0000064                mainappData
 .scommon       0xa000006c        0x8 build/default/production/_ext/1360937237/uart_tx.o
                0xa000006c                uart_txData
 .scommon       0xa0000074        0x8 build/default/production/_ext/1360937237/uart_rx.o
                0xa0000074                uart_rxData
 .scommon       0xa000007c        0x8 build/default/production/_ext/23466643/sys_devcon.o
                0xa000007c                sysDevconObj
                0xa0000084                _sbss_end = .
                0xa0000084                . = ALIGN (0x4)

.bss            0xa0000084        0x0
 *(.dynbss)
 *(COMMON)
                0xa0000084                . = ALIGN ((. != 0x0)?0x4:0x1)
                0xa0000084                . = ALIGN (0x4)
                0xa0000084                _end = .
                0xa0000084                _bss_end = .
                0x00020000                _bmxdudba_address = 0x20000
                0x00020000                _bmxdupba_address = 0x20000

/DISCARD/
 *(.pdr)
 *(.rel.dyn)
 *(.note.GNU-stack)
 *(.note.GNU-stack)
 *(.gnu_debuglink)
 *(.gnu.lto_*)
 *(.discard)

.gptab.sdata
 *(.gptab.data)
 *(.gptab.sdata)

.gptab.sbss
 *(.gptab.bss)
 *(.gptab.sbss)

.mdebug.abi32   0xa0000084        0x0
 *(.mdebug.abi32)
 .mdebug.abi32  0xa0000084        0x0 build/default/production/_ext/327000265/drv_usart_mapping.o
 .mdebug.abi32  0xa0000084        0x0 build/default/production/_ext/327000265/drv_usart_static.o
 .mdebug.abi32  0xa0000084        0x0 build/default/production/_ext/327000265/drv_usart_static_byte_model.o
 .mdebug.abi32  0xa0000084        0x0 build/default/production/_ext/639803181/sys_clk_static.o
 .mdebug.abi32  0xa0000084        0x0 build/default/production/_ext/822048611/sys_ports_static.o
 .mdebug.abi32  0xa0000084        0x0 build/default/production/_ext/1688732426/system_init.o
 .mdebug.abi32  0xa0000084        0x0 build/default/production/_ext/1688732426/system_interrupt.o
 .mdebug.abi32  0xa0000084        0x0 build/default/production/_ext/1688732426/system_exceptions.o
 .mdebug.abi32  0xa0000084        0x0 build/default/production/_ext/1688732426/system_tasks.o
 .mdebug.abi32  0xa0000084        0x0 build/default/production/_ext/1688732426/rtos_hooks.o
 .mdebug.abi32  0xa0000084        0x0 build/default/production/_ext/1360937237/mainapp.o
 .mdebug.abi32  0xa0000084        0x0 build/default/production/_ext/1360937237/uart_tx.o
 .mdebug.abi32  0xa0000084        0x0 build/default/production/_ext/1360937237/uart_rx.o
 .mdebug.abi32  0xa0000084        0x0 build/default/production/_ext/1360937237/main.o
 .mdebug.abi32  0xa0000084        0x0 build/default/production/_ext/341040409/osal_freertos.o
 .mdebug.abi32  0xa0000084        0x0 build/default/production/_ext/23466643/sys_devcon.o
 .mdebug.abi32  0xa0000084        0x0 build/default/production/_ext/23466643/sys_devcon_pic32mx.o
 .mdebug.abi32  0xa0000084        0x0 build/default/production/_ext/1667967065/sys_int_pic32.o
 .mdebug.abi32  0xa0000084        0x0 build/default/production/_ext/1663225769/heap_1.o
 .mdebug.abi32  0xa0000084        0x0 build/default/production/_ext/201381206/port.o
 .mdebug.abi32  0xa0000084        0x0 build/default/production/_ext/357001740/croutine.o
 .mdebug.abi32  0xa0000084        0x0 build/default/production/_ext/357001740/list.o
 .mdebug.abi32  0xa0000084        0x0 build/default/production/_ext/357001740/queue.o
 .mdebug.abi32  0xa0000084        0x0 build/default/production/_ext/357001740/tasks.o
 .mdebug.abi32  0xa0000084        0x0 build/default/production/_ext/357001740/timers.o
 .mdebug.abi32  0xa0000084        0x0 build/default/production/_ext/357001740/event_groups.o
 .mdebug.abi32  0xa0000084        0x0 /Applications/microchip/xc32/v1.42/bin/bin/../../lib/gcc/pic32mx/4.8.3/../../../../pic32mx/lib/libpic32.a(default-bootstrap-exception-handler.o)
 .mdebug.abi32  0xa0000084        0x0 /Applications/microchip/xc32/v1.42/bin/bin/../../lib/gcc/pic32mx/4.8.3/../../../../pic32mx/lib/libpic32.a(default-on-reset.o)
 .mdebug.abi32  0xa0000084        0x0 /Applications/microchip/xc32/v1.42/bin/bin/../../lib/gcc/pic32mx/4.8.3/../../../../pic32mx/lib/libpic32.a(default-on-bootstrap.o)
 .mdebug.abi32  0xa0000084        0x0 /Applications/microchip/xc32/v1.42/bin/bin/../../lib/gcc/pic32mx/4.8.3/../../../../pic32mx/lib/libpic32.a(defaultinterrupt.o)
 .mdebug.abi32  0xa0000084        0x0 /Applications/microchip/xc32/v1.42/bin/bin/../../lib/gcc/pic32mx/4.8.3/../../../../pic32mx/lib/libc.a(rand.o)

.mdebug.abiN32
 *(.mdebug.abiN32)

.mdebug.abi64
 *(.mdebug.abi64)

.mdebug.abiO64
 *(.mdebug.abiO64)

.mdebug.eabi32
 *(.mdebug.eabi32)

.mdebug.eabi64
 *(.mdebug.eabi64)

.gcc_compiled_long32
 *(.gcc_compiled_long32)

.gcc_compiled_long64
 *(.gcc_compiled_long64)

.stab
 *(.stab)

.stabstr
 *(.stabstr)

.stab.excl
 *(.stab.excl)

.stab.exclstr
 *(.stab.exclstr)

.stab.index
 *(.stab.index)

.stab.indexstr
 *(.stab.indexstr)

.comment        0x00000000       0x54
 *(.comment)
 .comment       0x00000000       0x3c build/default/production/_ext/327000265/drv_usart_mapping.o
                                 0x3d (size before relaxing)
 .comment       0x00000000       0x3d build/default/production/_ext/327000265/drv_usart_static.o
 .comment       0x00000000       0x3d build/default/production/_ext/327000265/drv_usart_static_byte_model.o
 .comment       0x00000000       0x3d build/default/production/_ext/639803181/sys_clk_static.o
 .comment       0x00000000       0x3d build/default/production/_ext/822048611/sys_ports_static.o
 .comment       0x00000000       0x3d build/default/production/_ext/1688732426/system_init.o
 .comment       0x00000000       0x3d build/default/production/_ext/1688732426/system_interrupt.o
 .comment       0x00000000       0x3d build/default/production/_ext/1688732426/system_exceptions.o
 .comment       0x00000000       0x3d build/default/production/_ext/1688732426/system_tasks.o
 .comment       0x00000000       0x3d build/default/production/_ext/1688732426/rtos_hooks.o
 .comment       0x00000000       0x3d build/default/production/_ext/1360937237/mainapp.o
 .comment       0x00000000       0x3d build/default/production/_ext/1360937237/uart_tx.o
 .comment       0x00000000       0x3d build/default/production/_ext/1360937237/uart_rx.o
 .comment       0x00000000       0x3d build/default/production/_ext/1360937237/main.o
 .comment       0x00000000       0x3d build/default/production/_ext/341040409/osal_freertos.o
 .comment       0x00000000       0x3d build/default/production/_ext/23466643/sys_devcon.o
 .comment       0x00000000       0x3d build/default/production/_ext/23466643/sys_devcon_pic32mx.o
 .comment       0x00000000       0x3d build/default/production/_ext/1667967065/sys_int_pic32.o
 .comment       0x00000000       0x3d build/default/production/_ext/1663225769/heap_1.o
 .comment       0x00000000       0x3d build/default/production/_ext/201381206/port.o
 .comment       0x00000000       0x3d build/default/production/_ext/357001740/croutine.o
 .comment       0x00000000       0x3d build/default/production/_ext/357001740/list.o
 .comment       0x00000000       0x3d build/default/production/_ext/357001740/queue.o
 .comment       0x00000000       0x3d build/default/production/_ext/357001740/tasks.o
 .comment       0x00000000       0x3d build/default/production/_ext/357001740/timers.o
 .comment       0x00000000       0x3d build/default/production/_ext/357001740/event_groups.o
 .comment       0x0000003c       0x18 /Applications/microchip/xc32/v1.42/bin/bin/../../lib/gcc/pic32mx/4.8.3/../../../../pic32mx/lib/libpic32.a(memset.o)
                                 0x19 (size before relaxing)
 .comment       0x00000000       0x3d /Applications/microchip/xc32/v1.42/bin/bin/../../lib/gcc/pic32mx/4.8.3/../../../../pic32mx/lib/libpic32.a(default-bootstrap-exception-handler.o)
 .comment       0x00000000       0x3d /Applications/microchip/xc32/v1.42/bin/bin/../../lib/gcc/pic32mx/4.8.3/../../../../pic32mx/lib/libpic32.a(default-on-reset.o)
 .comment       0x00000000       0x3d /Applications/microchip/xc32/v1.42/bin/bin/../../lib/gcc/pic32mx/4.8.3/../../../../pic32mx/lib/libpic32.a(default-on-bootstrap.o)
 .comment       0x00000000       0x3d /Applications/microchip/xc32/v1.42/bin/bin/../../lib/gcc/pic32mx/4.8.3/../../../../pic32mx/lib/libpic32.a(defaultinterrupt.o)
 .comment       0x00000000       0x3d /Applications/microchip/xc32/v1.42/bin/bin/../../lib/gcc/pic32mx/4.8.3/../../../../pic32mx/lib/libc.a(rand.o)

.debug
 *(.debug)

.line
 *(.line)

.debug_srcinfo
 *(.debug_srcinfo)

.debug_sfnames
 *(.debug_sfnames)

.debug_aranges  0x00000000      0xa98
 *(.debug_aranges)
 .debug_aranges
                0x00000000       0xa8 build/default/production/_ext/327000265/drv_usart_mapping.o
 .debug_aranges
                0x000000a8       0x78 build/default/production/_ext/327000265/drv_usart_static.o
 .debug_aranges
                0x00000120       0x48 build/default/production/_ext/327000265/drv_usart_static_byte_model.o
 .debug_aranges
                0x00000168       0x50 build/default/production/_ext/639803181/sys_clk_static.o
 .debug_aranges
                0x000001b8      0x108 build/default/production/_ext/822048611/sys_ports_static.o
 .debug_aranges
                0x000002c0       0x20 build/default/production/_ext/1688732426/system_init.o
 .debug_aranges
                0x000002e0       0x38 build/default/production/_ext/1688732426/system_interrupt.o
 .debug_aranges
                0x00000318       0x20 build/default/production/_ext/1688732426/system_exceptions.o
 .debug_aranges
                0x00000338       0x40 build/default/production/_ext/1688732426/system_tasks.o
 .debug_aranges
                0x00000378       0x28 build/default/production/_ext/1688732426/system_interrupt_a.o
 .debug_aranges
                0x000003a0       0x28 build/default/production/_ext/1688732426/rtos_hooks.o
 .debug_aranges
                0x000003c8       0x78 build/default/production/_ext/1360937237/mainapp.o
 .debug_aranges
                0x00000440       0x40 build/default/production/_ext/1360937237/uart_tx.o
 .debug_aranges
                0x00000480       0x48 build/default/production/_ext/1360937237/uart_rx.o
 .debug_aranges
                0x000004c8       0x20 build/default/production/_ext/1360937237/main.o
 .debug_aranges
                0x000004e8       0x88 build/default/production/_ext/341040409/osal_freertos.o
 .debug_aranges
                0x00000570       0x78 build/default/production/_ext/23466643/sys_devcon.o
 .debug_aranges
                0x000005e8       0x20 build/default/production/_ext/23466643/sys_devcon_pic32mx.o
 .debug_aranges
                0x00000608       0x48 build/default/production/_ext/1667967065/sys_int_pic32.o
 .debug_aranges
                0x00000650       0x38 build/default/production/_ext/1663225769/heap_1.o
 .debug_aranges
                0x00000688       0x58 build/default/production/_ext/201381206/port.o
 .debug_aranges
                0x000006e0       0x20 build/default/production/_ext/201381206/port_asm.o
 .debug_aranges
                0x00000700       0x18 build/default/production/_ext/357001740/croutine.o
 .debug_aranges
                0x00000718       0x40 build/default/production/_ext/357001740/list.o
 .debug_aranges
                0x00000758       0xb0 build/default/production/_ext/357001740/queue.o
 .debug_aranges
                0x00000808      0x170 build/default/production/_ext/357001740/tasks.o
 .debug_aranges
                0x00000978       0x18 build/default/production/_ext/357001740/timers.o
 .debug_aranges
                0x00000990       0x60 build/default/production/_ext/357001740/event_groups.o
 .debug_aranges
                0x000009f0       0x20 /Applications/microchip/xc32/v1.42/bin/bin/../../lib/gcc/pic32mx/4.8.3/../../../../pic32mx/lib/libpic32.a(default-bootstrap-exception-handler.o)
 .debug_aranges
                0x00000a10       0x20 /Applications/microchip/xc32/v1.42/bin/bin/../../lib/gcc/pic32mx/4.8.3/../../../../pic32mx/lib/libpic32.a(default-on-reset.o)
 .debug_aranges
                0x00000a30       0x20 /Applications/microchip/xc32/v1.42/bin/bin/../../lib/gcc/pic32mx/4.8.3/../../../../pic32mx/lib/libpic32.a(default-on-bootstrap.o)
 .debug_aranges
                0x00000a50       0x20 /Applications/microchip/xc32/v1.42/bin/bin/../../lib/gcc/pic32mx/4.8.3/../../../../pic32mx/lib/libpic32.a(defaultinterrupt.o)
 .debug_aranges
                0x00000a70       0x28 /Applications/microchip/xc32/v1.42/bin/bin/../../lib/gcc/pic32mx/4.8.3/../../../../pic32mx/lib/libc.a(rand.o)

.debug_pubnames
 *(.debug_pubnames)

.debug_info     0x00000000    0x1f2cb
 *(.debug_info .gnu.linkonce.wi.*)
 .debug_info    0x00000000     0x1806 build/default/production/_ext/327000265/drv_usart_mapping.o
 .debug_info    0x00001806     0x3a1c build/default/production/_ext/327000265/drv_usart_static.o
 .debug_info    0x00005222     0x1bd8 build/default/production/_ext/327000265/drv_usart_static_byte_model.o
 .debug_info    0x00006dfa     0x14e0 build/default/production/_ext/639803181/sys_clk_static.o
 .debug_info    0x000082da     0x3af0 build/default/production/_ext/822048611/sys_ports_static.o
 .debug_info    0x0000bdca     0x17e7 build/default/production/_ext/1688732426/system_init.o
 .debug_info    0x0000d5b1     0x20bc build/default/production/_ext/1688732426/system_interrupt.o
 .debug_info    0x0000f66d      0xa1d build/default/production/_ext/1688732426/system_exceptions.o
 .debug_info    0x0001008a      0xc1f build/default/production/_ext/1688732426/system_tasks.o
 .debug_info    0x00010ca9       0xb7 build/default/production/_ext/1688732426/system_interrupt_a.o
 .debug_info    0x00010d60      0x26d build/default/production/_ext/1688732426/rtos_hooks.o
 .debug_info    0x00010fcd     0x14bc build/default/production/_ext/1360937237/mainapp.o
 .debug_info    0x00012489      0xdf8 build/default/production/_ext/1360937237/uart_tx.o
 .debug_info    0x00013281      0xe39 build/default/production/_ext/1360937237/uart_rx.o
 .debug_info    0x000140ba      0x1c5 build/default/production/_ext/1360937237/main.o
 .debug_info    0x0001427f      0xac7 build/default/production/_ext/341040409/osal_freertos.o
 .debug_info    0x00014d46     0x1187 build/default/production/_ext/23466643/sys_devcon.o
 .debug_info    0x00015ecd      0xd78 build/default/production/_ext/23466643/sys_devcon_pic32mx.o
 .debug_info    0x00016c45     0x15df build/default/production/_ext/1667967065/sys_int_pic32.o
 .debug_info    0x00018224      0x3ac build/default/production/_ext/1663225769/heap_1.o
 .debug_info    0x000185d0     0x11d7 build/default/production/_ext/201381206/port.o
 .debug_info    0x000197a7       0xf6 build/default/production/_ext/201381206/port_asm.o
 .debug_info    0x0001989d      0x1a8 build/default/production/_ext/357001740/croutine.o
 .debug_info    0x00019a45      0x498 build/default/production/_ext/357001740/list.o
 .debug_info    0x00019edd     0x1768 build/default/production/_ext/357001740/queue.o
 .debug_info    0x0001b645     0x2903 build/default/production/_ext/357001740/tasks.o
 .debug_info    0x0001df48      0x1a6 build/default/production/_ext/357001740/timers.o
 .debug_info    0x0001e0ee      0xd7a build/default/production/_ext/357001740/event_groups.o
 .debug_info    0x0001ee68       0xf5 /Applications/microchip/xc32/v1.42/bin/bin/../../lib/gcc/pic32mx/4.8.3/../../../../pic32mx/lib/libpic32.a(default-bootstrap-exception-handler.o)
 .debug_info    0x0001ef5d       0xcf /Applications/microchip/xc32/v1.42/bin/bin/../../lib/gcc/pic32mx/4.8.3/../../../../pic32mx/lib/libpic32.a(default-on-reset.o)
 .debug_info    0x0001f02c       0xd7 /Applications/microchip/xc32/v1.42/bin/bin/../../lib/gcc/pic32mx/4.8.3/../../../../pic32mx/lib/libpic32.a(default-on-bootstrap.o)
 .debug_info    0x0001f103       0xe9 /Applications/microchip/xc32/v1.42/bin/bin/../../lib/gcc/pic32mx/4.8.3/../../../../pic32mx/lib/libpic32.a(defaultinterrupt.o)
 .debug_info    0x0001f1ec       0xdf /Applications/microchip/xc32/v1.42/bin/bin/../../lib/gcc/pic32mx/4.8.3/../../../../pic32mx/lib/libc.a(rand.o)

.debug_abbrev   0x00000000     0x3113
 *(.debug_abbrev)
 .debug_abbrev  0x00000000      0x210 build/default/production/_ext/327000265/drv_usart_mapping.o
 .debug_abbrev  0x00000210      0x382 build/default/production/_ext/327000265/drv_usart_static.o
 .debug_abbrev  0x00000592      0x24f build/default/production/_ext/327000265/drv_usart_static_byte_model.o
 .debug_abbrev  0x000007e1      0x26a build/default/production/_ext/639803181/sys_clk_static.o
 .debug_abbrev  0x00000a4b      0x222 build/default/production/_ext/822048611/sys_ports_static.o
 .debug_abbrev  0x00000c6d      0x2b0 build/default/production/_ext/1688732426/system_init.o
 .debug_abbrev  0x00000f1d      0x237 build/default/production/_ext/1688732426/system_interrupt.o
 .debug_abbrev  0x00001154       0x98 build/default/production/_ext/1688732426/system_exceptions.o
 .debug_abbrev  0x000011ec      0x149 build/default/production/_ext/1688732426/system_tasks.o
 .debug_abbrev  0x00001335       0x12 build/default/production/_ext/1688732426/system_interrupt_a.o
 .debug_abbrev  0x00001347       0x97 build/default/production/_ext/1688732426/rtos_hooks.o
 .debug_abbrev  0x000013de      0x300 build/default/production/_ext/1360937237/mainapp.o
 .debug_abbrev  0x000016de      0x189 build/default/production/_ext/1360937237/uart_tx.o
 .debug_abbrev  0x00001867      0x189 build/default/production/_ext/1360937237/uart_rx.o
 .debug_abbrev  0x000019f0       0x93 build/default/production/_ext/1360937237/main.o
 .debug_abbrev  0x00001a83      0x1fe build/default/production/_ext/341040409/osal_freertos.o
 .debug_abbrev  0x00001c81      0x26d build/default/production/_ext/23466643/sys_devcon.o
 .debug_abbrev  0x00001eee      0x16d build/default/production/_ext/23466643/sys_devcon_pic32mx.o
 .debug_abbrev  0x0000205b      0x1d0 build/default/production/_ext/1667967065/sys_int_pic32.o
 .debug_abbrev  0x0000222b      0x13f build/default/production/_ext/1663225769/heap_1.o
 .debug_abbrev  0x0000236a      0x2cf build/default/production/_ext/201381206/port.o
 .debug_abbrev  0x00002639       0x14 build/default/production/_ext/201381206/port_asm.o
 .debug_abbrev  0x0000264d       0x1b build/default/production/_ext/357001740/croutine.o
 .debug_abbrev  0x00002668       0xf1 build/default/production/_ext/357001740/list.o
 .debug_abbrev  0x00002759      0x2c4 build/default/production/_ext/357001740/queue.o
 .debug_abbrev  0x00002a1d      0x35a build/default/production/_ext/357001740/tasks.o
 .debug_abbrev  0x00002d77       0x1b build/default/production/_ext/357001740/timers.o
 .debug_abbrev  0x00002d92      0x29a build/default/production/_ext/357001740/event_groups.o
 .debug_abbrev  0x0000302c       0x28 /Applications/microchip/xc32/v1.42/bin/bin/../../lib/gcc/pic32mx/4.8.3/../../../../pic32mx/lib/libpic32.a(default-bootstrap-exception-handler.o)
 .debug_abbrev  0x00003054       0x28 /Applications/microchip/xc32/v1.42/bin/bin/../../lib/gcc/pic32mx/4.8.3/../../../../pic32mx/lib/libpic32.a(default-on-reset.o)
 .debug_abbrev  0x0000307c       0x28 /Applications/microchip/xc32/v1.42/bin/bin/../../lib/gcc/pic32mx/4.8.3/../../../../pic32mx/lib/libpic32.a(default-on-bootstrap.o)
 .debug_abbrev  0x000030a4       0x28 /Applications/microchip/xc32/v1.42/bin/bin/../../lib/gcc/pic32mx/4.8.3/../../../../pic32mx/lib/libpic32.a(defaultinterrupt.o)
 .debug_abbrev  0x000030cc       0x47 /Applications/microchip/xc32/v1.42/bin/bin/../../lib/gcc/pic32mx/4.8.3/../../../../pic32mx/lib/libc.a(rand.o)

.debug_line     0x00000000     0x6d6a
 *(.debug_line)
 .debug_line    0x00000000      0x495 build/default/production/_ext/327000265/drv_usart_mapping.o
 .debug_line    0x00000495      0x93f build/default/production/_ext/327000265/drv_usart_static.o
 .debug_line    0x00000dd4      0x558 build/default/production/_ext/327000265/drv_usart_static_byte_model.o
 .debug_line    0x0000132c      0x484 build/default/production/_ext/639803181/sys_clk_static.o
 .debug_line    0x000017b0      0x7ea build/default/production/_ext/822048611/sys_ports_static.o
 .debug_line    0x00001f9a      0x654 build/default/production/_ext/1688732426/system_init.o
 .debug_line    0x000025ee      0x5b9 build/default/production/_ext/1688732426/system_interrupt.o
 .debug_line    0x00002ba7      0x1bb build/default/production/_ext/1688732426/system_exceptions.o
 .debug_line    0x00002d62      0x3b5 build/default/production/_ext/1688732426/system_tasks.o
 .debug_line    0x00003117       0x7c build/default/production/_ext/1688732426/system_interrupt_a.o
 .debug_line    0x00003193      0x166 build/default/production/_ext/1688732426/rtos_hooks.o
 .debug_line    0x000032f9      0x587 build/default/production/_ext/1360937237/mainapp.o
 .debug_line    0x00003880      0x347 build/default/production/_ext/1360937237/uart_tx.o
 .debug_line    0x00003bc7      0x369 build/default/production/_ext/1360937237/uart_rx.o
 .debug_line    0x00003f30       0xe4 build/default/production/_ext/1360937237/main.o
 .debug_line    0x00004014      0x2eb build/default/production/_ext/341040409/osal_freertos.o
 .debug_line    0x000042ff      0x685 build/default/production/_ext/23466643/sys_devcon.o
 .debug_line    0x00004984      0x51d build/default/production/_ext/23466643/sys_devcon_pic32mx.o
 .debug_line    0x00004ea1      0x3ec build/default/production/_ext/1667967065/sys_int_pic32.o
 .debug_line    0x0000528d      0x23d build/default/production/_ext/1663225769/heap_1.o
 .debug_line    0x000054ca      0x24e build/default/production/_ext/201381206/port.o
 .debug_line    0x00005718      0x120 build/default/production/_ext/201381206/port_asm.o
 .debug_line    0x00005838       0x1d build/default/production/_ext/357001740/croutine.o
 .debug_line    0x00005855      0x20c build/default/production/_ext/357001740/list.o
 .debug_line    0x00005a61      0x4ad build/default/production/_ext/357001740/queue.o
 .debug_line    0x00005f0e      0x7f6 build/default/production/_ext/357001740/tasks.o
 .debug_line    0x00006704       0x1d build/default/production/_ext/357001740/timers.o
 .debug_line    0x00006721      0x348 build/default/production/_ext/357001740/event_groups.o
 .debug_line    0x00006a69       0xa9 /Applications/microchip/xc32/v1.42/bin/bin/../../lib/gcc/pic32mx/4.8.3/../../../../pic32mx/lib/libpic32.a(default-bootstrap-exception-handler.o)
 .debug_line    0x00006b12       0x96 /Applications/microchip/xc32/v1.42/bin/bin/../../lib/gcc/pic32mx/4.8.3/../../../../pic32mx/lib/libpic32.a(default-on-reset.o)
 .debug_line    0x00006ba8       0x9a /Applications/microchip/xc32/v1.42/bin/bin/../../lib/gcc/pic32mx/4.8.3/../../../../pic32mx/lib/libpic32.a(default-on-bootstrap.o)
 .debug_line    0x00006c42       0xa8 /Applications/microchip/xc32/v1.42/bin/bin/../../lib/gcc/pic32mx/4.8.3/../../../../pic32mx/lib/libpic32.a(defaultinterrupt.o)
 .debug_line    0x00006cea       0x80 /Applications/microchip/xc32/v1.42/bin/bin/../../lib/gcc/pic32mx/4.8.3/../../../../pic32mx/lib/libc.a(rand.o)

.debug_frame    0x00000000     0x16e0
 *(.debug_frame)
 .debug_frame   0x00000000      0x238 build/default/production/_ext/327000265/drv_usart_mapping.o
 .debug_frame   0x00000238       0xfc build/default/production/_ext/327000265/drv_usart_static.o
 .debug_frame   0x00000334       0x80 build/default/production/_ext/327000265/drv_usart_static_byte_model.o
 .debug_frame   0x000003b4       0xa0 build/default/production/_ext/639803181/sys_clk_static.o
 .debug_frame   0x00000454      0x1f0 build/default/production/_ext/822048611/sys_ports_static.o
 .debug_frame   0x00000644       0x28 build/default/production/_ext/1688732426/system_init.o
 .debug_frame   0x0000066c       0x74 build/default/production/_ext/1688732426/system_interrupt.o
 .debug_frame   0x000006e0       0x28 build/default/production/_ext/1688732426/system_exceptions.o
 .debug_frame   0x00000708       0x88 build/default/production/_ext/1688732426/system_tasks.o
 .debug_frame   0x00000790       0x40 build/default/production/_ext/1688732426/rtos_hooks.o
 .debug_frame   0x000007d0      0x130 build/default/production/_ext/1360937237/mainapp.o
 .debug_frame   0x00000900       0x8c build/default/production/_ext/1360937237/uart_tx.o
 .debug_frame   0x0000098c       0xa4 build/default/production/_ext/1360937237/uart_rx.o
 .debug_frame   0x00000a30       0x28 build/default/production/_ext/1360937237/main.o
 .debug_frame   0x00000a58      0x150 build/default/production/_ext/341040409/osal_freertos.o
 .debug_frame   0x00000ba8       0xe8 build/default/production/_ext/23466643/sys_devcon.o
 .debug_frame   0x00000c90       0x28 build/default/production/_ext/23466643/sys_devcon_pic32mx.o
 .debug_frame   0x00000cb8       0x90 build/default/production/_ext/1667967065/sys_int_pic32.o
 .debug_frame   0x00000d48       0x5c build/default/production/_ext/1663225769/heap_1.o
 .debug_frame   0x00000da4       0xc0 build/default/production/_ext/201381206/port.o
 .debug_frame   0x00000e64       0x60 build/default/production/_ext/357001740/list.o
 .debug_frame   0x00000ec4      0x214 build/default/production/_ext/357001740/queue.o
 .debug_frame   0x000010d8      0x444 build/default/production/_ext/357001740/tasks.o
 .debug_frame   0x0000151c      0x108 build/default/production/_ext/357001740/event_groups.o
 .debug_frame   0x00001624       0x2c /Applications/microchip/xc32/v1.42/bin/bin/../../lib/gcc/pic32mx/4.8.3/../../../../pic32mx/lib/libpic32.a(default-bootstrap-exception-handler.o)
 .debug_frame   0x00001650       0x20 /Applications/microchip/xc32/v1.42/bin/bin/../../lib/gcc/pic32mx/4.8.3/../../../../pic32mx/lib/libpic32.a(default-on-reset.o)
 .debug_frame   0x00001670       0x20 /Applications/microchip/xc32/v1.42/bin/bin/../../lib/gcc/pic32mx/4.8.3/../../../../pic32mx/lib/libpic32.a(default-on-bootstrap.o)
 .debug_frame   0x00001690       0x20 /Applications/microchip/xc32/v1.42/bin/bin/../../lib/gcc/pic32mx/4.8.3/../../../../pic32mx/lib/libpic32.a(defaultinterrupt.o)
 .debug_frame   0x000016b0       0x30 /Applications/microchip/xc32/v1.42/bin/bin/../../lib/gcc/pic32mx/4.8.3/../../../../pic32mx/lib/libc.a(rand.o)

.debug_str      0x00000000      0x6a5
 *(.debug_str)
 .debug_str     0x00000000       0x23 build/default/production/_ext/327000265/drv_usart_mapping.o
 .debug_str     0x00000023       0xe2 build/default/production/_ext/327000265/drv_usart_static.o
 .debug_str     0x00000105       0x12 build/default/production/_ext/327000265/drv_usart_static_byte_model.o
 .debug_str     0x00000117       0x39 build/default/production/_ext/639803181/sys_clk_static.o
 .debug_str     0x00000150       0x55 build/default/production/_ext/822048611/sys_ports_static.o
 .debug_str     0x000001a5       0x36 build/default/production/_ext/1688732426/system_init.o
 .debug_str     0x000001db       0x22 build/default/production/_ext/1688732426/system_interrupt.o
 .debug_str     0x000001fd        0x0 build/default/production/_ext/1688732426/system_exceptions.o
 .debug_str     0x000001fd        0x0 build/default/production/_ext/1688732426/system_tasks.o
 .debug_str     0x000001fd        0x9 build/default/production/_ext/1688732426/rtos_hooks.o
 .debug_str     0x00000206       0x2f build/default/production/_ext/1360937237/mainapp.o
 .debug_str     0x00000235        0x0 build/default/production/_ext/1360937237/uart_tx.o
 .debug_str     0x00000235        0x0 build/default/production/_ext/1360937237/uart_rx.o
 .debug_str     0x00000235        0x0 build/default/production/_ext/1360937237/main.o
 .debug_str     0x00000235       0x40 build/default/production/_ext/341040409/osal_freertos.o
 .debug_str     0x00000275       0x16 build/default/production/_ext/23466643/sys_devcon.o
 .debug_str     0x0000028b        0x6 build/default/production/_ext/23466643/sys_devcon_pic32mx.o
 .debug_str     0x00000291       0x2d build/default/production/_ext/1667967065/sys_int_pic32.o
 .debug_str     0x000002be       0x1d build/default/production/_ext/1663225769/heap_1.o
 .debug_str     0x000002db       0x37 build/default/production/_ext/201381206/port.o
 .debug_str     0x00000312        0x0 build/default/production/_ext/357001740/croutine.o
 .debug_str     0x00000312       0x2b build/default/production/_ext/357001740/list.o
 .debug_str     0x0000033d       0xf1 build/default/production/_ext/357001740/queue.o
 .debug_str     0x0000042e      0x191 build/default/production/_ext/357001740/tasks.o
 .debug_str     0x000005bf        0x0 build/default/production/_ext/357001740/timers.o
 .debug_str     0x000005bf       0xe6 build/default/production/_ext/357001740/event_groups.o
 .debug_str     0x000006a5        0x0 /Applications/microchip/xc32/v1.42/bin/bin/../../lib/gcc/pic32mx/4.8.3/../../../../pic32mx/lib/libpic32.a(default-bootstrap-exception-handler.o)
 .debug_str     0x000006a5        0x0 /Applications/microchip/xc32/v1.42/bin/bin/../../lib/gcc/pic32mx/4.8.3/../../../../pic32mx/lib/libpic32.a(default-on-reset.o)
 .debug_str     0x000006a5        0x0 /Applications/microchip/xc32/v1.42/bin/bin/../../lib/gcc/pic32mx/4.8.3/../../../../pic32mx/lib/libpic32.a(default-on-bootstrap.o)
 .debug_str     0x000006a5        0x0 /Applications/microchip/xc32/v1.42/bin/bin/../../lib/gcc/pic32mx/4.8.3/../../../../pic32mx/lib/libpic32.a(defaultinterrupt.o)
 .debug_str     0x000006a5        0x0 /Applications/microchip/xc32/v1.42/bin/bin/../../lib/gcc/pic32mx/4.8.3/../../../../pic32mx/lib/libc.a(rand.o)

.debug_loc      0x00000000     0x55a5
 *(.debug_loc)
 .debug_loc     0x00000000      0x69f build/default/production/_ext/327000265/drv_usart_mapping.o
 .debug_loc     0x0000069f      0x575 build/default/production/_ext/327000265/drv_usart_static.o
 .debug_loc     0x00000c14       0x74 build/default/production/_ext/327000265/drv_usart_static_byte_model.o
 .debug_loc     0x00000c88       0x49 build/default/production/_ext/639803181/sys_clk_static.o
 .debug_loc     0x00000cd1      0xecf build/default/production/_ext/822048611/sys_ports_static.o
 .debug_loc     0x00001ba0       0x21 build/default/production/_ext/1688732426/system_init.o
 .debug_loc     0x00001bc1      0x112 build/default/production/_ext/1688732426/system_interrupt.o
 .debug_loc     0x00001cd3       0x34 build/default/production/_ext/1688732426/rtos_hooks.o
 .debug_loc     0x00001d07      0x517 build/default/production/_ext/1360937237/mainapp.o
 .debug_loc     0x0000221e       0x63 build/default/production/_ext/1360937237/uart_tx.o
 .debug_loc     0x00002281       0xa4 build/default/production/_ext/1360937237/uart_rx.o
 .debug_loc     0x00002325      0x40c build/default/production/_ext/341040409/osal_freertos.o
 .debug_loc     0x00002731       0xf0 build/default/production/_ext/23466643/sys_devcon.o
 .debug_loc     0x00002821       0xec build/default/production/_ext/23466643/sys_devcon_pic32mx.o
 .debug_loc     0x0000290d       0x8d build/default/production/_ext/1667967065/sys_int_pic32.o
 .debug_loc     0x0000299a       0x49 build/default/production/_ext/1663225769/heap_1.o
 .debug_loc     0x000029e3       0xea build/default/production/_ext/201381206/port.o
 .debug_loc     0x00002acd       0x31 build/default/production/_ext/357001740/list.o
 .debug_loc     0x00002afe      0xc93 build/default/production/_ext/357001740/queue.o
 .debug_loc     0x00003791     0x152a build/default/production/_ext/357001740/tasks.o
 .debug_loc     0x00004cbb      0x8ea build/default/production/_ext/357001740/event_groups.o

.debug_macinfo
 *(.debug_macinfo)

.debug_weaknames
 *(.debug_weaknames)

.debug_funcnames
 *(.debug_funcnames)

.debug_typenames
 *(.debug_typenames)

.debug_varnames
 *(.debug_varnames)

.debug_pubtypes
 *(.debug_pubtypes)

.debug_ranges   0x00000000      0x9d0
 *(.debug_ranges)
 .debug_ranges  0x00000000       0x98 build/default/production/_ext/327000265/drv_usart_mapping.o
 .debug_ranges  0x00000098       0x98 build/default/production/_ext/327000265/drv_usart_static.o
 .debug_ranges  0x00000130       0x38 build/default/production/_ext/327000265/drv_usart_static_byte_model.o
 .debug_ranges  0x00000168       0x40 build/default/production/_ext/639803181/sys_clk_static.o
 .debug_ranges  0x000001a8       0xf8 build/default/production/_ext/822048611/sys_ports_static.o
 .debug_ranges  0x000002a0       0x10 build/default/production/_ext/1688732426/system_init.o
 .debug_ranges  0x000002b0       0x98 build/default/production/_ext/1688732426/system_interrupt.o
 .debug_ranges  0x00000348       0x10 build/default/production/_ext/1688732426/system_exceptions.o
 .debug_ranges  0x00000358       0x30 build/default/production/_ext/1688732426/system_tasks.o
 .debug_ranges  0x00000388       0x20 build/default/production/_ext/1688732426/system_interrupt_a.o
 .debug_ranges  0x000003a8       0x18 build/default/production/_ext/1688732426/rtos_hooks.o
 .debug_ranges  0x000003c0       0x80 build/default/production/_ext/1360937237/mainapp.o
 .debug_ranges  0x00000440       0x30 build/default/production/_ext/1360937237/uart_tx.o
 .debug_ranges  0x00000470       0x38 build/default/production/_ext/1360937237/uart_rx.o
 .debug_ranges  0x000004a8       0x10 build/default/production/_ext/1360937237/main.o
 .debug_ranges  0x000004b8       0x78 build/default/production/_ext/341040409/osal_freertos.o
 .debug_ranges  0x00000530       0x68 build/default/production/_ext/23466643/sys_devcon.o
 .debug_ranges  0x00000598       0x10 build/default/production/_ext/23466643/sys_devcon_pic32mx.o
 .debug_ranges  0x000005a8       0x50 build/default/production/_ext/1667967065/sys_int_pic32.o
 .debug_ranges  0x000005f8       0x28 build/default/production/_ext/1663225769/heap_1.o
 .debug_ranges  0x00000620       0x48 build/default/production/_ext/201381206/port.o
 .debug_ranges  0x00000668       0x30 build/default/production/_ext/357001740/list.o
 .debug_ranges  0x00000698       0xa0 build/default/production/_ext/357001740/queue.o
 .debug_ranges  0x00000738      0x1a8 build/default/production/_ext/357001740/tasks.o
 .debug_ranges  0x000008e0       0x98 build/default/production/_ext/357001740/event_groups.o
 .debug_ranges  0x00000978       0x10 /Applications/microchip/xc32/v1.42/bin/bin/../../lib/gcc/pic32mx/4.8.3/../../../../pic32mx/lib/libpic32.a(default-bootstrap-exception-handler.o)
 .debug_ranges  0x00000988       0x10 /Applications/microchip/xc32/v1.42/bin/bin/../../lib/gcc/pic32mx/4.8.3/../../../../pic32mx/lib/libpic32.a(default-on-reset.o)
 .debug_ranges  0x00000998       0x10 /Applications/microchip/xc32/v1.42/bin/bin/../../lib/gcc/pic32mx/4.8.3/../../../../pic32mx/lib/libpic32.a(default-on-bootstrap.o)
 .debug_ranges  0x000009a8       0x10 /Applications/microchip/xc32/v1.42/bin/bin/../../lib/gcc/pic32mx/4.8.3/../../../../pic32mx/lib/libpic32.a(defaultinterrupt.o)
 .debug_ranges  0x000009b8       0x18 /Applications/microchip/xc32/v1.42/bin/bin/../../lib/gcc/pic32mx/4.8.3/../../../../pic32mx/lib/libc.a(rand.o)

.gnu.attributes
                0x00000000       0x10
 *(.gnu.attributes)
 .gnu.attributes
                0x00000000       0x10 build/default/production/_ext/327000265/drv_usart_mapping.o
 .gnu.attributes
                0x00000010       0x10 build/default/production/_ext/327000265/drv_usart_static.o
 .gnu.attributes
                0x00000020       0x10 build/default/production/_ext/327000265/drv_usart_static_byte_model.o
 .gnu.attributes
                0x00000030       0x10 build/default/production/_ext/639803181/sys_clk_static.o
 .gnu.attributes
                0x00000040       0x10 build/default/production/_ext/822048611/sys_ports_static.o
 .gnu.attributes
                0x00000050       0x10 build/default/production/_ext/1688732426/system_init.o
 .gnu.attributes
                0x00000060       0x10 build/default/production/_ext/1688732426/system_interrupt.o
 .gnu.attributes
                0x00000070       0x10 build/default/production/_ext/1688732426/system_exceptions.o
 .gnu.attributes
                0x00000080       0x10 build/default/production/_ext/1688732426/system_tasks.o
 .gnu.attributes
                0x00000090       0x10 build/default/production/_ext/1688732426/rtos_hooks.o
 .gnu.attributes
                0x000000a0       0x10 build/default/production/_ext/1360937237/mainapp.o
 .gnu.attributes
                0x000000b0       0x10 build/default/production/_ext/1360937237/uart_tx.o
 .gnu.attributes
                0x000000c0       0x10 build/default/production/_ext/1360937237/uart_rx.o
 .gnu.attributes
                0x000000d0       0x10 build/default/production/_ext/1360937237/main.o
 .gnu.attributes
                0x000000e0       0x10 build/default/production/_ext/341040409/osal_freertos.o
 .gnu.attributes
                0x000000f0       0x10 build/default/production/_ext/23466643/sys_devcon.o
 .gnu.attributes
                0x00000100       0x10 build/default/production/_ext/23466643/sys_devcon_pic32mx.o
 .gnu.attributes
                0x00000110       0x10 build/default/production/_ext/1667967065/sys_int_pic32.o
 .gnu.attributes
                0x00000120       0x10 build/default/production/_ext/1663225769/heap_1.o
 .gnu.attributes
                0x00000130       0x10 build/default/production/_ext/201381206/port.o
 .gnu.attributes
                0x00000140       0x10 build/default/production/_ext/357001740/croutine.o
 .gnu.attributes
                0x00000150       0x10 build/default/production/_ext/357001740/list.o
 .gnu.attributes
                0x00000160       0x10 build/default/production/_ext/357001740/queue.o
 .gnu.attributes
                0x00000170       0x10 build/default/production/_ext/357001740/tasks.o
 .gnu.attributes
                0x00000180       0x10 build/default/production/_ext/357001740/timers.o
 .gnu.attributes
                0x00000190       0x10 build/default/production/_ext/357001740/event_groups.o
 .gnu.attributes
                0x000001a0       0x10 /Applications/microchip/xc32/v1.42/bin/bin/../../lib/gcc/pic32mx/4.8.3/../../../../pic32mx/lib/libpic32.a(default-bootstrap-exception-handler.o)
 .gnu.attributes
                0x000001b0       0x10 /Applications/microchip/xc32/v1.42/bin/bin/../../lib/gcc/pic32mx/4.8.3/../../../../pic32mx/lib/libpic32.a(default-on-reset.o)
 .gnu.attributes
                0x000001c0       0x10 /Applications/microchip/xc32/v1.42/bin/bin/../../lib/gcc/pic32mx/4.8.3/../../../../pic32mx/lib/libpic32.a(default-on-bootstrap.o)
 .gnu.attributes
                0x000001d0       0x10 /Applications/microchip/xc32/v1.42/bin/bin/../../lib/gcc/pic32mx/4.8.3/../../../../pic32mx/lib/libpic32.a(defaultinterrupt.o)
 .gnu.attributes
                0x000001e0       0x10 /Applications/microchip/xc32/v1.42/bin/bin/../../lib/gcc/pic32mx/4.8.3/../../../../pic32mx/lib/libc.a(rand.o)
LOAD /Applications/microchip/xc32/v1.42/bin/bin/../../lib/gcc/pic32mx/4.8.3/libgcc.a
START GROUP
LOAD /Applications/microchip/xc32/v1.42/bin/bin/../../lib/gcc/pic32mx/4.8.3/../../../../pic32mx/lib/libpic32.a
LOAD /Applications/microchip/xc32/v1.42/bin/bin/../../lib/gcc/pic32mx/4.8.3/../../../../pic32mx/lib/libdebug.a
LOAD /Applications/microchip/xc32/v1.42/bin/bin/../../lib/gcc/pic32mx/4.8.3/../../../../pic32mx/lib/libpic32.a
LOAD /Applications/microchip/xc32/v1.42/bin/bin/../../lib/gcc/pic32mx/4.8.3/../../../../pic32mx/lib/libm.a
LOAD /Applications/microchip/xc32/v1.42/bin/bin/../../lib/gcc/pic32mx/4.8.3/../../../../pic32mx/lib/libe.a
LOAD /Applications/microchip/xc32/v1.42/bin/bin/../../lib/gcc/pic32mx/4.8.3/../../../../pic32mx/lib/libdsp.a
LOAD /Applications/microchip/xc32/v1.42/bin/bin/../../lib/gcc/pic32mx/4.8.3/libgcc.a
LOAD /Applications/microchip/xc32/v1.42/bin/bin/../../lib/gcc/pic32mx/4.8.3/../../../../pic32mx/lib/libc.a
LOAD /Applications/microchip/xc32/v1.42/bin/bin/../../lib/gcc/pic32mx/4.8.3/../../../../pic32mx/lib/libc.a
LOAD /Applications/microchip/xc32/v1.42/bin/bin/../../lib/gcc/pic32mx/4.8.3/../../../../pic32mx/lib/libpic32.a
END GROUP
LOAD /Applications/microchip/xc32/v1.42/bin/bin/../../lib/gcc/pic32mx/4.8.3/libgcc.a
OUTPUT(dist/default/production/GhostControl.X.production.elf elf32-tradlittlemips)
LOAD stack
LOAD data_init

.reginfo        0x00000000       0x18
 .reginfo       0x00000000       0x18 /Applications/microchip/xc32/v1.42/bin/bin/../../lib/gcc/pic32mx/4.8.3/../../../../pic32mx/lib/./proc/32MX795F512L/crt0_mips32r2.o

.stack          0xa000cfc0      0x400
 .stack         0xa000cfc0      0x400 stack

.bss            0xa0000084     0xcf08
 .bss           0xa0000084     0xc800 build/default/production/_ext/1663225769/heap_1.o
 .bss           0xa000c884      0x640 build/default/production/_ext/201381206/port.o
                0xa000c884                xISRStack
 .bss           0xa000cec4       0xc8 build/default/production/_ext/357001740/tasks.o

.bss            0xa000cf90       0x10
 .bss           0xa000cf90       0x10 /Applications/microchip/xc32/v1.42/bin/bin/../../lib/gcc/pic32mx/4.8.3/../../../../pic32mx/lib/libc.a(rand.o)

._debug_exception
                0xbfc00480       0x2c
 ._debug_exception
                0xbfc00480       0x2c /Applications/microchip/xc32/v1.42/bin/bin/../../lib/gcc/pic32mx/4.8.3/../../../../pic32mx/lib/debug-exception-return.o
                0xbfc00480                __DbgExecReturn

.text           0x9d000000      0x454
 .text          0x9d000000      0x454 build/default/production/_ext/201381206/port_asm.o
                0x9d000000                vPortTickInterruptHandler
                0x9d0001ac                vPortStartFirstTask
                0x9d000274                vPortYieldISR

.text.xTaskGenericCreate
                0x9d000454      0x2e0
 .text.xTaskGenericCreate
                0x9d000454      0x2e0 build/default/production/_ext/357001740/tasks.o
                0x9d000454                xTaskGenericCreate

.text.pickDirection
                0x9d000734      0x2a8
 .text.pickDirection
                0x9d000734      0x2a8 build/default/production/_ext/1360937237/mainapp.o
                0x9d000734                pickDirection

.text.xQueueGenericReceive
                0x9d0009dc      0x24c
 .text.xQueueGenericReceive
                0x9d0009dc      0x24c build/default/production/_ext/357001740/queue.o
                0x9d0009dc                xQueueGenericReceive

.text.MAINAPP_Tasks
                0x9d000c28      0x20c
 .text.MAINAPP_Tasks
                0x9d000c28      0x20c build/default/production/_ext/1360937237/mainapp.o
                0x9d000c28                MAINAPP_Tasks

.text.xQueueGenericSend
                0x9d000e34      0x208
 .text.xQueueGenericSend
                0x9d000e34      0x208 build/default/production/_ext/357001740/queue.o
                0x9d000e34                xQueueGenericSend

.DrvUsartInstance0_vector_text
                0x9d00103c      0x1b4
 .DrvUsartInstance0_vector_text
                0x9d00103c      0x1b4 build/default/production/_ext/1688732426/system_interrupt_a.o

.text.pickAction
                0x9d0011f0      0x1a4
 .text.pickAction
                0x9d0011f0      0x1a4 build/default/production/_ext/1360937237/mainapp.o
                0x9d0011f0                pickAction

.text.xTaskIncrementTick
                0x9d001394      0x19c
 .text.xTaskIncrementTick
                0x9d001394      0x19c build/default/production/_ext/357001740/tasks.o
                0x9d001394                xTaskIncrementTick

.text.DRV_USART0_Initialize
                0x9d001530      0x174
 .text.DRV_USART0_Initialize
                0x9d001530      0x174 build/default/production/_ext/327000265/drv_usart_static.o
                0x9d001530                DRV_USART0_Initialize

.text           0x9d0016a4      0x168
 .text          0x9d0016a4      0x168 /Applications/microchip/xc32/v1.42/bin/bin/../../lib/gcc/pic32mx/4.8.3/../../../../pic32mx/lib/libpic32.a(memcpy.o)
                0x9d0016a4                memcpy

.text.xTaskResumeAll
                0x9d00180c      0x154
 .text.xTaskResumeAll
                0x9d00180c      0x154 build/default/production/_ext/357001740/tasks.o
                0x9d00180c                xTaskResumeAll

.text.initMap   0x9d001960      0x14c
 .text.initMap  0x9d001960      0x14c build/default/production/_ext/1360937237/mainapp.o
                0x9d001960                initMap

.text.vTaskPriorityInherit
                0x9d001aac      0x12c
 .text.vTaskPriorityInherit
                0x9d001aac      0x12c build/default/production/_ext/357001740/tasks.o
                0x9d001aac                vTaskPriorityInherit

.rodata         0x9d001bd8      0x128
 .rodata        0x9d001bd8      0x128 build/default/production/_ext/1688732426/system_exceptions.o

.text.prvUnlockQueue
                0x9d001d00      0x104
 .text.prvUnlockQueue
                0x9d001d00      0x104 build/default/production/_ext/357001740/queue.o

.text.IntHandlerDrvUsartInstance0
                0x9d001e04       0xfc
 .text.IntHandlerDrvUsartInstance0
                0x9d001e04       0xfc build/default/production/_ext/1688732426/system_interrupt.o
                0x9d001e04                IntHandlerDrvUsartInstance0

.text.prvCopyDataToQueue
                0x9d001f00       0xfc
 .text.prvCopyDataToQueue
                0x9d001f00       0xfc build/default/production/_ext/357001740/queue.o

.text.xTaskPriorityDisinherit
                0x9d001ffc       0xf8
 .text.xTaskPriorityDisinherit
                0x9d001ffc       0xf8 build/default/production/_ext/357001740/tasks.o
                0x9d001ffc                xTaskPriorityDisinherit

.text.filterAndSend
                0x9d0020f4       0xe8
 .text.filterAndSend
                0x9d0020f4       0xe8 build/default/production/_ext/1360937237/uart_rx.o
                0x9d0020f4                filterAndSend

.text.xQueueGenericSendFromISR
                0x9d0021dc       0xe8
 .text.xQueueGenericSendFromISR
                0x9d0021dc       0xe8 build/default/production/_ext/357001740/queue.o
                0x9d0021dc                xQueueGenericSendFromISR

.text.vTaskSwitchContext
                0x9d0022c4       0xe0
 .text.vTaskSwitchContext
                0x9d0022c4       0xe0 build/default/production/_ext/357001740/tasks.o
                0x9d0022c4                vTaskSwitchContext

.text.SYS_DEVCON_PerformanceConfig
                0x9d0023a4       0xdc
 .text.SYS_DEVCON_PerformanceConfig
                0x9d0023a4       0xdc build/default/production/_ext/23466643/sys_devcon_pic32mx.o
                0x9d0023a4                SYS_DEVCON_PerformanceConfig

.text.general_exception
                0x9d002480       0xdc
 .text.general_exception
                0x9d002480       0xdc /Applications/microchip/xc32/v1.42/bin/bin/../../lib/gcc/pic32mx/4.8.3/../../../../pic32mx/lib/libpic32.a(general-exception.o)
                0x9d002480                _general_exception_context

.text.SYS_Tasks
                0x9d00255c       0xd8
 .text.SYS_Tasks
                0x9d00255c       0xd8 build/default/production/_ext/1688732426/system_tasks.o
                0x9d00255c                SYS_Tasks

.text.xQueueReceiveFromISR
                0x9d002634       0xd4
 .text.xQueueReceiveFromISR
                0x9d002634       0xd4 build/default/production/_ext/357001740/queue.o
                0x9d002634                xQueueReceiveFromISR

.text.xQueueGenericReset
                0x9d002708       0xc4
 .text.xQueueGenericReset
                0x9d002708       0xc4 build/default/production/_ext/357001740/queue.o
                0x9d002708                xQueueGenericReset

.text.pvPortMalloc
                0x9d0027cc       0xbc
 .text.pvPortMalloc
                0x9d0027cc       0xbc build/default/production/_ext/1663225769/heap_1.o
                0x9d0027cc                pvPortMalloc

.text.xTaskRemoveFromEventList
                0x9d002888       0xbc
 .text.xTaskRemoveFromEventList
                0x9d002888       0xbc build/default/production/_ext/357001740/tasks.o
                0x9d002888                xTaskRemoveFromEventList

.text.prvIdleTask
                0x9d002944       0xb4
 .text.prvIdleTask
                0x9d002944       0xb4 build/default/production/_ext/357001740/tasks.o

.text.SYS_Initialize
                0x9d0029f8       0xb0
 .text.SYS_Initialize
                0x9d0029f8       0xb0 build/default/production/_ext/1688732426/system_init.o
                0x9d0029f8                SYS_Initialize

.text.updateGhostPosition
                0x9d002aa8       0xa8
 .text.updateGhostPosition
                0x9d002aa8       0xa8 build/default/production/_ext/1360937237/mainapp.o
                0x9d002aa8                updateGhostPosition

.text.sendMessageToBuffer
                0x9d002b50       0xa8
 .text.sendMessageToBuffer
                0x9d002b50       0xa8 build/default/production/_ext/1360937237/uart_tx.o
                0x9d002b50                sendMessageToBuffer

.text           0x9d002bf8       0xa8
 .text          0x9d002bf8       0xa8 /Applications/microchip/xc32/v1.42/bin/bin/../../lib/gcc/pic32mx/4.8.3/../../../../pic32mx/lib/libpic32.a(memset.o)
                0x9d002bf8                memset

.text.xTaskCheckForTimeOut
                0x9d002ca0       0xa0
 .text.xTaskCheckForTimeOut
                0x9d002ca0       0xa0 build/default/production/_ext/357001740/tasks.o
                0x9d002ca0                xTaskCheckForTimeOut

.text.UART_RX_Tasks
                0x9d002d40       0x98
 .text.UART_RX_Tasks
                0x9d002d40       0x98 build/default/production/_ext/1360937237/uart_rx.o
                0x9d002d40                UART_RX_Tasks

.text.xQueueGenericCreate
                0x9d002dd8       0x94
 .text.xQueueGenericCreate
                0x9d002dd8       0x94 build/default/production/_ext/357001740/queue.o
                0x9d002dd8                xQueueGenericCreate

.text.vTaskPlaceOnEventList
                0x9d002e6c       0x94
 .text.vTaskPlaceOnEventList
                0x9d002e6c       0x94 build/default/production/_ext/357001740/tasks.o
                0x9d002e6c                vTaskPlaceOnEventList

.text.rand      0x9d002f00       0x8c
 .text.rand     0x9d002f00       0x8c /Applications/microchip/xc32/v1.42/bin/bin/../../lib/gcc/pic32mx/4.8.3/../../../../pic32mx/lib/libc.a(rand.o)
                0x9d002f00                rand

.text.vTaskStartScheduler
                0x9d002f8c       0x84
 .text.vTaskStartScheduler
                0x9d002f8c       0x84 build/default/production/_ext/357001740/tasks.o
                0x9d002f8c                vTaskStartScheduler

.text.stringToMessage
                0x9d003010       0x80
 .text.stringToMessage
                0x9d003010       0x80 build/default/production/_ext/1360937237/uart_rx.o
                0x9d003010                stringToMessage

.text.xQueueCreateMutex
                0x9d003090       0x80
 .text.xQueueCreateMutex
                0x9d003090       0x80 build/default/production/_ext/357001740/queue.o
                0x9d003090                xQueueCreateMutex

.dinit          0x9d003110       0x80
 .dinit         0x9d003110       0x80 data_init

.text.prvAddCurrentTaskToDelayedList
                0x9d003190       0x70
 .text.prvAddCurrentTaskToDelayedList
                0x9d003190       0x70 build/default/production/_ext/357001740/tasks.o

.text.sendDebugMessage
                0x9d003200       0x6c
 .text.sendDebugMessage
                0x9d003200       0x6c build/default/production/_ext/1360937237/mainapp.o
                0x9d003200                sendDebugMessage

.text.vApplicationSetupTickTimerInterrupt
                0x9d00326c       0x6c
 .text.vApplicationSetupTickTimerInterrupt
                0x9d00326c       0x6c build/default/production/_ext/201381206/port.o
                0x9d00326c                vApplicationSetupTickTimerInterrupt

.text.vTaskExitCritical
                0x9d0032d8       0x68
 .text.vTaskExitCritical
                0x9d0032d8       0x68 build/default/production/_ext/357001740/tasks.o
                0x9d0032d8                vTaskExitCritical

.text.sendGameOverMessage
                0x9d003340       0x64
 .text.sendGameOverMessage
                0x9d003340       0x64 build/default/production/_ext/1360937237/mainapp.o
                0x9d003340                sendGameOverMessage

.text.sendCommandMessage
                0x9d0033a4       0x5c
 .text.sendCommandMessage
                0x9d0033a4       0x5c build/default/production/_ext/1360937237/mainapp.o
                0x9d0033a4                sendCommandMessage

.text.xPortStartScheduler
                0x9d003400       0x5c
 .text.xPortStartScheduler
                0x9d003400       0x5c build/default/production/_ext/201381206/port.o
                0x9d003400                xPortStartScheduler

.text.vListInsert
                0x9d00345c       0x5c
 .text.vListInsert
                0x9d00345c       0x5c build/default/production/_ext/357001740/list.o
                0x9d00345c                vListInsert

.text.SYS_CLK_Initialize
                0x9d0034b8       0x58
 .text.SYS_CLK_Initialize
                0x9d0034b8       0x58 build/default/production/_ext/639803181/sys_clk_static.o
                0x9d0034b8                SYS_CLK_Initialize

.text.SYS_DEVCON_SystemUnlock
                0x9d003510       0x58
 .text.SYS_DEVCON_SystemUnlock
                0x9d003510       0x58 build/default/production/_ext/23466643/sys_devcon.o
                0x9d003510                SYS_DEVCON_SystemUnlock

.text.main_entry
                0x9d003568       0x54
 .text.main_entry
                0x9d003568       0x54 /Applications/microchip/xc32/v1.42/bin/bin/../../lib/gcc/pic32mx/4.8.3/../../../../pic32mx/lib/./proc/32MX795F512L/crt0_mips32r2.o
                0x9d00359c                __crt0_exit

.text.pxPortInitialiseStack
                0x9d0035bc       0x54
 .text.pxPortInitialiseStack
                0x9d0035bc       0x54 build/default/production/_ext/201381206/port.o
                0x9d0035bc                pxPortInitialiseStack

.text.vPortIncrementTick
                0x9d003610       0x54
 .text.vPortIncrementTick
                0x9d003610       0x54 build/default/production/_ext/201381206/port.o
                0x9d003610                vPortIncrementTick

.text.prvCopyDataFromQueue
                0x9d003664       0x50
 .text.prvCopyDataFromQueue
                0x9d003664       0x50 build/default/production/_ext/357001740/queue.o

.text.vTaskEnterCritical
                0x9d0036b4       0x50
 .text.vTaskEnterCritical
                0x9d0036b4       0x50 build/default/production/_ext/357001740/tasks.o
                0x9d0036b4                vTaskEnterCritical

.text.SYS_DEVCON_SystemLock
                0x9d003704       0x48
 .text.SYS_DEVCON_SystemLock
                0x9d003704       0x48 build/default/production/_ext/23466643/sys_devcon.o
                0x9d003704                SYS_DEVCON_SystemLock

.text._bootstrap_exception_handler
                0x9d00374c       0x48
 .text._bootstrap_exception_handler
                0x9d00374c       0x48 /Applications/microchip/xc32/v1.42/bin/bin/../../lib/gcc/pic32mx/4.8.3/../../../../pic32mx/lib/libpic32.a(default-bootstrap-exception-handler.o)
                0x9d00374c                _bootstrap_exception_handler

.vector_default
                0x9d003794       0x48
 .vector_default
                0x9d003794       0x48 /Applications/microchip/xc32/v1.42/bin/bin/../../lib/gcc/pic32mx/4.8.3/../../../../pic32mx/lib/libpic32.a(defaultinterrupt.o)
                0x9d003794                _DefaultInterrupt

.text.uxListRemove
                0x9d0037dc       0x44
 .text.uxListRemove
                0x9d0037dc       0x44 build/default/production/_ext/357001740/list.o
                0x9d0037dc                uxListRemove

.text           0x9d003820       0x44
 .text          0x9d003820       0x44 /Applications/microchip/xc32/v1.42/bin/bin/../../lib/gcc/pic32mx/4.8.3/../../../../pic32mx/lib/pic32_software_reset.o
                0x9d003820                __pic32_software_reset

.text.SYS_PORTS_Initialize
                0x9d003864       0x40
 .text.SYS_PORTS_Initialize
                0x9d003864       0x40 build/default/production/_ext/822048611/sys_ports_static.o
                0x9d003864                SYS_PORTS_Initialize

.text._general_exception_handler
                0x9d0038a4       0x40
 .text._general_exception_handler
                0x9d0038a4       0x40 build/default/production/_ext/1688732426/system_exceptions.o
                0x9d0038a4                _general_exception_handler

.text.sendToTXBufferQueue
                0x9d0038e4       0x3c
 .text.sendToTXBufferQueue
                0x9d0038e4       0x3c build/default/production/_ext/1688732426/system_interrupt.o
                0x9d0038e4                sendToTXBufferQueue

.rodata         0x9d003920       0x3c
 .rodata        0x9d003920       0x3c build/default/production/_ext/1688732426/system_tasks.o

.text.UART_TX_Tasks
                0x9d00395c       0x3c
 .text.UART_TX_Tasks
                0x9d00395c       0x3c build/default/production/_ext/1360937237/uart_tx.o
                0x9d00395c                UART_TX_Tasks

.text.OSAL_MUTEX_Create
                0x9d003998       0x3c
 .text.OSAL_MUTEX_Create
                0x9d003998       0x3c build/default/production/_ext/341040409/osal_freertos.o
                0x9d003998                OSAL_MUTEX_Create

.text.uxPortSetInterruptMaskFromISR
                0x9d0039d4       0x3c
 .text.uxPortSetInterruptMaskFromISR
                0x9d0039d4       0x3c build/default/production/_ext/201381206/port.o